Log file created at: 2022/02/09 08:17:56
Running on machine: 3b2ab1d574b6
Running duration (h:mm:ss): 0:00:00
Log line format: [IWEF]yyyymmdd hh:mm:ss.uuuuuu threadid file:line] msg
I20220209 08:17:56.689234  5402 global.h:36] NewGlobal N7oneflow7EnvDescE
I20220209 08:17:56.689453  5402 global.h:36] NewGlobal N7oneflow10ProcessCtxE
I20220209 08:17:56.689468  5402 env_global_objects_scope.cpp:163] using rpc backend: local
I20220209 08:17:56.801661  5402 global.h:36] NewGlobal N7oneflow12ResourceDescE
I20220209 08:17:56.801713  5402 global.h:36] NewGlobal N7oneflow12ResourceDescE
I20220209 08:17:56.914237  5402 global.h:36] NewGlobal N7oneflow2ep21DeviceManagerRegistryE
I20220209 08:17:56.914305  5402 global.h:36] NewGlobal N7oneflow10ThreadPoolE
I20220209 08:17:56.917330  5402 global.h:36] NewGlobal N7oneflow16EagerNcclCommMgrE
I20220209 08:17:56.917363  5402 global.h:36] NewGlobal N7oneflow18CudnnConvAlgoCacheE
I20220209 08:17:56.917383  5402 global.h:36] NewGlobal N7oneflow2vm19VirtualMachineScopeE
I20220209 08:17:56.917407  5402 global.h:36] NewGlobal N7oneflow14VirtualMachineE
I20220209 08:17:56.918114  5402 virtual_machine.cpp:81] transport stream type: N7oneflow2vm13CpuStreamTypeE
I20220209 08:17:56.918144  5402 virtual_machine.cpp:81] transport stream type: N7oneflow2vm14CudaStreamTypeE
I20220209 08:17:56.918164  5402 virtual_machine.cpp:81] transport stream type: N7oneflow2vm19AsyncCudaStreamTypeE
I20220209 08:17:56.918354  5402 global.h:36] NewGlobal N7oneflow27EagerJobBuildAndInferCtxMgrE
I20220209 08:17:56.918382  5402 global.h:36] NewGlobal N7oneflow12EpollCommNetE
I20220209 08:17:56.918746  5402 epoll_comm_network.cpp:63] CommNet:Epoll listening on 0.0.0.0:43587
I20220209 08:17:56.918807  5402 epoll_comm_network.cpp:197] machine 0 sockfd -1
I20220209 08:17:56.919052  5402 global.h:36] NewGlobal N7oneflow9TransportE
I20220209 08:17:56.919183  5402 global.h:43] DeleteGlobal N7oneflow17ForeignLockHelperE
I20220209 08:17:56.919322  5402 global.h:36] NewGlobal N7oneflow25MultiClientSessionContextE
I20220209 08:18:03.747843  5402 version.cpp:22] OneFlow git version: c80469ba
I20220209 08:18:03.747913  5402 cuda_device_manager_factory.cpp:63] CUDA runtime version: 10.2
I20220209 08:18:03.747933  5402 cuda_device_manager_factory.cpp:72] cuDNN version: 7.6.5
I20220209 08:18:03.747951  5402 cuda_device_manager_factory.cpp:85] NCCL version: 2.11.4
I20220209 08:18:03.747999  5402 global.h:43] DeleteGlobal N7oneflow12ResourceDescE
I20220209 08:18:03.748013  5402 global.h:36] NewGlobal N7oneflow12ResourceDescE
I20220209 08:18:03.748025  5402 global.h:36] NewGlobal N7oneflow5IDMgrE
I20220209 08:18:03.748035  5402 global.h:36] NewGlobal N7oneflow22TaskStreamIndexManagerE
I20220209 08:18:03.748046  5402 global.h:36] NewGlobal N7oneflow26LazyJobBuildAndInferCtxMgrE
I20220209 08:18:03.748056  5402 global.h:36] NewGlobal N7oneflow9BufferMgrISt10shared_ptrINS_11JobInstanceEEEE
I20220209 08:18:03.748065  5402 global.h:36] NewGlobal N7oneflow9BufferMgrISt10shared_ptrINS_23CriticalSectionInstanceEEEE
I20220209 08:18:03.748075  5402 global.h:36] NewGlobal N7oneflow10RuntimeCtxE
I20220209 08:18:03.748082  5402 global.h:36] NewGlobal N7oneflow15MemoryAllocatorE
I20220209 08:18:03.748091  5402 global.h:36] NewGlobal N7oneflow8ChunkMgrE
I20220209 08:18:03.748100  5402 global.h:36] NewGlobal N7oneflow8RegstMgrE
I20220209 08:18:03.748109  5402 global.h:36] NewGlobal N7oneflow11ActorMsgBusE
I20220209 08:18:03.748117  5402 global.h:36] NewGlobal N7oneflow9ThreadMgrE
I20220209 08:18:03.748126  5402 global.h:36] NewGlobal N7oneflow15RuntimeJobDescsE
I20220209 08:18:03.748134  5402 global.h:36] NewGlobal N7oneflow7summary12EventsWriterE
I20220209 08:18:03.748145  5402 global.h:36] NewGlobal N7oneflow6boxing10collective9SchedulerE
I20220209 08:18:03.809582  5402 global.h:36] NewGlobal N7oneflow7JobDescE
I20220209 08:18:04.367285  5402 global.h:43] DeleteGlobal N7oneflow7JobDescE
I20220209 08:18:04.367384  5402 global.h:36] NewGlobal N7oneflow7JobDescE
I20220209 08:18:04.380380  5402 global.h:36] NewGlobal N7oneflow7OpGraphE
I20220209 08:18:04.405328  5402 global.h:43] DeleteGlobal N7oneflow7OpGraphE
I20220209 08:18:04.498873  5402 auto_mixed_precision.cpp:146] Insert CastOp: model.backbone.layer3.0.conv1.weight-out-cast_f2h between model.backbone.layer3.0.conv1.weight/out
I20220209 08:18:04.499033  5402 auto_mixed_precision.cpp:146] Insert CastOp: model.backbone.layer3.4.conv2.weight-out-cast_f2h between model.backbone.layer3.4.conv2.weight/out
I20220209 08:18:04.499202  5402 auto_mixed_precision.cpp:146] Insert CastOp: model.backbone.layer3.4.conv1.weight-out-cast_f2h between model.backbone.layer3.4.conv1.weight/out
I20220209 08:18:04.499364  5402 auto_mixed_precision.cpp:146] Insert CastOp: model.backbone.layer4.2.conv2.weight-out-cast_f2h between model.backbone.layer4.2.conv2.weight/out
I20220209 08:18:04.499449  5402 auto_mixed_precision.cpp:146] Insert CastOp: model.backbone.layer3.12.conv1.weight-out-cast_f2h between model.backbone.layer3.12.conv1.weight/out
I20220209 08:18:04.499562  5402 auto_mixed_precision.cpp:146] Insert CastOp: model.backbone.layer3.13.conv2.weight-out-cast_f2h between model.backbone.layer3.13.conv2.weight/out
I20220209 08:18:04.499670  5402 auto_mixed_precision.cpp:146] Insert CastOp: model.backbone.layer3.1.conv2.weight-out-cast_f2h between model.backbone.layer3.1.conv2.weight/out
I20220209 08:18:04.499752  5402 auto_mixed_precision.cpp:146] Insert CastOp: model.backbone.layer3.1.conv1.weight-out-cast_f2h between model.backbone.layer3.1.conv1.weight/out
I20220209 08:18:04.499962  5402 auto_mixed_precision.cpp:146] Insert CastOp: model.backbone.layer1.2.conv2.weight-out-cast_f2h between model.backbone.layer1.2.conv2.weight/out
I20220209 08:18:04.500074  5402 auto_mixed_precision.cpp:146] Insert CastOp: model.backbone.layer3.5.conv1.weight-out-cast_f2h between model.backbone.layer3.5.conv1.weight/out
I20220209 08:18:04.500156  5402 auto_mixed_precision.cpp:146] Insert CastOp: model.backbone.layer3.9.conv2.weight-out-cast_f2h between model.backbone.layer3.9.conv2.weight/out
I20220209 08:18:04.500277  5402 auto_mixed_precision.cpp:146] Insert CastOp: model.fc-l2_normalize-184-y_0-cast_f2h between model.fc-l2_normalize-184/y_0
I20220209 08:18:04.500382  5402 auto_mixed_precision.cpp:146] Insert CastOp: model.backbone.layer2.3.conv1.weight-out-cast_f2h between model.backbone.layer2.3.conv1.weight/out
I20220209 08:18:04.500620  5402 auto_mixed_precision.cpp:146] Insert CastOp: model.backbone.layer2.1.conv2.weight-out-cast_f2h between model.backbone.layer2.1.conv2.weight/out
I20220209 08:18:04.500689  5402 auto_mixed_precision.cpp:146] Insert CastOp: model.backbone.layer2.3.conv2.weight-out-cast_f2h between model.backbone.layer2.3.conv2.weight/out
I20220209 08:18:04.500785  5402 auto_mixed_precision.cpp:146] Insert CastOp: model.backbone.layer3.5.conv2.weight-out-cast_f2h between model.backbone.layer3.5.conv2.weight/out
I20220209 08:18:04.500952  5402 auto_mixed_precision.cpp:146] Insert CastOp: model.backbone.layer3.11.conv2.weight-out-cast_f2h between model.backbone.layer3.11.conv2.weight/out
I20220209 08:18:04.501039  5402 auto_mixed_precision.cpp:146] Insert CastOp: model.backbone.layer1.1.conv2.weight-out-cast_f2h between model.backbone.layer1.1.conv2.weight/out
I20220209 08:18:04.501107  5402 auto_mixed_precision.cpp:146] Insert CastOp: model.backbone.layer2.0.conv2.weight-out-cast_f2h between model.backbone.layer2.0.conv2.weight/out
I20220209 08:18:04.501230  5402 auto_mixed_precision.cpp:146] Insert CastOp: model.backbone.layer3.8.conv1.weight-out-cast_f2h between model.backbone.layer3.8.conv1.weight/out
I20220209 08:18:04.501510  5402 auto_mixed_precision.cpp:146] Insert CastOp: model.backbone.layer3.0.conv2.weight-out-cast_f2h between model.backbone.layer3.0.conv2.weight/out
I20220209 08:18:04.501691  5402 auto_mixed_precision.cpp:146] Insert CastOp: model.backbone.layer3.0.downsample.0.weight-out-cast_f2h between model.backbone.layer3.0.downsample.0.weight/out
I20220209 08:18:04.502133  5402 auto_mixed_precision.cpp:146] Insert CastOp: model.backbone.layer3.8.conv2.weight-out-cast_f2h between model.backbone.layer3.8.conv2.weight/out
I20220209 08:18:04.502365  5402 auto_mixed_precision.cpp:146] Insert CastOp: model.backbone.layer1.1.conv1.weight-out-cast_f2h between model.backbone.layer1.1.conv1.weight/out
I20220209 08:18:04.502529  5402 auto_mixed_precision.cpp:146] Insert CastOp: model.backbone.layer3.10.conv1.weight-out-cast_f2h between model.backbone.layer3.10.conv1.weight/out
I20220209 08:18:04.502687  5402 auto_mixed_precision.cpp:146] Insert CastOp: model.backbone.fc.weight-out-cast_f2h between model.backbone.fc.weight/out
I20220209 08:18:04.502811  5402 auto_mixed_precision.cpp:146] Insert CastOp: model.backbone.layer2.0.downsample.0.weight-out-cast_f2h between model.backbone.layer2.0.downsample.0.weight/out
I20220209 08:18:04.502996  5402 auto_mixed_precision.cpp:146] Insert CastOp: model.backbone.layer4.0.downsample.0.weight-out-cast_f2h between model.backbone.layer4.0.downsample.0.weight/out
I20220209 08:18:04.503134  5402 auto_mixed_precision.cpp:146] Insert CastOp: model.backbone.layer1.0.downsample.0.weight-out-cast_f2h between model.backbone.layer1.0.downsample.0.weight/out
I20220209 08:18:04.503361  5402 auto_mixed_precision.cpp:146] Insert CastOp: model.backbone.layer2.1.conv1.weight-out-cast_f2h between model.backbone.layer2.1.conv1.weight/out
I20220209 08:18:04.503523  5402 auto_mixed_precision.cpp:146] Insert CastOp: model.backbone.layer3.7.conv2.weight-out-cast_f2h between model.backbone.layer3.7.conv2.weight/out
I20220209 08:18:04.503794  5402 auto_mixed_precision.cpp:146] Insert CastOp: model.backbone.layer3.11.conv1.weight-out-cast_f2h between model.backbone.layer3.11.conv1.weight/out
I20220209 08:18:04.503921  5402 auto_mixed_precision.cpp:146] Insert CastOp: model.backbone.layer4.2.conv1.weight-out-cast_f2h between model.backbone.layer4.2.conv1.weight/out
I20220209 08:18:04.504065  5402 auto_mixed_precision.cpp:146] Insert CastOp: model.backbone.layer4.0.conv1.weight-out-cast_f2h between model.backbone.layer4.0.conv1.weight/out
I20220209 08:18:04.504161  5402 auto_mixed_precision.cpp:146] Insert CastOp: model.backbone.layer4.0.conv2.weight-out-cast_f2h between model.backbone.layer4.0.conv2.weight/out
I20220209 08:18:04.504319  5402 auto_mixed_precision.cpp:146] Insert CastOp: model.backbone.layer3.7.conv1.weight-out-cast_f2h between model.backbone.layer3.7.conv1.weight/out
I20220209 08:18:04.504410  5402 auto_mixed_precision.cpp:146] Insert CastOp: model.fc-l2_normalize-185-y_0-cast_f2h between model.fc-l2_normalize-185/y_0
I20220209 08:18:04.504531  5402 auto_mixed_precision.cpp:146] Insert CastOp: model.backbone.layer3.12.conv2.weight-out-cast_f2h between model.backbone.layer3.12.conv2.weight/out
I20220209 08:18:04.504801  5402 auto_mixed_precision.cpp:146] Insert CastOp: model.backbone.layer3.3.conv1.weight-out-cast_f2h between model.backbone.layer3.3.conv1.weight/out
I20220209 08:18:04.504979  5402 auto_mixed_precision.cpp:146] Insert CastOp: model.backbone.layer3.2.conv2.weight-out-cast_f2h between model.backbone.layer3.2.conv2.weight/out
I20220209 08:18:04.505105  5402 auto_mixed_precision.cpp:146] Insert CastOp: model.backbone.layer3.13.conv1.weight-out-cast_f2h between model.backbone.layer3.13.conv1.weight/out
I20220209 08:18:04.505187  5402 auto_mixed_precision.cpp:146] Insert CastOp: model.backbone.layer2.2.conv2.weight-out-cast_f2h between model.backbone.layer2.2.conv2.weight/out
I20220209 08:18:04.505287  5402 auto_mixed_precision.cpp:146] Insert CastOp: model.backbone.layer2.2.conv1.weight-out-cast_f2h between model.backbone.layer2.2.conv1.weight/out
I20220209 08:18:04.505561  5402 auto_mixed_precision.cpp:146] Insert CastOp: model.backbone.layer3.3.conv2.weight-out-cast_f2h between model.backbone.layer3.3.conv2.weight/out
I20220209 08:18:04.505681  5402 auto_mixed_precision.cpp:146] Insert CastOp: model.backbone.layer1.2.conv1.weight-out-cast_f2h between model.backbone.layer1.2.conv1.weight/out
I20220209 08:18:04.505864  5402 auto_mixed_precision.cpp:146] Insert CastOp: model.backbone.layer1.0.conv2.weight-out-cast_f2h between model.backbone.layer1.0.conv2.weight/out
I20220209 08:18:04.505980  5402 auto_mixed_precision.cpp:146] Insert CastOp: model.backbone.layer3.6.conv1.weight-out-cast_f2h between model.backbone.layer3.6.conv1.weight/out
I20220209 08:18:04.506110  5402 auto_mixed_precision.cpp:146] Insert CastOp: model.backbone.layer3.10.conv2.weight-out-cast_f2h between model.backbone.layer3.10.conv2.weight/out
I20220209 08:18:04.506286  5402 auto_mixed_precision.cpp:146] Insert CastOp: model.backbone.layer1.0.conv1.weight-out-cast_f2h between model.backbone.layer1.0.conv1.weight/out
I20220209 08:18:04.506357  5402 auto_mixed_precision.cpp:146] Insert CastOp: model.backbone.conv1.weight-out-cast_f2h between model.backbone.conv1.weight/out
I20220209 08:18:04.506479  5402 auto_mixed_precision.cpp:146] Insert CastOp: model.backbone.layer4.1.conv1.weight-out-cast_f2h between model.backbone.layer4.1.conv1.weight/out
I20220209 08:18:04.506559  5402 auto_mixed_precision.cpp:146] Insert CastOp: data_loader.image-out-cast_f2h between data_loader.image/out
I20220209 08:18:04.506644  5402 auto_mixed_precision.cpp:146] Insert CastOp: model.backbone.layer3.9.conv1.weight-out-cast_f2h between model.backbone.layer3.9.conv1.weight/out
I20220209 08:18:04.506747  5402 auto_mixed_precision.cpp:146] Insert CastOp: model.backbone.layer3.6.conv2.weight-out-cast_f2h between model.backbone.layer3.6.conv2.weight/out
I20220209 08:18:04.507026  5402 auto_mixed_precision.cpp:146] Insert CastOp: model.backbone.layer2.0.conv1.weight-out-cast_f2h between model.backbone.layer2.0.conv1.weight/out
I20220209 08:18:04.507125  5402 auto_mixed_precision.cpp:146] Insert CastOp: model.backbone.layer3.2.conv1.weight-out-cast_f2h between model.backbone.layer3.2.conv1.weight/out
I20220209 08:18:04.507207  5402 auto_mixed_precision.cpp:146] Insert CastOp: model.backbone.layer4.1.conv2.weight-out-cast_f2h between model.backbone.layer4.1.conv2.weight/out
I20220209 08:18:04.508128  5402 auto_mixed_precision.cpp:146] Insert CastOp: model.backbone.fc-matmul-181-out_0-cast_h2f between model.backbone.fc-matmul-181/out_0
I20220209 08:18:04.508206  5402 auto_mixed_precision.cpp:146] Insert CastOp: model.fc-matmul-186-out_0-cast_h2f between model.fc-matmul-186/out_0
I20220209 08:18:06.449362  5402 global.h:43] DeleteGlobal N7oneflow7JobDescE
I20220209 08:18:06.659487  5402 global.h:36] NewGlobal N7oneflow7JobDescE
I20220209 08:18:09.050658  5402 global.h:36] NewGlobal N7oneflow7OpGraphE
I20220209 08:18:10.340315  5402 global.h:43] DeleteGlobal N7oneflow7OpGraphE
I20220209 08:18:10.459853  5402 nn_graph.cpp:225] 
job_id: 0 , job_name: TrainGraph_0 , compile time: 3.80009 seconds.
I20220209 08:18:11.046178  5402 plan_util.cpp:928]  Plan: TrainGraph_0 needs to allocate [ 5675.11 MiB ] device memory in Rank: 0 , Device: 0
I20220209 08:18:11.146082  5402 runtime_context.cpp:21] NewCounter constructing_actor_cnt 1744
I20220209 08:18:11.146855  5713 wait_and_send_ids_actor.cpp:53] actor 1099631165440 switch to &WaitAndSendIdsActor::HandlerWaitToStart
I20220209 08:18:11.146886  5713 thread.cpp:99] Thread 524345 construct Actor kWaitAndSendIds 1099631165440
I20220209 08:18:11.146880  5707 naive_actor.cpp:25] actor 1099536793600 switch to &NaiveActor::HandlerNormal
I20220209 08:18:11.146977  5713 runtime_context.cpp:29] DecreaseCounter constructing_actor_cnt, current val is 1743
I20220209 08:18:11.146934  5707 thread.cpp:99] Thread 524300 construct Actor kDeviceTick 1099536793600
I20220209 08:18:11.147157  5707 runtime_context.cpp:29] DecreaseCounter constructing_actor_cnt, current val is 1742
I20220209 08:18:11.155304  5694 naive_actor.cpp:25] actor 2199023257262 switch to &NaiveActor::HandlerNormal
I20220209 08:18:11.155373  5694 thread.cpp:99] Thread 1048576 construct Actor kDeviceTick 2199023257262
I20220209 08:18:11.155452  5694 runtime_context.cpp:29] DecreaseCounter constructing_actor_cnt, current val is 1741
I20220209 08:18:11.156286  5694 naive_actor.cpp:25] actor 2199023257260 switch to &NaiveActor::HandlerNormal
I20220209 08:18:11.156324  5694 thread.cpp:99] Thread 1048576 construct Actor kDeviceTick 2199023257260
I20220209 08:18:11.156399  5694 runtime_context.cpp:29] DecreaseCounter constructing_actor_cnt, current val is 1740
I20220209 08:18:11.203349  5694 naive_actor.cpp:25] actor 2199023255594 switch to &NaiveActor::HandlerNormal
I20220209 08:18:11.203397  5694 thread.cpp:99] Thread 1048576 construct Actor kNormalForward 2199023255594
I20220209 08:18:11.203464  5694 runtime_context.cpp:29] DecreaseCounter constructing_actor_cnt, current val is 1739
I20220209 08:18:11.204221  5711 naive_actor.cpp:25] actor 2199025352706 switch to &NaiveActor::HandlerNormal
I20220209 08:18:11.204282  5711 thread.cpp:99] Thread 1048577 construct Actor kCopyHd 2199025352706
I20220209 08:18:11.204352  5711 runtime_context.cpp:29] DecreaseCounter constructing_actor_cnt, current val is 1738
I20220209 08:18:11.204380  5694 naive_actor.cpp:25] actor 2199023255579 switch to &NaiveActor::HandlerNormal
I20220209 08:18:11.204422  5694 thread.cpp:99] Thread 1048576 construct Actor kNormalForward 2199023255579
I20220209 08:18:11.204488  5694 runtime_context.cpp:29] DecreaseCounter constructing_actor_cnt, current val is 1737
I20220209 08:18:11.204540  5715 naive_actor.cpp:25] actor 2199027449856 switch to &NaiveActor::HandlerNormal
I20220209 08:18:11.204591  5715 thread.cpp:99] Thread 1048578 construct Actor kCopyHd 2199027449856
I20220209 08:18:11.204643  5715 runtime_context.cpp:29] DecreaseCounter constructing_actor_cnt, current val is 1736
I20220209 08:18:11.204768  5694 naive_actor.cpp:25] actor 2199023255556 switch to &NaiveActor::HandlerNormal
I20220209 08:18:11.204808  5694 thread.cpp:99] Thread 1048576 construct Actor kNormalForward 2199023255556
I20220209 08:18:11.204871  5694 runtime_context.cpp:29] DecreaseCounter constructing_actor_cnt, current val is 1735
I20220209 08:18:11.204963  5711 naive_actor.cpp:25] actor 2199025352705 switch to &NaiveActor::HandlerNormal
I20220209 08:18:11.205008  5711 thread.cpp:99] Thread 1048577 construct Actor kCopyHd 2199025352705
I20220209 08:18:11.205062  5711 runtime_context.cpp:29] DecreaseCounter constructing_actor_cnt, current val is 1734
I20220209 08:18:11.205303  5709 sink_actor.cpp:21] actor 1099633262592 switch to &SinkActor::HandlerNormal
I20220209 08:18:11.205420  5709 thread.cpp:99] Thread 524346 construct Actor kCallbackNotify 1099633262592
I20220209 08:18:11.205483  5709 runtime_context.cpp:29] DecreaseCounter constructing_actor_cnt, current val is 1733
I20220209 08:18:11.205513  5706 naive_actor.cpp:25] actor 1099534696448 switch to &NaiveActor::HandlerNormal
I20220209 08:18:11.205540  5711 naive_actor.cpp:25] actor 2199025352704 switch to &NaiveActor::HandlerNormal
I20220209 08:18:11.205592  5706 thread.cpp:99] Thread 524299 construct Actor kDeviceTick 1099534696448
I20220209 08:18:11.205631  5711 thread.cpp:99] Thread 1048577 construct Actor kCopyHd 2199025352704
I20220209 08:18:11.205629  5700 naive_actor.cpp:25] actor 1099513724928 switch to &NaiveActor::HandlerNormal
I20220209 08:18:11.205703  5711 runtime_context.cpp:29] DecreaseCounter constructing_actor_cnt, current val is 1732
I20220209 08:18:11.205720  5706 runtime_context.cpp:29] DecreaseCounter constructing_actor_cnt, current val is 1731
I20220209 08:18:11.205679  5696 naive_actor.cpp:25] actor 1099520016384 switch to &NaiveActor::HandlerNormal
I20220209 08:18:11.205771  5702 naive_actor.cpp:25] actor 1099511627776 switch to &NaiveActor::HandlerNormal
I20220209 08:18:11.205823  5708 naive_actor.cpp:25] actor 1099532599296 switch to &NaiveActor::HandlerNormal
I20220209 08:18:11.205672  5703 naive_actor.cpp:25] actor 1099522113536 switch to &NaiveActor::HandlerNormal
I20220209 08:18:11.205811  5696 thread.cpp:99] Thread 524292 construct Actor kNormalForward 1099520016384
I20220209 08:18:11.205853  5708 thread.cpp:99] Thread 524298 construct Actor kNormalForward 1099532599296
I20220209 08:18:11.205718  5700 thread.cpp:99] Thread 524289 construct Actor kNormalForward 1099513724928
I20220209 08:18:11.205965  5698 naive_actor.cpp:25] actor 1099515822080 switch to &NaiveActor::HandlerNormal
I20220209 08:18:11.205899  5703 thread.cpp:99] Thread 524293 construct Actor kNormalForward 1099522113536
I20220209 08:18:11.206019  5696 runtime_context.cpp:29] DecreaseCounter constructing_actor_cnt, current val is 1729
I20220209 08:18:11.205986  5708 runtime_context.cpp:29] DecreaseCounter constructing_actor_cnt, current val is 1730
I20220209 08:18:11.206100  5703 runtime_context.cpp:29] DecreaseCounter constructing_actor_cnt, current val is 1727
I20220209 08:18:11.206027  5698 thread.cpp:99] Thread 524290 construct Actor kNormalForward 1099515822080
I20220209 08:18:11.206038  5700 runtime_context.cpp:29] DecreaseCounter constructing_actor_cnt, current val is 1728
I20220209 08:18:11.206041  5695 naive_actor.cpp:25] actor 1099528404992 switch to &NaiveActor::HandlerNormal
I20220209 08:18:11.206218  5698 runtime_context.cpp:29] DecreaseCounter constructing_actor_cnt, current val is 1726
I20220209 08:18:11.205956  5705 naive_actor.cpp:25] actor 1099629068294 switch to &NaiveActor::HandlerNormal
I20220209 08:18:11.206240  5695 thread.cpp:99] Thread 524296 construct Actor kNormalForward 1099528404992
I20220209 08:18:11.206290  5705 thread.cpp:99] Thread 524344 construct Actor kSrcSubsetTick 1099629068294
I20220209 08:18:11.205844  5702 thread.cpp:99] Thread 524288 construct Actor kNormalForward 1099511627776
I20220209 08:18:11.206362  5695 runtime_context.cpp:29] DecreaseCounter constructing_actor_cnt, current val is 1725
I20220209 08:18:11.206382  5705 runtime_context.cpp:29] DecreaseCounter constructing_actor_cnt, current val is 1724
I20220209 08:18:11.206418  5702 runtime_context.cpp:29] DecreaseCounter constructing_actor_cnt, current val is 1723
I20220209 08:18:11.206456  5717 naive_actor.cpp:25] actor 1099540987904 switch to &NaiveActor::HandlerNormal
I20220209 08:18:11.206509  5717 thread.cpp:99] Thread 524302 construct Actor kNormalForward 1099540987904
I20220209 08:18:11.206545  5718 naive_actor.cpp:25] actor 1099538890752 switch to &NaiveActor::HandlerNormal
I20220209 08:18:11.206580  5717 runtime_context.cpp:29] DecreaseCounter constructing_actor_cnt, current val is 1722
I20220209 08:18:11.206604  5718 thread.cpp:99] Thread 524301 construct Actor kNormalForward 1099538890752
I20220209 08:18:11.206674  5718 runtime_context.cpp:29] DecreaseCounter constructing_actor_cnt, current val is 1721
I20220209 08:18:11.206691  5701 naive_actor.cpp:25] actor 1099524210688 switch to &NaiveActor::HandlerNormal
I20220209 08:18:11.206699  5704 naive_actor.cpp:25] actor 1099530502144 switch to &NaiveActor::HandlerNormal
I20220209 08:18:11.206702  5699 naive_actor.cpp:25] actor 1099526307840 switch to &NaiveActor::HandlerNormal
I20220209 08:18:11.206815  5697 naive_actor.cpp:25] actor 1099517919232 switch to &NaiveActor::HandlerNormal
I20220209 08:18:11.206846  5716 naive_actor.cpp:25] actor 1099635359744 switch to &NaiveActor::HandlerNormal
I20220209 08:18:11.206885  5705 naive_actor.cpp:25] actor 1099629068295 switch to &NaiveActor::HandlerNormal
I20220209 08:18:11.206907  5716 thread.cpp:99] Thread 524347 construct Actor kCriticalSectionWaitTick 1099635359744
I20220209 08:18:11.206754  5701 thread.cpp:99] Thread 524294 construct Actor kNormalForward 1099524210688
I20220209 08:18:11.206844  5699 thread.cpp:99] Thread 524295 construct Actor kNormalForward 1099526307840
I20220209 08:18:11.206760  5712 naive_actor.cpp:25] actor 1099637456896 switch to &NaiveActor::HandlerNormal
I20220209 08:18:11.206800  5704 thread.cpp:99] Thread 524297 construct Actor kNormalForward 1099530502144
I20220209 08:18:11.207042  5712 thread.cpp:99] Thread 524348 construct Actor kCriticalSectionWaitTick 1099637456896
I20220209 08:18:11.207069  5699 runtime_context.cpp:29] DecreaseCounter constructing_actor_cnt, current val is 1718
I20220209 08:18:11.206879  5697 thread.cpp:99] Thread 524291 construct Actor kNormalForward 1099517919232
I20220209 08:18:11.207010  5716 runtime_context.cpp:29] DecreaseCounter constructing_actor_cnt, current val is 1720
I20220209 08:18:11.207055  5701 runtime_context.cpp:29] DecreaseCounter constructing_actor_cnt, current val is 1719
I20220209 08:18:11.207136  5712 runtime_context.cpp:29] DecreaseCounter constructing_actor_cnt, current val is 1716
I20220209 08:18:11.207183  5697 runtime_context.cpp:29] DecreaseCounter constructing_actor_cnt, current val is 1715
I20220209 08:18:11.207127  5704 runtime_context.cpp:29] DecreaseCounter constructing_actor_cnt, current val is 1717
I20220209 08:18:11.206938  5705 thread.cpp:99] Thread 524344 construct Actor kDstSubsetTick 1099629068295
I20220209 08:18:11.207321  5705 runtime_context.cpp:29] DecreaseCounter constructing_actor_cnt, current val is 1714
I20220209 08:18:11.207615  5694 naive_actor.cpp:25] actor 2199023255560 switch to &NaiveActor::HandlerNormal
I20220209 08:18:11.207661  5694 thread.cpp:99] Thread 1048576 construct Actor kNormalForward 2199023255560
I20220209 08:18:11.207679  5705 naive_actor.cpp:25] actor 1099629068293 switch to &NaiveActor::HandlerNormal
I20220209 08:18:11.207717  5705 thread.cpp:99] Thread 524344 construct Actor kTick 1099629068293
I20220209 08:18:11.207758  5694 runtime_context.cpp:29] DecreaseCounter constructing_actor_cnt, current val is 1713
I20220209 08:18:11.207779  5705 runtime_context.cpp:29] DecreaseCounter constructing_actor_cnt, current val is 1712
I20220209 08:18:11.208118  5694 naive_actor.cpp:25] actor 2199023255589 switch to &NaiveActor::HandlerNormal
I20220209 08:18:11.208154  5705 naive_actor.cpp:25] actor 1099629068289 switch to &NaiveActor::HandlerNormal
I20220209 08:18:11.208160  5694 thread.cpp:99] Thread 1048576 construct Actor kNormalForward 2199023255589
I20220209 08:18:11.208204  5705 thread.cpp:99] Thread 524344 construct Actor kTick 1099629068289
I20220209 08:18:11.208281  5694 runtime_context.cpp:29] DecreaseCounter constructing_actor_cnt, current val is 1711
I20220209 08:18:11.208302  5705 runtime_context.cpp:29] DecreaseCounter constructing_actor_cnt, current val is 1710
I20220209 08:18:11.208647  5694 naive_actor.cpp:25] actor 2199023255591 switch to &NaiveActor::HandlerNormal
I20220209 08:18:11.208650  5705 naive_actor.cpp:25] actor 1099629068291 switch to &NaiveActor::HandlerNormal
I20220209 08:18:11.208698  5694 thread.cpp:99] Thread 1048576 construct Actor kNormalForward 2199023255591
I20220209 08:18:11.208739  5705 thread.cpp:99] Thread 524344 construct Actor kTick 1099629068291
I20220209 08:18:11.208811  5694 runtime_context.cpp:29] DecreaseCounter constructing_actor_cnt, current val is 1709
I20220209 08:18:11.208819  5705 runtime_context.cpp:29] DecreaseCounter constructing_actor_cnt, current val is 1708
I20220209 08:18:11.209188  5694 naive_actor.cpp:25] actor 2199023255592 switch to &NaiveActor::HandlerNormal
I20220209 08:18:11.209229  5694 thread.cpp:99] Thread 1048576 construct Actor kNormalForward 2199023255592
I20220209 08:18:11.209293  5694 runtime_context.cpp:29] DecreaseCounter constructing_actor_cnt, current val is 1707
I20220209 08:18:11.209403  5705 naive_actor.cpp:25] actor 1099629068290 switch to &NaiveActor::HandlerNormal
I20220209 08:18:11.209445  5705 thread.cpp:99] Thread 524344 construct Actor kDstSubsetTick 1099629068290
I20220209 08:18:11.209525  5705 runtime_context.cpp:29] DecreaseCounter constructing_actor_cnt, current val is 1706
I20220209 08:18:11.209618  5694 naive_actor.cpp:25] actor 2199023255553 switch to &NaiveActor::HandlerNormal
I20220209 08:18:11.209658  5694 thread.cpp:99] Thread 1048576 construct Actor kNormalForward 2199023255553
I20220209 08:18:11.209719  5694 runtime_context.cpp:29] DecreaseCounter constructing_actor_cnt, current val is 1705
I20220209 08:18:11.209878  5705 naive_actor.cpp:25] actor 1099629068297 switch to &NaiveActor::HandlerNormal
I20220209 08:18:11.209916  5705 thread.cpp:99] Thread 524344 construct Actor kDstSubsetTick 1099629068297
I20220209 08:18:11.209990  5705 runtime_context.cpp:29] DecreaseCounter constructing_actor_cnt, current val is 1704
I20220209 08:18:11.210062  5694 naive_actor.cpp:25] actor 2199023255584 switch to &NaiveActor::HandlerNormal
I20220209 08:18:11.210103  5694 thread.cpp:99] Thread 1048576 construct Actor kNormalForward 2199023255584
I20220209 08:18:11.210163  5694 runtime_context.cpp:29] DecreaseCounter constructing_actor_cnt, current val is 1703
I20220209 08:18:11.210314  5705 naive_actor.cpp:25] actor 1099629068292 switch to &NaiveActor::HandlerNormal
I20220209 08:18:11.210368  5705 thread.cpp:99] Thread 524344 construct Actor kTick 1099629068292
I20220209 08:18:11.210429  5705 runtime_context.cpp:29] DecreaseCounter constructing_actor_cnt, current val is 1702
I20220209 08:18:11.210479  5694 naive_actor.cpp:25] actor 2199023255596 switch to &NaiveActor::HandlerNormal
I20220209 08:18:11.210520  5694 thread.cpp:99] Thread 1048576 construct Actor kNormalForward 2199023255596
I20220209 08:18:11.210583  5694 runtime_context.cpp:29] DecreaseCounter constructing_actor_cnt, current val is 1701
I20220209 08:18:11.210781  5705 naive_actor.cpp:25] actor 1099629068296 switch to &NaiveActor::HandlerNormal
I20220209 08:18:11.210821  5705 thread.cpp:99] Thread 524344 construct Actor kSrcSubsetTick 1099629068296
I20220209 08:18:11.210880  5705 runtime_context.cpp:29] DecreaseCounter constructing_actor_cnt, current val is 1700
I20220209 08:18:11.210918  5694 naive_actor.cpp:25] actor 2199023255590 switch to &NaiveActor::HandlerNormal
I20220209 08:18:11.210968  5694 thread.cpp:99] Thread 1048576 construct Actor kNormalForward 2199023255590
I20220209 08:18:11.211030  5694 runtime_context.cpp:29] DecreaseCounter constructing_actor_cnt, current val is 1699
I20220209 08:18:11.211232  5705 naive_actor.cpp:25] actor 1099629068288 switch to &NaiveActor::HandlerNormal
I20220209 08:18:11.211272  5705 thread.cpp:99] Thread 524344 construct Actor kSrcSubsetTick 1099629068288
I20220209 08:18:11.211333  5705 runtime_context.cpp:29] DecreaseCounter constructing_actor_cnt, current val is 1698
I20220209 08:18:11.212149  5694 naive_actor.cpp:25] actor 2199023255576 switch to &NaiveActor::HandlerNormal
I20220209 08:18:11.212193  5694 thread.cpp:99] Thread 1048576 construct Actor kNormalForward 2199023255576
I20220209 08:18:11.212268  5694 runtime_context.cpp:29] DecreaseCounter constructing_actor_cnt, current val is 1697
I20220209 08:18:11.212615  5694 naive_actor.cpp:25] actor 2199023255587 switch to &NaiveActor::HandlerNormal
I20220209 08:18:11.212654  5694 thread.cpp:99] Thread 1048576 construct Actor kNormalForward 2199023255587
I20220209 08:18:11.212718  5694 runtime_context.cpp:29] DecreaseCounter constructing_actor_cnt, current val is 1696
I20220209 08:18:11.213059  5694 naive_actor.cpp:25] actor 2199023255578 switch to &NaiveActor::HandlerNormal
I20220209 08:18:11.213099  5694 thread.cpp:99] Thread 1048576 construct Actor kNormalForward 2199023255578
I20220209 08:18:11.213162  5694 runtime_context.cpp:29] DecreaseCounter constructing_actor_cnt, current val is 1695
I20220209 08:18:11.213491  5694 naive_actor.cpp:25] actor 2199023255605 switch to &NaiveActor::HandlerNormal
I20220209 08:18:11.213531  5694 thread.cpp:99] Thread 1048576 construct Actor kNormalForward 2199023255605
I20220209 08:18:11.213593  5694 runtime_context.cpp:29] DecreaseCounter constructing_actor_cnt, current val is 1694
I20220209 08:18:11.213932  5694 naive_actor.cpp:25] actor 2199023255575 switch to &NaiveActor::HandlerNormal
I20220209 08:18:11.213984  5694 thread.cpp:99] Thread 1048576 construct Actor kNormalForward 2199023255575
I20220209 08:18:11.214046  5694 runtime_context.cpp:29] DecreaseCounter constructing_actor_cnt, current val is 1693
I20220209 08:18:11.214376  5694 naive_actor.cpp:25] actor 2199023255602 switch to &NaiveActor::HandlerNormal
I20220209 08:18:11.214413  5694 thread.cpp:99] Thread 1048576 construct Actor kNormalForward 2199023255602
I20220209 08:18:11.214470  5694 runtime_context.cpp:29] DecreaseCounter constructing_actor_cnt, current val is 1692
I20220209 08:18:11.214778  5694 naive_actor.cpp:25] actor 2199023255577 switch to &NaiveActor::HandlerNormal
I20220209 08:18:11.214814  5694 thread.cpp:99] Thread 1048576 construct Actor kNormalForward 2199023255577
I20220209 08:18:11.214871  5694 runtime_context.cpp:29] DecreaseCounter constructing_actor_cnt, current val is 1691
I20220209 08:18:11.215184  5694 naive_actor.cpp:25] actor 2199023255580 switch to &NaiveActor::HandlerNormal
I20220209 08:18:11.215221  5694 thread.cpp:99] Thread 1048576 construct Actor kNormalForward 2199023255580
I20220209 08:18:11.215288  5694 runtime_context.cpp:29] DecreaseCounter constructing_actor_cnt, current val is 1690
I20220209 08:18:11.215610  5694 naive_actor.cpp:25] actor 2199023255559 switch to &NaiveActor::HandlerNormal
I20220209 08:18:11.215646  5694 thread.cpp:99] Thread 1048576 construct Actor kNormalForward 2199023255559
I20220209 08:18:11.215703  5694 runtime_context.cpp:29] DecreaseCounter constructing_actor_cnt, current val is 1689
I20220209 08:18:11.216017  5694 naive_actor.cpp:25] actor 2199023255606 switch to &NaiveActor::HandlerNormal
I20220209 08:18:11.216058  5694 thread.cpp:99] Thread 1048576 construct Actor kNormalForward 2199023255606
I20220209 08:18:11.216115  5694 runtime_context.cpp:29] DecreaseCounter constructing_actor_cnt, current val is 1688
I20220209 08:18:11.216418  5694 naive_actor.cpp:25] actor 2199023255604 switch to &NaiveActor::HandlerNormal
I20220209 08:18:11.216455  5694 thread.cpp:99] Thread 1048576 construct Actor kNormalForward 2199023255604
I20220209 08:18:11.216526  5694 runtime_context.cpp:29] DecreaseCounter constructing_actor_cnt, current val is 1687
I20220209 08:18:11.217737  5694 naive_actor.cpp:25] actor 2199023255662 switch to &NaiveActor::HandlerNormal
I20220209 08:18:11.217777  5694 thread.cpp:99] Thread 1048576 construct Actor kNormalForward 2199023255662
I20220209 08:18:11.217847  5694 runtime_context.cpp:29] DecreaseCounter constructing_actor_cnt, current val is 1686
I20220209 08:18:11.218169  5694 naive_actor.cpp:25] actor 2199023255562 switch to &NaiveActor::HandlerNormal
I20220209 08:18:11.218206  5694 thread.cpp:99] Thread 1048576 construct Actor kNormalForward 2199023255562
I20220209 08:18:11.218266  5694 runtime_context.cpp:29] DecreaseCounter constructing_actor_cnt, current val is 1685
I20220209 08:18:11.219038  5694 naive_actor.cpp:25] actor 2199023255561 switch to &NaiveActor::HandlerNormal
I20220209 08:18:11.219076  5694 thread.cpp:99] Thread 1048576 construct Actor kNormalForward 2199023255561
I20220209 08:18:11.219138  5694 runtime_context.cpp:29] DecreaseCounter constructing_actor_cnt, current val is 1684
I20220209 08:18:11.219457  5694 naive_actor.cpp:25] actor 2199023255567 switch to &NaiveActor::HandlerNormal
I20220209 08:18:11.219493  5694 thread.cpp:99] Thread 1048576 construct Actor kNormalForward 2199023255567
I20220209 08:18:11.219553  5694 runtime_context.cpp:29] DecreaseCounter constructing_actor_cnt, current val is 1683
I20220209 08:18:11.220314  5694 naive_actor.cpp:25] actor 2199023255601 switch to &NaiveActor::HandlerNormal
I20220209 08:18:11.220352  5694 thread.cpp:99] Thread 1048576 construct Actor kNormalForward 2199023255601
I20220209 08:18:11.220413  5694 runtime_context.cpp:29] DecreaseCounter constructing_actor_cnt, current val is 1682
I20220209 08:18:11.221516  5694 naive_actor.cpp:25] actor 2199023255555 switch to &NaiveActor::HandlerNormal
I20220209 08:18:11.221556  5694 thread.cpp:99] Thread 1048576 construct Actor kNormalForward 2199023255555
I20220209 08:18:11.221627  5694 runtime_context.cpp:29] DecreaseCounter constructing_actor_cnt, current val is 1681
I20220209 08:18:11.221956  5694 naive_actor.cpp:25] actor 2199023255582 switch to &NaiveActor::HandlerNormal
I20220209 08:18:11.221992  5694 thread.cpp:99] Thread 1048576 construct Actor kNormalForward 2199023255582
I20220209 08:18:11.222054  5694 runtime_context.cpp:29] DecreaseCounter constructing_actor_cnt, current val is 1680
I20220209 08:18:11.222371  5694 naive_actor.cpp:25] actor 2199023255564 switch to &NaiveActor::HandlerNormal
I20220209 08:18:11.222406  5694 thread.cpp:99] Thread 1048576 construct Actor kNormalForward 2199023255564
I20220209 08:18:11.222465  5694 runtime_context.cpp:29] DecreaseCounter constructing_actor_cnt, current val is 1679
I20220209 08:18:11.223554  5694 naive_actor.cpp:25] actor 2199023255583 switch to &NaiveActor::HandlerNormal
I20220209 08:18:11.223594  5694 thread.cpp:99] Thread 1048576 construct Actor kNormalForward 2199023255583
I20220209 08:18:11.223665  5694 runtime_context.cpp:29] DecreaseCounter constructing_actor_cnt, current val is 1678
I20220209 08:18:11.225198  5694 naive_actor.cpp:25] actor 2199023255620 switch to &NaiveActor::HandlerNormal
I20220209 08:18:11.225241  5694 thread.cpp:99] Thread 1048576 construct Actor kNormalForward 2199023255620
I20220209 08:18:11.225322  5694 runtime_context.cpp:29] DecreaseCounter constructing_actor_cnt, current val is 1677
I20220209 08:18:11.225633  5694 naive_actor.cpp:25] actor 2199023255598 switch to &NaiveActor::HandlerNormal
I20220209 08:18:11.225672  5694 thread.cpp:99] Thread 1048576 construct Actor kNormalForward 2199023255598
I20220209 08:18:11.225729  5694 runtime_context.cpp:29] DecreaseCounter constructing_actor_cnt, current val is 1676
I20220209 08:18:11.226665  5694 naive_actor.cpp:25] actor 2199023255603 switch to &NaiveActor::HandlerNormal
I20220209 08:18:11.226702  5694 thread.cpp:99] Thread 1048576 construct Actor kNormalForward 2199023255603
I20220209 08:18:11.226768  5694 runtime_context.cpp:29] DecreaseCounter constructing_actor_cnt, current val is 1675
I20220209 08:18:11.227085  5694 naive_actor.cpp:25] actor 2199023255654 switch to &NaiveActor::HandlerNormal
I20220209 08:18:11.227120  5694 thread.cpp:99] Thread 1048576 construct Actor kNormalForward 2199023255654
I20220209 08:18:11.227177  5694 runtime_context.cpp:29] DecreaseCounter constructing_actor_cnt, current val is 1674
I20220209 08:18:11.227468  5694 naive_actor.cpp:25] actor 2199023255659 switch to &NaiveActor::HandlerNormal
I20220209 08:18:11.227502  5694 thread.cpp:99] Thread 1048576 construct Actor kNormalForward 2199023255659
I20220209 08:18:11.227557  5694 runtime_context.cpp:29] DecreaseCounter constructing_actor_cnt, current val is 1673
I20220209 08:18:11.228505  5694 naive_actor.cpp:25] actor 2199023255710 switch to &NaiveActor::HandlerNormal
I20220209 08:18:11.228541  5694 thread.cpp:99] Thread 1048576 construct Actor kNormalForward 2199023255710
I20220209 08:18:11.228607  5694 runtime_context.cpp:29] DecreaseCounter constructing_actor_cnt, current val is 1672
I20220209 08:18:11.228976  5694 naive_actor.cpp:25] actor 2199023255570 switch to &NaiveActor::HandlerNormal
I20220209 08:18:11.229012  5694 thread.cpp:99] Thread 1048576 construct Actor kNormalForward 2199023255570
I20220209 08:18:11.229066  5694 runtime_context.cpp:29] DecreaseCounter constructing_actor_cnt, current val is 1671
I20220209 08:18:11.229768  5694 naive_actor.cpp:25] actor 2199023255574 switch to &NaiveActor::HandlerNormal
I20220209 08:18:11.229804  5694 thread.cpp:99] Thread 1048576 construct Actor kNormalForward 2199023255574
I20220209 08:18:11.229862  5694 runtime_context.cpp:29] DecreaseCounter constructing_actor_cnt, current val is 1670
I20220209 08:18:11.230182  5694 naive_actor.cpp:25] actor 2199023255565 switch to &NaiveActor::HandlerNormal
I20220209 08:18:11.230221  5694 thread.cpp:99] Thread 1048576 construct Actor kNormalForward 2199023255565
I20220209 08:18:11.230278  5694 runtime_context.cpp:29] DecreaseCounter constructing_actor_cnt, current val is 1669
I20220209 08:18:11.230568  5694 naive_actor.cpp:25] actor 2199023255597 switch to &NaiveActor::HandlerNormal
I20220209 08:18:11.230607  5694 thread.cpp:99] Thread 1048576 construct Actor kNormalForward 2199023255597
I20220209 08:18:11.230661  5694 runtime_context.cpp:29] DecreaseCounter constructing_actor_cnt, current val is 1668
I20220209 08:18:11.230974  5694 naive_actor.cpp:25] actor 2199023255599 switch to &NaiveActor::HandlerNormal
I20220209 08:18:11.231009  5694 thread.cpp:99] Thread 1048576 construct Actor kNormalForward 2199023255599
I20220209 08:18:11.231062  5694 runtime_context.cpp:29] DecreaseCounter constructing_actor_cnt, current val is 1667
I20220209 08:18:11.232125  5694 naive_actor.cpp:25] actor 2199023255568 switch to &NaiveActor::HandlerNormal
I20220209 08:18:11.232160  5694 thread.cpp:99] Thread 1048576 construct Actor kNormalForward 2199023255568
I20220209 08:18:11.232228  5694 runtime_context.cpp:29] DecreaseCounter constructing_actor_cnt, current val is 1666
I20220209 08:18:11.233263  5694 naive_actor.cpp:25] actor 2199023255650 switch to &NaiveActor::HandlerNormal
I20220209 08:18:11.233311  5694 thread.cpp:99] Thread 1048576 construct Actor kNormalForward 2199023255650
I20220209 08:18:11.233378  5694 runtime_context.cpp:29] DecreaseCounter constructing_actor_cnt, current val is 1665
I20220209 08:18:11.234830  5694 naive_actor.cpp:25] actor 2199023255581 switch to &NaiveActor::HandlerNormal
I20220209 08:18:11.234870  5694 thread.cpp:99] Thread 1048576 construct Actor kNormalForward 2199023255581
I20220209 08:18:11.234959  5694 runtime_context.cpp:29] DecreaseCounter constructing_actor_cnt, current val is 1664
I20220209 08:18:11.236250  5694 naive_actor.cpp:25] actor 2199023255573 switch to &NaiveActor::HandlerNormal
I20220209 08:18:11.236285  5694 thread.cpp:99] Thread 1048576 construct Actor kNormalForward 2199023255573
I20220209 08:18:11.236377  5694 runtime_context.cpp:29] DecreaseCounter constructing_actor_cnt, current val is 1663
I20220209 08:18:11.237674  5694 naive_actor.cpp:25] actor 2199023255588 switch to &NaiveActor::HandlerNormal
I20220209 08:18:11.237709  5694 thread.cpp:99] Thread 1048576 construct Actor kNormalForward 2199023255588
I20220209 08:18:11.237785  5694 runtime_context.cpp:29] DecreaseCounter constructing_actor_cnt, current val is 1662
I20220209 08:18:11.238092  5694 naive_actor.cpp:25] actor 2199023255554 switch to &NaiveActor::HandlerNormal
I20220209 08:18:11.238124  5694 thread.cpp:99] Thread 1048576 construct Actor kNormalForward 2199023255554
I20220209 08:18:11.238178  5694 runtime_context.cpp:29] DecreaseCounter constructing_actor_cnt, current val is 1661
I20220209 08:18:11.238451  5694 naive_actor.cpp:25] actor 2199023255557 switch to &NaiveActor::HandlerNormal
I20220209 08:18:11.238482  5694 thread.cpp:99] Thread 1048576 construct Actor kNormalForward 2199023255557
I20220209 08:18:11.238533  5694 runtime_context.cpp:29] DecreaseCounter constructing_actor_cnt, current val is 1660
I20220209 08:18:11.238814  5694 naive_actor.cpp:25] actor 2199023255552 switch to &NaiveActor::HandlerNormal
I20220209 08:18:11.238847  5694 thread.cpp:99] Thread 1048576 construct Actor kNormalForward 2199023255552
I20220209 08:18:11.238898  5694 runtime_context.cpp:29] DecreaseCounter constructing_actor_cnt, current val is 1659
I20220209 08:18:11.239189  5694 naive_actor.cpp:25] actor 2199023255586 switch to &NaiveActor::HandlerNormal
I20220209 08:18:11.239223  5694 thread.cpp:99] Thread 1048576 construct Actor kNormalForward 2199023255586
I20220209 08:18:11.239274  5694 runtime_context.cpp:29] DecreaseCounter constructing_actor_cnt, current val is 1658
I20220209 08:18:11.240559  5694 naive_actor.cpp:25] actor 2199023255600 switch to &NaiveActor::HandlerNormal
I20220209 08:18:11.240595  5694 thread.cpp:99] Thread 1048576 construct Actor kNormalForward 2199023255600
I20220209 08:18:11.240670  5694 runtime_context.cpp:29] DecreaseCounter constructing_actor_cnt, current val is 1657
I20220209 08:18:11.241922  5694 naive_actor.cpp:25] actor 2199023255593 switch to &NaiveActor::HandlerNormal
I20220209 08:18:11.241968  5694 thread.cpp:99] Thread 1048576 construct Actor kNormalForward 2199023255593
I20220209 08:18:11.242044  5694 runtime_context.cpp:29] DecreaseCounter constructing_actor_cnt, current val is 1656
I20220209 08:18:11.242336  5694 naive_actor.cpp:25] actor 2199023255571 switch to &NaiveActor::HandlerNormal
I20220209 08:18:11.242368  5694 thread.cpp:99] Thread 1048576 construct Actor kNormalForward 2199023255571
I20220209 08:18:11.242421  5694 runtime_context.cpp:29] DecreaseCounter constructing_actor_cnt, current val is 1655
I20220209 08:18:11.243723  5694 naive_actor.cpp:25] actor 2199023255566 switch to &NaiveActor::HandlerNormal
I20220209 08:18:11.243758  5694 thread.cpp:99] Thread 1048576 construct Actor kNormalForward 2199023255566
I20220209 08:18:11.243834  5694 runtime_context.cpp:29] DecreaseCounter constructing_actor_cnt, current val is 1654
I20220209 08:18:11.244133  5694 naive_actor.cpp:25] actor 2199023255563 switch to &NaiveActor::HandlerNormal
I20220209 08:18:11.244165  5694 thread.cpp:99] Thread 1048576 construct Actor kNormalForward 2199023255563
I20220209 08:18:11.244226  5694 runtime_context.cpp:29] DecreaseCounter constructing_actor_cnt, current val is 1653
I20220209 08:18:11.244499  5694 naive_actor.cpp:25] actor 2199023255569 switch to &NaiveActor::HandlerNormal
I20220209 08:18:11.244530  5694 thread.cpp:99] Thread 1048576 construct Actor kNormalForward 2199023255569
I20220209 08:18:11.244581  5694 runtime_context.cpp:29] DecreaseCounter constructing_actor_cnt, current val is 1652
I20220209 08:18:11.245501  5694 naive_actor.cpp:25] actor 2199023255635 switch to &NaiveActor::HandlerNormal
I20220209 08:18:11.245533  5694 thread.cpp:99] Thread 1048576 construct Actor kNormalForward 2199023255635
I20220209 08:18:11.245591  5694 runtime_context.cpp:29] DecreaseCounter constructing_actor_cnt, current val is 1651
I20220209 08:18:11.245862  5694 naive_actor.cpp:25] actor 2199023255612 switch to &NaiveActor::HandlerNormal
I20220209 08:18:11.245893  5694 thread.cpp:99] Thread 1048576 construct Actor kNormalForward 2199023255612
I20220209 08:18:11.245952  5694 runtime_context.cpp:29] DecreaseCounter constructing_actor_cnt, current val is 1650
I20220209 08:18:11.246212  5694 naive_actor.cpp:25] actor 2199023255616 switch to &NaiveActor::HandlerNormal
I20220209 08:18:11.246243  5694 thread.cpp:99] Thread 1048576 construct Actor kNormalForward 2199023255616
I20220209 08:18:11.246291  5694 runtime_context.cpp:29] DecreaseCounter constructing_actor_cnt, current val is 1649
I20220209 08:18:11.246553  5694 naive_actor.cpp:25] actor 2199023255645 switch to &NaiveActor::HandlerNormal
I20220209 08:18:11.246584  5694 thread.cpp:99] Thread 1048576 construct Actor kNormalForward 2199023255645
I20220209 08:18:11.246632  5694 runtime_context.cpp:29] DecreaseCounter constructing_actor_cnt, current val is 1648
I20220209 08:18:11.246896  5694 naive_actor.cpp:25] actor 2199023255647 switch to &NaiveActor::HandlerNormal
I20220209 08:18:11.246927  5694 thread.cpp:99] Thread 1048576 construct Actor kNormalForward 2199023255647
I20220209 08:18:11.246982  5694 runtime_context.cpp:29] DecreaseCounter constructing_actor_cnt, current val is 1647
I20220209 08:18:11.248292  5694 naive_actor.cpp:25] actor 2199023255648 switch to &NaiveActor::HandlerNormal
I20220209 08:18:11.248327  5694 thread.cpp:99] Thread 1048576 construct Actor kNormalForward 2199023255648
I20220209 08:18:11.248401  5694 runtime_context.cpp:29] DecreaseCounter constructing_actor_cnt, current val is 1646
I20220209 08:18:11.248678  5694 naive_actor.cpp:25] actor 2199023255609 switch to &NaiveActor::HandlerNormal
I20220209 08:18:11.248709  5694 thread.cpp:99] Thread 1048576 construct Actor kNormalForward 2199023255609
I20220209 08:18:11.248759  5694 runtime_context.cpp:29] DecreaseCounter constructing_actor_cnt, current val is 1645
I20220209 08:18:11.249992  5694 naive_actor.cpp:25] actor 2199023255640 switch to &NaiveActor::HandlerNormal
I20220209 08:18:11.250026  5694 thread.cpp:99] Thread 1048576 construct Actor kNormalForward 2199023255640
I20220209 08:18:11.250098  5694 runtime_context.cpp:29] DecreaseCounter constructing_actor_cnt, current val is 1644
I20220209 08:18:11.250376  5694 naive_actor.cpp:25] actor 2199023255652 switch to &NaiveActor::HandlerNormal
I20220209 08:18:11.250407  5694 thread.cpp:99] Thread 1048576 construct Actor kNormalForward 2199023255652
I20220209 08:18:11.250458  5694 runtime_context.cpp:29] DecreaseCounter constructing_actor_cnt, current val is 1643
I20220209 08:18:11.250730  5694 naive_actor.cpp:25] actor 2199023255646 switch to &NaiveActor::HandlerNormal
I20220209 08:18:11.250759  5694 thread.cpp:99] Thread 1048576 construct Actor kNormalForward 2199023255646
I20220209 08:18:11.250809  5694 runtime_context.cpp:29] DecreaseCounter constructing_actor_cnt, current val is 1642
I20220209 08:18:11.251086  5694 naive_actor.cpp:25] actor 2199023255632 switch to &NaiveActor::HandlerNormal
I20220209 08:18:11.251116  5694 thread.cpp:99] Thread 1048576 construct Actor kNormalForward 2199023255632
I20220209 08:18:11.251165  5694 runtime_context.cpp:29] DecreaseCounter constructing_actor_cnt, current val is 1641
I20220209 08:18:11.252022  5694 naive_actor.cpp:25] actor 2199023255643 switch to &NaiveActor::HandlerNormal
I20220209 08:18:11.252054  5694 thread.cpp:99] Thread 1048576 construct Actor kNormalForward 2199023255643
I20220209 08:18:11.252113  5694 runtime_context.cpp:29] DecreaseCounter constructing_actor_cnt, current val is 1640
I20220209 08:18:11.252382  5694 naive_actor.cpp:25] actor 2199023255634 switch to &NaiveActor::HandlerNormal
I20220209 08:18:11.252413  5694 thread.cpp:99] Thread 1048576 construct Actor kNormalForward 2199023255634
I20220209 08:18:11.252463  5694 runtime_context.cpp:29] DecreaseCounter constructing_actor_cnt, current val is 1639
