Log file created at: 2022/02/11 03:50:56
Running on machine: 3b2ab1d574b6
Running duration (h:mm:ss): 0:00:00
Log line format: [IWEF]yyyymmdd hh:mm:ss.uuuuuu threadid file:line] msg
I20220211 03:50:56.854346 39858 global.h:36] NewGlobal N7oneflow7EnvDescE
I20220211 03:50:56.854609 39858 global.h:36] NewGlobal N7oneflow10ProcessCtxE
I20220211 03:50:56.854625 39858 env_global_objects_scope.cpp:163] using rpc backend: local
I20220211 03:51:00.020939 39858 global.h:36] NewGlobal N7oneflow12ResourceDescE
I20220211 03:51:00.021072 39858 global.h:36] NewGlobal N7oneflow12ResourceDescE
I20220211 03:51:00.144165 39858 global.h:36] NewGlobal N7oneflow2ep21DeviceManagerRegistryE
I20220211 03:51:00.144237 39858 global.h:36] NewGlobal N7oneflow10ThreadPoolE
I20220211 03:51:00.147168 39858 global.h:36] NewGlobal N7oneflow16EagerNcclCommMgrE
I20220211 03:51:00.147200 39858 global.h:36] NewGlobal N7oneflow18CudnnConvAlgoCacheE
I20220211 03:51:00.147218 39858 global.h:36] NewGlobal N7oneflow2vm19VirtualMachineScopeE
I20220211 03:51:00.147240 39858 global.h:36] NewGlobal N7oneflow14VirtualMachineE
I20220211 03:51:00.147840 39858 virtual_machine.cpp:95] transport stream type: N7oneflow2vm13CpuStreamTypeE
I20220211 03:51:00.147874 39858 virtual_machine.cpp:95] transport stream type: N7oneflow2vm14CudaStreamTypeE
I20220211 03:51:00.147892 39858 virtual_machine.cpp:95] transport stream type: N7oneflow2vm19AsyncCudaStreamTypeE
I20220211 03:51:00.148289 39858 global.h:36] NewGlobal N7oneflow27EagerJobBuildAndInferCtxMgrE
I20220211 03:51:00.148327 39858 global.h:36] NewGlobal N7oneflow12EpollCommNetE
I20220211 03:51:00.148670 39858 epoll_comm_network.cpp:63] CommNet:Epoll listening on 0.0.0.0:36144
I20220211 03:51:00.148736 39858 epoll_comm_network.cpp:197] machine 0 sockfd -1
I20220211 03:51:00.148990 39858 global.h:36] NewGlobal N7oneflow9TransportE
I20220211 03:51:00.149201 39858 global.h:43] DeleteGlobal N7oneflow17ForeignLockHelperE
I20220211 03:51:00.149430 39858 global.h:36] NewGlobal N7oneflow25MultiClientSessionContextE
I20220211 03:51:15.303992 39858 version.cpp:22] OneFlow git version: cf2ce57
I20220211 03:51:15.304044 39858 cuda_device_manager_factory.cpp:63] CUDA runtime version: 10.2
I20220211 03:51:15.304066 39858 cuda_device_manager_factory.cpp:72] cuDNN version: 7.6.5
I20220211 03:51:15.304078 39858 cuda_device_manager_factory.cpp:85] NCCL version: 2.11.4
I20220211 03:51:15.304122 39858 global.h:43] DeleteGlobal N7oneflow12ResourceDescE
I20220211 03:51:15.304137 39858 global.h:36] NewGlobal N7oneflow12ResourceDescE
I20220211 03:51:15.304147 39858 global.h:36] NewGlobal N7oneflow5IDMgrE
I20220211 03:51:15.304160 39858 global.h:36] NewGlobal N7oneflow22TaskStreamIndexManagerE
I20220211 03:51:15.304172 39858 global.h:36] NewGlobal N7oneflow26LazyJobBuildAndInferCtxMgrE
I20220211 03:51:15.304188 39858 global.h:36] NewGlobal N7oneflow9BufferMgrISt10shared_ptrINS_11JobInstanceEEEE
I20220211 03:51:15.304200 39858 global.h:36] NewGlobal N7oneflow9BufferMgrISt10shared_ptrINS_23CriticalSectionInstanceEEEE
I20220211 03:51:15.304209 39858 global.h:36] NewGlobal N7oneflow10RuntimeCtxE
I20220211 03:51:15.304217 39858 global.h:36] NewGlobal N7oneflow15MemoryAllocatorE
I20220211 03:51:15.304227 39858 global.h:36] NewGlobal N7oneflow8ChunkMgrE
I20220211 03:51:15.304236 39858 global.h:36] NewGlobal N7oneflow8RegstMgrE
I20220211 03:51:15.304251 39858 global.h:36] NewGlobal N7oneflow11ActorMsgBusE
I20220211 03:51:15.304262 39858 global.h:36] NewGlobal N7oneflow9ThreadMgrE
I20220211 03:51:15.304271 39858 global.h:36] NewGlobal N7oneflow15RuntimeJobDescsE
I20220211 03:51:15.304280 39858 global.h:36] NewGlobal N7oneflow7summary12EventsWriterE
I20220211 03:51:15.304291 39858 global.h:36] NewGlobal N7oneflow6boxing10collective9SchedulerE
I20220211 03:51:15.376690 39858 global.h:36] NewGlobal N7oneflow7JobDescE
I20220211 03:51:17.813016 39858 global.h:43] DeleteGlobal N7oneflow7JobDescE
I20220211 03:51:17.813135 39858 global.h:36] NewGlobal N7oneflow7JobDescE
I20220211 03:51:17.826009 39858 global.h:36] NewGlobal N7oneflow7OpGraphE
I20220211 03:51:17.851539 39858 global.h:43] DeleteGlobal N7oneflow7OpGraphE
I20220211 03:51:17.946249 39858 auto_mixed_precision.cpp:146] Insert CastOp: data_loader.image-out-cast_f2h between data_loader.image/out
I20220211 03:51:17.946379 39858 auto_mixed_precision.cpp:146] Insert CastOp: model.backbone.layer3.4.conv2.weight-out-cast_f2h between model.backbone.layer3.4.conv2.weight/out
I20220211 03:51:17.946467 39858 auto_mixed_precision.cpp:146] Insert CastOp: model.fc-l2_normalize-185-y_0-cast_f2h between model.fc-l2_normalize-185/y_0
I20220211 03:51:17.946683 39858 auto_mixed_precision.cpp:146] Insert CastOp: model.fc-l2_normalize-184-y_0-cast_f2h between model.fc-l2_normalize-184/y_0
I20220211 03:51:17.946770 39858 auto_mixed_precision.cpp:146] Insert CastOp: model.backbone.layer2.0.conv2.weight-out-cast_f2h between model.backbone.layer2.0.conv2.weight/out
I20220211 03:51:17.946921 39858 auto_mixed_precision.cpp:146] Insert CastOp: model.backbone.layer3.13.conv2.weight-out-cast_f2h between model.backbone.layer3.13.conv2.weight/out
I20220211 03:51:17.947036 39858 auto_mixed_precision.cpp:146] Insert CastOp: model.backbone.layer3.1.conv2.weight-out-cast_f2h between model.backbone.layer3.1.conv2.weight/out
I20220211 03:51:17.947162 39858 auto_mixed_precision.cpp:146] Insert CastOp: model.backbone.layer3.12.conv2.weight-out-cast_f2h between model.backbone.layer3.12.conv2.weight/out
I20220211 03:51:17.947247 39858 auto_mixed_precision.cpp:146] Insert CastOp: model.backbone.layer3.1.conv1.weight-out-cast_f2h between model.backbone.layer3.1.conv1.weight/out
I20220211 03:51:17.947360 39858 auto_mixed_precision.cpp:146] Insert CastOp: model.backbone.layer1.2.conv2.weight-out-cast_f2h between model.backbone.layer1.2.conv2.weight/out
I20220211 03:51:17.947497 39858 auto_mixed_precision.cpp:146] Insert CastOp: model.backbone.layer3.0.conv2.weight-out-cast_f2h between model.backbone.layer3.0.conv2.weight/out
I20220211 03:51:17.947594 39858 auto_mixed_precision.cpp:146] Insert CastOp: model.backbone.layer3.9.conv2.weight-out-cast_f2h between model.backbone.layer3.9.conv2.weight/out
I20220211 03:51:17.947680 39858 auto_mixed_precision.cpp:146] Insert CastOp: model.backbone.layer3.0.conv1.weight-out-cast_f2h between model.backbone.layer3.0.conv1.weight/out
I20220211 03:51:17.947831 39858 auto_mixed_precision.cpp:146] Insert CastOp: model.backbone.layer2.3.conv1.weight-out-cast_f2h between model.backbone.layer2.3.conv1.weight/out
I20220211 03:51:17.948000 39858 auto_mixed_precision.cpp:146] Insert CastOp: model.backbone.layer3.5.conv2.weight-out-cast_f2h between model.backbone.layer3.5.conv2.weight/out
I20220211 03:51:17.948151 39858 auto_mixed_precision.cpp:146] Insert CastOp: model.backbone.layer3.6.conv2.weight-out-cast_f2h between model.backbone.layer3.6.conv2.weight/out
I20220211 03:51:17.948222 39858 auto_mixed_precision.cpp:146] Insert CastOp: model.backbone.layer3.11.conv2.weight-out-cast_f2h between model.backbone.layer3.11.conv2.weight/out
I20220211 03:51:17.948293 39858 auto_mixed_precision.cpp:146] Insert CastOp: model.backbone.layer1.1.conv2.weight-out-cast_f2h between model.backbone.layer1.1.conv2.weight/out
I20220211 03:51:17.948417 39858 auto_mixed_precision.cpp:146] Insert CastOp: model.backbone.layer3.3.conv1.weight-out-cast_f2h between model.backbone.layer3.3.conv1.weight/out
I20220211 03:51:17.948566 39858 auto_mixed_precision.cpp:146] Insert CastOp: model.backbone.layer2.2.conv2.weight-out-cast_f2h between model.backbone.layer2.2.conv2.weight/out
I20220211 03:51:17.948665 39858 auto_mixed_precision.cpp:146] Insert CastOp: model.backbone.layer2.1.conv2.weight-out-cast_f2h between model.backbone.layer2.1.conv2.weight/out
I20220211 03:51:17.948736 39858 auto_mixed_precision.cpp:146] Insert CastOp: model.backbone.layer2.3.conv2.weight-out-cast_f2h between model.backbone.layer2.3.conv2.weight/out
I20220211 03:51:17.948885 39858 auto_mixed_precision.cpp:146] Insert CastOp: model.backbone.layer3.10.conv1.weight-out-cast_f2h between model.backbone.layer3.10.conv1.weight/out
I20220211 03:51:17.949028 39858 auto_mixed_precision.cpp:146] Insert CastOp: model.backbone.layer1.1.conv1.weight-out-cast_f2h between model.backbone.layer1.1.conv1.weight/out
I20220211 03:51:17.949122 39858 auto_mixed_precision.cpp:146] Insert CastOp: model.backbone.layer3.4.conv1.weight-out-cast_f2h between model.backbone.layer3.4.conv1.weight/out
I20220211 03:51:17.949247 39858 auto_mixed_precision.cpp:146] Insert CastOp: model.backbone.layer3.0.downsample.0.weight-out-cast_f2h between model.backbone.layer3.0.downsample.0.weight/out
I20220211 03:51:17.949422 39858 auto_mixed_precision.cpp:146] Insert CastOp: model.backbone.layer2.1.conv1.weight-out-cast_f2h between model.backbone.layer2.1.conv1.weight/out
I20220211 03:51:17.949677 39858 auto_mixed_precision.cpp:146] Insert CastOp: model.backbone.layer3.8.conv1.weight-out-cast_f2h between model.backbone.layer3.8.conv1.weight/out
I20220211 03:51:17.949788 39858 auto_mixed_precision.cpp:146] Insert CastOp: model.backbone.layer4.0.conv2.weight-out-cast_f2h between model.backbone.layer4.0.conv2.weight/out
I20220211 03:51:17.950073 39858 auto_mixed_precision.cpp:146] Insert CastOp: model.backbone.layer2.2.conv1.weight-out-cast_f2h between model.backbone.layer2.2.conv1.weight/out
I20220211 03:51:17.950495 39858 auto_mixed_precision.cpp:146] Insert CastOp: model.backbone.layer2.0.downsample.0.weight-out-cast_f2h between model.backbone.layer2.0.downsample.0.weight/out
I20220211 03:51:17.951138 39858 auto_mixed_precision.cpp:146] Insert CastOp: model.backbone.layer3.12.conv1.weight-out-cast_f2h between model.backbone.layer3.12.conv1.weight/out
I20220211 03:51:17.951236 39858 auto_mixed_precision.cpp:146] Insert CastOp: model.backbone.layer4.2.conv1.weight-out-cast_f2h between model.backbone.layer4.2.conv1.weight/out
I20220211 03:51:17.951308 39858 auto_mixed_precision.cpp:146] Insert CastOp: model.backbone.layer4.0.conv1.weight-out-cast_f2h between model.backbone.layer4.0.conv1.weight/out
I20220211 03:51:17.951416 39858 auto_mixed_precision.cpp:146] Insert CastOp: model.backbone.layer3.13.conv1.weight-out-cast_f2h between model.backbone.layer3.13.conv1.weight/out
I20220211 03:51:17.951567 39858 auto_mixed_precision.cpp:146] Insert CastOp: model.backbone.layer3.7.conv1.weight-out-cast_f2h between model.backbone.layer3.7.conv1.weight/out
I20220211 03:51:17.951651 39858 auto_mixed_precision.cpp:146] Insert CastOp: model.backbone.layer4.2.conv2.weight-out-cast_f2h between model.backbone.layer4.2.conv2.weight/out
I20220211 03:51:17.951721 39858 auto_mixed_precision.cpp:146] Insert CastOp: model.backbone.layer3.11.conv1.weight-out-cast_f2h between model.backbone.layer3.11.conv1.weight/out
I20220211 03:51:17.951833 39858 auto_mixed_precision.cpp:146] Insert CastOp: model.backbone.layer3.7.conv2.weight-out-cast_f2h between model.backbone.layer3.7.conv2.weight/out
I20220211 03:51:17.952039 39858 auto_mixed_precision.cpp:146] Insert CastOp: model.backbone.fc.weight-out-cast_f2h between model.backbone.fc.weight/out
I20220211 03:51:17.952203 39858 auto_mixed_precision.cpp:146] Insert CastOp: model.backbone.layer3.2.conv1.weight-out-cast_f2h between model.backbone.layer3.2.conv1.weight/out
I20220211 03:51:17.952287 39858 auto_mixed_precision.cpp:146] Insert CastOp: model.backbone.layer1.2.conv1.weight-out-cast_f2h between model.backbone.layer1.2.conv1.weight/out
I20220211 03:51:17.952476 39858 auto_mixed_precision.cpp:146] Insert CastOp: model.backbone.layer3.10.conv2.weight-out-cast_f2h between model.backbone.layer3.10.conv2.weight/out
I20220211 03:51:17.952612 39858 auto_mixed_precision.cpp:146] Insert CastOp: model.backbone.layer1.0.conv1.weight-out-cast_f2h between model.backbone.layer1.0.conv1.weight/out
I20220211 03:51:17.952723 39858 auto_mixed_precision.cpp:146] Insert CastOp: model.backbone.layer1.0.downsample.0.weight-out-cast_f2h between model.backbone.layer1.0.downsample.0.weight/out
I20220211 03:51:17.952847 39858 auto_mixed_precision.cpp:146] Insert CastOp: model.backbone.layer3.6.conv1.weight-out-cast_f2h between model.backbone.layer3.6.conv1.weight/out
I20220211 03:51:17.953032 39858 auto_mixed_precision.cpp:146] Insert CastOp: model.backbone.conv1.weight-out-cast_f2h between model.backbone.conv1.weight/out
I20220211 03:51:17.953122 39858 auto_mixed_precision.cpp:146] Insert CastOp: model.backbone.layer4.1.conv1.weight-out-cast_f2h between model.backbone.layer4.1.conv1.weight/out
I20220211 03:51:17.953233 39858 auto_mixed_precision.cpp:146] Insert CastOp: model.backbone.layer3.9.conv1.weight-out-cast_f2h between model.backbone.layer3.9.conv1.weight/out
I20220211 03:51:17.953343 39858 auto_mixed_precision.cpp:146] Insert CastOp: model.backbone.layer3.3.conv2.weight-out-cast_f2h between model.backbone.layer3.3.conv2.weight/out
I20220211 03:51:17.953428 39858 auto_mixed_precision.cpp:146] Insert CastOp: model.backbone.layer3.8.conv2.weight-out-cast_f2h between model.backbone.layer3.8.conv2.weight/out
I20220211 03:51:17.953552 39858 auto_mixed_precision.cpp:146] Insert CastOp: model.backbone.layer4.0.downsample.0.weight-out-cast_f2h between model.backbone.layer4.0.downsample.0.weight/out
I20220211 03:51:17.953701 39858 auto_mixed_precision.cpp:146] Insert CastOp: model.backbone.layer3.5.conv1.weight-out-cast_f2h between model.backbone.layer3.5.conv1.weight/out
I20220211 03:51:17.953836 39858 auto_mixed_precision.cpp:146] Insert CastOp: model.backbone.layer1.0.conv2.weight-out-cast_f2h between model.backbone.layer1.0.conv2.weight/out
I20220211 03:51:17.953953 39858 auto_mixed_precision.cpp:146] Insert CastOp: model.backbone.layer3.2.conv2.weight-out-cast_f2h between model.backbone.layer3.2.conv2.weight/out
I20220211 03:51:17.954188 39858 auto_mixed_precision.cpp:146] Insert CastOp: model.backbone.layer2.0.conv1.weight-out-cast_f2h between model.backbone.layer2.0.conv1.weight/out
I20220211 03:51:17.954310 39858 auto_mixed_precision.cpp:146] Insert CastOp: model.backbone.layer4.1.conv2.weight-out-cast_f2h between model.backbone.layer4.1.conv2.weight/out
I20220211 03:51:17.955327 39858 auto_mixed_precision.cpp:146] Insert CastOp: model.backbone.fc-matmul-182-out_0-cast_h2f between model.backbone.fc-matmul-182/out_0
I20220211 03:51:17.955423 39858 auto_mixed_precision.cpp:146] Insert CastOp: model.fc-matmul-186-out_0-cast_h2f between model.fc-matmul-186/out_0
I20220211 03:51:19.878814 39858 global.h:43] DeleteGlobal N7oneflow7JobDescE
I20220211 03:51:20.085603 39858 global.h:36] NewGlobal N7oneflow7JobDescE
I20220211 03:51:22.419366 39858 global.h:36] NewGlobal N7oneflow7OpGraphE
I20220211 03:51:26.881394 39858 global.h:43] DeleteGlobal N7oneflow7OpGraphE
I20220211 03:51:27.002543 39858 nn_graph.cpp:225] 
job_id: 0 , job_name: TrainGraph_0 , compile time: 6.91664 seconds.
I20220211 03:51:27.562170 39858 plan_util.cpp:928]  Plan: TrainGraph_0 needs to allocate [ 5443.49 MiB ] device memory in Rank: 0 , Device: 0
I20220211 03:51:27.687853 39858 runtime_context.cpp:21] NewCounter constructing_actor_cnt 1734
I20220211 03:51:27.688572 40173 naive_actor.cpp:25] actor 1099536793600 switch to &NaiveActor::HandlerNormal
I20220211 03:51:27.688598 40173 thread.cpp:99] Thread 524300 construct Actor kDeviceTick 1099536793600
I20220211 03:51:27.688655 40173 runtime_context.cpp:29] DecreaseCounter constructing_actor_cnt, current val is 1733
I20220211 03:51:27.689023 40171 wait_and_send_ids_actor.cpp:53] actor 1099631165440 switch to &WaitAndSendIdsActor::HandlerWaitToStart
I20220211 03:51:27.689093 40171 thread.cpp:99] Thread 524345 construct Actor kWaitAndSendIds 1099631165440
I20220211 03:51:27.689185 40171 runtime_context.cpp:29] DecreaseCounter constructing_actor_cnt, current val is 1732
I20220211 03:51:27.699209 40152 naive_actor.cpp:25] actor 2199023257250 switch to &NaiveActor::HandlerNormal
I20220211 03:51:27.699255 40152 thread.cpp:99] Thread 1048576 construct Actor kDeviceTick 2199023257250
I20220211 03:51:27.699332 40152 runtime_context.cpp:29] DecreaseCounter constructing_actor_cnt, current val is 1731
I20220211 03:51:27.699594 40152 naive_actor.cpp:25] actor 2199023257252 switch to &NaiveActor::HandlerNormal
I20220211 03:51:27.699630 40152 thread.cpp:99] Thread 1048576 construct Actor kDeviceTick 2199023257252
I20220211 03:51:27.699685 40152 runtime_context.cpp:29] DecreaseCounter constructing_actor_cnt, current val is 1730
I20220211 03:51:27.761216 40164 naive_actor.cpp:25] actor 2199027449856 switch to &NaiveActor::HandlerNormal
I20220211 03:51:27.761262 40168 naive_actor.cpp:25] actor 2199025352706 switch to &NaiveActor::HandlerNormal
I20220211 03:51:27.761273 40152 naive_actor.cpp:25] actor 2199023255598 switch to &NaiveActor::HandlerNormal
I20220211 03:51:27.761536 40164 thread.cpp:99] Thread 1048578 construct Actor kCopyHd 2199027449856
I20220211 03:51:27.761641 40152 thread.cpp:99] Thread 1048576 construct Actor kNormalForward 2199023255598
I20220211 03:51:27.761585 40168 thread.cpp:99] Thread 1048577 construct Actor kCopyHd 2199025352706
I20220211 03:51:27.761693 40164 runtime_context.cpp:29] DecreaseCounter constructing_actor_cnt, current val is 1729
I20220211 03:51:27.761752 40152 runtime_context.cpp:29] DecreaseCounter constructing_actor_cnt, current val is 1728
I20220211 03:51:27.761760 40168 runtime_context.cpp:29] DecreaseCounter constructing_actor_cnt, current val is 1727
I20220211 03:51:27.762079 40157 naive_actor.cpp:25] actor 1099520016384 switch to &NaiveActor::HandlerNormal
I20220211 03:51:27.762118 40157 thread.cpp:99] Thread 524292 construct Actor kNormalForward 1099520016384
I20220211 03:51:27.762148 40158 naive_actor.cpp:25] actor 1099522113536 switch to &NaiveActor::HandlerNormal
I20220211 03:51:27.762187 40160 naive_actor.cpp:25] actor 1099515822080 switch to &NaiveActor::HandlerNormal
I20220211 03:51:27.762177 40157 runtime_context.cpp:29] DecreaseCounter constructing_actor_cnt, current val is 1726
I20220211 03:51:27.762253 40160 thread.cpp:99] Thread 524290 construct Actor kNormalForward 1099515822080
I20220211 03:51:27.762229 40172 sink_actor.cpp:21] actor 1099633262592 switch to &SinkActor::HandlerNormal
I20220211 03:51:27.762212 40158 thread.cpp:99] Thread 524293 construct Actor kNormalForward 1099522113536
I20220211 03:51:27.762352 40160 runtime_context.cpp:29] DecreaseCounter constructing_actor_cnt, current val is 1725
I20220211 03:51:27.762300 40166 naive_actor.cpp:25] actor 1099534696448 switch to &NaiveActor::HandlerNormal
I20220211 03:51:27.762426 40158 runtime_context.cpp:29] DecreaseCounter constructing_actor_cnt, current val is 1724
I20220211 03:51:27.762439 40166 thread.cpp:99] Thread 524299 construct Actor kDeviceTick 1099534696448
I20220211 03:51:27.762456 40153 naive_actor.cpp:25] actor 1099528404992 switch to &NaiveActor::HandlerNormal
I20220211 03:51:27.762343 40172 thread.cpp:99] Thread 524346 construct Actor kCallbackNotify 1099633262592
I20220211 03:51:27.762531 40153 thread.cpp:99] Thread 524296 construct Actor kNormalForward 1099528404992
I20220211 03:51:27.762423 40155 naive_actor.cpp:25] actor 1099511627776 switch to &NaiveActor::HandlerNormal
I20220211 03:51:27.762598 40172 runtime_context.cpp:29] DecreaseCounter constructing_actor_cnt, current val is 1722
I20220211 03:51:27.762302 40168 naive_actor.cpp:25] actor 2199025352704 switch to &NaiveActor::HandlerNormal
I20220211 03:51:27.762634 40153 runtime_context.cpp:29] DecreaseCounter constructing_actor_cnt, current val is 1721
I20220211 03:51:27.762668 40168 thread.cpp:99] Thread 1048577 construct Actor kCopyHd 2199025352704
I20220211 03:51:27.762621 40155 thread.cpp:99] Thread 524288 construct Actor kNormalForward 1099511627776
I20220211 03:51:27.762709 40170 naive_actor.cpp:25] actor 1099532599296 switch to &NaiveActor::HandlerNormal
I20220211 03:51:27.762544 40166 runtime_context.cpp:29] DecreaseCounter constructing_actor_cnt, current val is 1723
I20220211 03:51:27.762789 40155 runtime_context.cpp:29] DecreaseCounter constructing_actor_cnt, current val is 1719
I20220211 03:51:27.762738 40168 runtime_context.cpp:29] DecreaseCounter constructing_actor_cnt, current val is 1720
I20220211 03:51:27.762779 40170 thread.cpp:99] Thread 524298 construct Actor kNormalForward 1099532599296
I20220211 03:51:27.762382 40159 naive_actor.cpp:25] actor 1099513724928 switch to &NaiveActor::HandlerNormal
I20220211 03:51:27.762979 40159 thread.cpp:99] Thread 524289 construct Actor kNormalForward 1099513724928
I20220211 03:51:27.762984 40170 runtime_context.cpp:29] DecreaseCounter constructing_actor_cnt, current val is 1718
I20220211 03:51:27.763080 40159 runtime_context.cpp:29] DecreaseCounter constructing_actor_cnt, current val is 1717
I20220211 03:51:27.763200 40168 naive_actor.cpp:25] actor 2199025352705 switch to &NaiveActor::HandlerNormal
I20220211 03:51:27.763242 40168 thread.cpp:99] Thread 1048577 construct Actor kCopyHd 2199025352705
I20220211 03:51:27.763283 40165 naive_actor.cpp:25] actor 1099629068290 switch to &NaiveActor::HandlerNormal
I20220211 03:51:27.763288 40168 runtime_context.cpp:29] DecreaseCounter constructing_actor_cnt, current val is 1716
I20220211 03:51:27.763336 40165 thread.cpp:99] Thread 524344 construct Actor kDstSubsetTick 1099629068290
I20220211 03:51:27.763379 40156 naive_actor.cpp:25] actor 1099526307840 switch to &NaiveActor::HandlerNormal
I20220211 03:51:27.763433 40156 thread.cpp:99] Thread 524295 construct Actor kNormalForward 1099526307840
I20220211 03:51:27.763460 40176 naive_actor.cpp:25] actor 1099540987904 switch to &NaiveActor::HandlerNormal
I20220211 03:51:27.763489 40175 naive_actor.cpp:25] actor 1099637456896 switch to &NaiveActor::HandlerNormal
I20220211 03:51:27.763525 40156 runtime_context.cpp:29] DecreaseCounter constructing_actor_cnt, current val is 1714
I20220211 03:51:27.763442 40165 runtime_context.cpp:29] DecreaseCounter constructing_actor_cnt, current val is 1715
I20220211 03:51:27.763525 40176 thread.cpp:99] Thread 524302 construct Actor kNormalForward 1099540987904
I20220211 03:51:27.763533 40161 naive_actor.cpp:25] actor 1099524210688 switch to &NaiveActor::HandlerNormal
I20220211 03:51:27.763620 40169 naive_actor.cpp:25] actor 1099635359744 switch to &NaiveActor::HandlerNormal
I20220211 03:51:27.763650 40154 naive_actor.cpp:25] actor 1099517919232 switch to &NaiveActor::HandlerNormal
I20220211 03:51:27.763684 40169 thread.cpp:99] Thread 524347 construct Actor kCriticalSectionWaitTick 1099635359744
I20220211 03:51:27.763558 40162 naive_actor.cpp:25] actor 1099530502144 switch to &NaiveActor::HandlerNormal
I20220211 03:51:27.763655 40176 runtime_context.cpp:29] DecreaseCounter constructing_actor_cnt, current val is 1713
I20220211 03:51:27.763777 40169 runtime_context.cpp:29] DecreaseCounter constructing_actor_cnt, current val is 1712
I20220211 03:51:27.763717 40154 thread.cpp:99] Thread 524291 construct Actor kNormalForward 1099517919232
I20220211 03:51:27.763832 40152 naive_actor.cpp:25] actor 2199023255562 switch to &NaiveActor::HandlerNormal
I20220211 03:51:27.763720 40174 naive_actor.cpp:25] actor 1099538890752 switch to &NaiveActor::HandlerNormal
I20220211 03:51:27.763914 40154 runtime_context.cpp:29] DecreaseCounter constructing_actor_cnt, current val is 1711
I20220211 03:51:27.763940 40165 naive_actor.cpp:25] actor 1099629068292 switch to &NaiveActor::HandlerNormal
I20220211 03:51:27.763648 40161 thread.cpp:99] Thread 524294 construct Actor kNormalForward 1099524210688
I20220211 03:51:27.764007 40165 thread.cpp:99] Thread 524344 construct Actor kTick 1099629068292
I20220211 03:51:27.763895 40152 thread.cpp:99] Thread 1048576 construct Actor kNormalForward 2199023255562
I20220211 03:51:27.763775 40162 thread.cpp:99] Thread 524297 construct Actor kNormalForward 1099530502144
I20220211 03:51:27.763955 40174 thread.cpp:99] Thread 524301 construct Actor kNormalForward 1099538890752
I20220211 03:51:27.764106 40165 runtime_context.cpp:29] DecreaseCounter constructing_actor_cnt, current val is 1710
I20220211 03:51:27.764123 40152 runtime_context.cpp:29] DecreaseCounter constructing_actor_cnt, current val is 1708
I20220211 03:51:27.764158 40162 runtime_context.cpp:29] DecreaseCounter constructing_actor_cnt, current val is 1707
I20220211 03:51:27.764181 40174 runtime_context.cpp:29] DecreaseCounter constructing_actor_cnt, current val is 1706
I20220211 03:51:27.764111 40161 runtime_context.cpp:29] DecreaseCounter constructing_actor_cnt, current val is 1709
I20220211 03:51:27.763554 40175 thread.cpp:99] Thread 524348 construct Actor kCriticalSectionWaitTick 1099637456896
I20220211 03:51:27.764319 40175 runtime_context.cpp:29] DecreaseCounter constructing_actor_cnt, current val is 1705
I20220211 03:51:27.764478 40165 naive_actor.cpp:25] actor 1099629068293 switch to &NaiveActor::HandlerNormal
I20220211 03:51:27.764519 40165 thread.cpp:99] Thread 524344 construct Actor kTick 1099629068293
I20220211 03:51:27.764580 40165 runtime_context.cpp:29] DecreaseCounter constructing_actor_cnt, current val is 1704
I20220211 03:51:27.764927 40165 naive_actor.cpp:25] actor 1099629068291 switch to &NaiveActor::HandlerNormal
I20220211 03:51:27.764981 40165 thread.cpp:99] Thread 524344 construct Actor kTick 1099629068291
I20220211 03:51:27.765039 40165 runtime_context.cpp:29] DecreaseCounter constructing_actor_cnt, current val is 1703
I20220211 03:51:27.765344 40152 naive_actor.cpp:25] actor 2199023255577 switch to &NaiveActor::HandlerNormal
I20220211 03:51:27.765390 40152 thread.cpp:99] Thread 1048576 construct Actor kNormalForward 2199023255577
I20220211 03:51:27.765393 40165 naive_actor.cpp:25] actor 1099629068289 switch to &NaiveActor::HandlerNormal
I20220211 03:51:27.765465 40165 thread.cpp:99] Thread 524344 construct Actor kTick 1099629068289
I20220211 03:51:27.765476 40152 runtime_context.cpp:29] DecreaseCounter constructing_actor_cnt, current val is 1702
I20220211 03:51:27.765533 40165 runtime_context.cpp:29] DecreaseCounter constructing_actor_cnt, current val is 1701
I20220211 03:51:27.765874 40165 naive_actor.cpp:25] actor 1099629068294 switch to &NaiveActor::HandlerNormal
I20220211 03:51:27.765889 40152 naive_actor.cpp:25] actor 2199023255552 switch to &NaiveActor::HandlerNormal
I20220211 03:51:27.765923 40165 thread.cpp:99] Thread 524344 construct Actor kSrcSubsetTick 1099629068294
I20220211 03:51:27.765977 40152 thread.cpp:99] Thread 1048576 construct Actor kNormalForward 2199023255552
I20220211 03:51:27.766043 40165 runtime_context.cpp:29] DecreaseCounter constructing_actor_cnt, current val is 1700
I20220211 03:51:27.766078 40152 runtime_context.cpp:29] DecreaseCounter constructing_actor_cnt, current val is 1699
I20220211 03:51:27.766392 40165 naive_actor.cpp:25] actor 1099629068296 switch to &NaiveActor::HandlerNormal
I20220211 03:51:27.766415 40152 naive_actor.cpp:25] actor 2199023255586 switch to &NaiveActor::HandlerNormal
I20220211 03:51:27.766440 40165 thread.cpp:99] Thread 524344 construct Actor kSrcSubsetTick 1099629068296
I20220211 03:51:27.766472 40152 thread.cpp:99] Thread 1048576 construct Actor kNormalForward 2199023255586
I20220211 03:51:27.766537 40165 runtime_context.cpp:29] DecreaseCounter constructing_actor_cnt, current val is 1698
I20220211 03:51:27.766569 40152 runtime_context.cpp:29] DecreaseCounter constructing_actor_cnt, current val is 1697
I20220211 03:51:27.766904 40165 naive_actor.cpp:25] actor 1099629068288 switch to &NaiveActor::HandlerNormal
I20220211 03:51:27.766955 40165 thread.cpp:99] Thread 524344 construct Actor kSrcSubsetTick 1099629068288
I20220211 03:51:27.766975 40152 naive_actor.cpp:25] actor 2199023255557 switch to &NaiveActor::HandlerNormal
I20220211 03:51:27.767016 40165 runtime_context.cpp:29] DecreaseCounter constructing_actor_cnt, current val is 1696
I20220211 03:51:27.767016 40152 thread.cpp:99] Thread 1048576 construct Actor kNormalForward 2199023255557
I20220211 03:51:27.767122 40152 runtime_context.cpp:29] DecreaseCounter constructing_actor_cnt, current val is 1695
I20220211 03:51:27.767380 40165 naive_actor.cpp:25] actor 1099629068297 switch to &NaiveActor::HandlerNormal
I20220211 03:51:27.767419 40165 thread.cpp:99] Thread 524344 construct Actor kDstSubsetTick 1099629068297
I20220211 03:51:27.767448 40152 naive_actor.cpp:25] actor 2199023255579 switch to &NaiveActor::HandlerNormal
I20220211 03:51:27.767479 40165 runtime_context.cpp:29] DecreaseCounter constructing_actor_cnt, current val is 1694
I20220211 03:51:27.767488 40152 thread.cpp:99] Thread 1048576 construct Actor kNormalForward 2199023255579
I20220211 03:51:27.767568 40152 runtime_context.cpp:29] DecreaseCounter constructing_actor_cnt, current val is 1693
I20220211 03:51:27.767853 40165 naive_actor.cpp:25] actor 1099629068295 switch to &NaiveActor::HandlerNormal
I20220211 03:51:27.767906 40165 thread.cpp:99] Thread 524344 construct Actor kDstSubsetTick 1099629068295
I20220211 03:51:27.767910 40152 naive_actor.cpp:25] actor 2199023255565 switch to &NaiveActor::HandlerNormal
I20220211 03:51:27.767987 40165 runtime_context.cpp:29] DecreaseCounter constructing_actor_cnt, current val is 1692
I20220211 03:51:27.767987 40152 thread.cpp:99] Thread 1048576 construct Actor kNormalForward 2199023255565
I20220211 03:51:27.768090 40152 runtime_context.cpp:29] DecreaseCounter constructing_actor_cnt, current val is 1691
I20220211 03:51:27.768414 40152 naive_actor.cpp:25] actor 2199023255590 switch to &NaiveActor::HandlerNormal
I20220211 03:51:27.768452 40152 thread.cpp:99] Thread 1048576 construct Actor kNormalForward 2199023255590
I20220211 03:51:27.768514 40152 runtime_context.cpp:29] DecreaseCounter constructing_actor_cnt, current val is 1690
I20220211 03:51:27.768831 40152 naive_actor.cpp:25] actor 2199023255559 switch to &NaiveActor::HandlerNormal
I20220211 03:51:27.768870 40152 thread.cpp:99] Thread 1048576 construct Actor kNormalForward 2199023255559
I20220211 03:51:27.768934 40152 runtime_context.cpp:29] DecreaseCounter constructing_actor_cnt, current val is 1689
I20220211 03:51:27.769273 40152 naive_actor.cpp:25] actor 2199023255593 switch to &NaiveActor::HandlerNormal
I20220211 03:51:27.769310 40152 thread.cpp:99] Thread 1048576 construct Actor kNormalForward 2199023255593
I20220211 03:51:27.769372 40152 runtime_context.cpp:29] DecreaseCounter constructing_actor_cnt, current val is 1688
I20220211 03:51:27.769711 40152 naive_actor.cpp:25] actor 2199023255580 switch to &NaiveActor::HandlerNormal
I20220211 03:51:27.769750 40152 thread.cpp:99] Thread 1048576 construct Actor kNormalForward 2199023255580
I20220211 03:51:27.769811 40152 runtime_context.cpp:29] DecreaseCounter constructing_actor_cnt, current val is 1687
I20220211 03:51:27.770149 40152 naive_actor.cpp:25] actor 2199023255558 switch to &NaiveActor::HandlerNormal
I20220211 03:51:27.770187 40152 thread.cpp:99] Thread 1048576 construct Actor kNormalForward 2199023255558
I20220211 03:51:27.770251 40152 runtime_context.cpp:29] DecreaseCounter constructing_actor_cnt, current val is 1686
I20220211 03:51:27.770712 40152 naive_actor.cpp:25] actor 2199023255566 switch to &NaiveActor::HandlerNormal
I20220211 03:51:27.770752 40152 thread.cpp:99] Thread 1048576 construct Actor kNormalForward 2199023255566
I20220211 03:51:27.770815 40152 runtime_context.cpp:29] DecreaseCounter constructing_actor_cnt, current val is 1685
I20220211 03:51:27.771142 40152 naive_actor.cpp:25] actor 2199023255605 switch to &NaiveActor::HandlerNormal
I20220211 03:51:27.771181 40152 thread.cpp:99] Thread 1048576 construct Actor kNormalForward 2199023255605
I20220211 03:51:27.771243 40152 runtime_context.cpp:29] DecreaseCounter constructing_actor_cnt, current val is 1684
I20220211 03:51:27.771570 40152 naive_actor.cpp:25] actor 2199023255595 switch to &NaiveActor::HandlerNormal
I20220211 03:51:27.771606 40152 thread.cpp:99] Thread 1048576 construct Actor kNormalForward 2199023255595
I20220211 03:51:27.771663 40152 runtime_context.cpp:29] DecreaseCounter constructing_actor_cnt, current val is 1683
I20220211 03:51:27.772789 40152 naive_actor.cpp:25] actor 2199023255584 switch to &NaiveActor::HandlerNormal
I20220211 03:51:27.772828 40152 thread.cpp:99] Thread 1048576 construct Actor kNormalForward 2199023255584
I20220211 03:51:27.772902 40152 runtime_context.cpp:29] DecreaseCounter constructing_actor_cnt, current val is 1682
I20220211 03:51:27.773238 40152 naive_actor.cpp:25] actor 2199023255568 switch to &NaiveActor::HandlerNormal
I20220211 03:51:27.773277 40152 thread.cpp:99] Thread 1048576 construct Actor kNormalForward 2199023255568
I20220211 03:51:27.773339 40152 runtime_context.cpp:29] DecreaseCounter constructing_actor_cnt, current val is 1681
I20220211 03:51:27.773643 40152 naive_actor.cpp:25] actor 2199023255571 switch to &NaiveActor::HandlerNormal
I20220211 03:51:27.773680 40152 thread.cpp:99] Thread 1048576 construct Actor kNormalForward 2199023255571
I20220211 03:51:27.773748 40152 runtime_context.cpp:29] DecreaseCounter constructing_actor_cnt, current val is 1680
I20220211 03:51:27.774828 40152 naive_actor.cpp:25] actor 2199023255624 switch to &NaiveActor::HandlerNormal
I20220211 03:51:27.774871 40152 thread.cpp:99] Thread 1048576 construct Actor kNormalForward 2199023255624
I20220211 03:51:27.774955 40152 runtime_context.cpp:29] DecreaseCounter constructing_actor_cnt, current val is 1679
I20220211 03:51:27.775281 40152 naive_actor.cpp:25] actor 2199023255581 switch to &NaiveActor::HandlerNormal
I20220211 03:51:27.775318 40152 thread.cpp:99] Thread 1048576 construct Actor kNormalForward 2199023255581
I20220211 03:51:27.775379 40152 runtime_context.cpp:29] DecreaseCounter constructing_actor_cnt, current val is 1678
I20220211 03:51:27.775679 40152 naive_actor.cpp:25] actor 2199023255597 switch to &NaiveActor::HandlerNormal
I20220211 03:51:27.775717 40152 thread.cpp:99] Thread 1048576 construct Actor kNormalForward 2199023255597
I20220211 03:51:27.775786 40152 runtime_context.cpp:29] DecreaseCounter constructing_actor_cnt, current val is 1677
I20220211 03:51:27.776105 40152 naive_actor.cpp:25] actor 2199023255606 switch to &NaiveActor::HandlerNormal
I20220211 03:51:27.776142 40152 thread.cpp:99] Thread 1048576 construct Actor kNormalForward 2199023255606
I20220211 03:51:27.776199 40152 runtime_context.cpp:29] DecreaseCounter constructing_actor_cnt, current val is 1676
I20220211 03:51:27.777170 40152 naive_actor.cpp:25] actor 2199023255596 switch to &NaiveActor::HandlerNormal
I20220211 03:51:27.777209 40152 thread.cpp:99] Thread 1048576 construct Actor kNormalForward 2199023255596
I20220211 03:51:27.777280 40152 runtime_context.cpp:29] DecreaseCounter constructing_actor_cnt, current val is 1675
I20220211 03:51:27.777598 40152 naive_actor.cpp:25] actor 2199023255607 switch to &NaiveActor::HandlerNormal
I20220211 03:51:27.777634 40152 thread.cpp:99] Thread 1048576 construct Actor kNormalForward 2199023255607
I20220211 03:51:27.777694 40152 runtime_context.cpp:29] DecreaseCounter constructing_actor_cnt, current val is 1674
I20220211 03:51:27.778013 40152 naive_actor.cpp:25] actor 2199023255585 switch to &NaiveActor::HandlerNormal
I20220211 03:51:27.778050 40152 thread.cpp:99] Thread 1048576 construct Actor kNormalForward 2199023255585
I20220211 03:51:27.778108 40152 runtime_context.cpp:29] DecreaseCounter constructing_actor_cnt, current val is 1673
I20220211 03:51:27.779068 40152 naive_actor.cpp:25] actor 2199023255663 switch to &NaiveActor::HandlerNormal
I20220211 03:51:27.779107 40152 thread.cpp:99] Thread 1048576 construct Actor kNormalForward 2199023255663
I20220211 03:51:27.779177 40152 runtime_context.cpp:29] DecreaseCounter constructing_actor_cnt, current val is 1672
I20220211 03:51:27.779495 40152 naive_actor.cpp:25] actor 2199023255591 switch to &NaiveActor::HandlerNormal
I20220211 03:51:27.779531 40152 thread.cpp:99] Thread 1048576 construct Actor kNormalForward 2199023255591
I20220211 03:51:27.779590 40152 runtime_context.cpp:29] DecreaseCounter constructing_actor_cnt, current val is 1671
I20220211 03:51:27.779909 40152 naive_actor.cpp:25] actor 2199023255578 switch to &NaiveActor::HandlerNormal
I20220211 03:51:27.779956 40152 thread.cpp:99] Thread 1048576 construct Actor kNormalForward 2199023255578
I20220211 03:51:27.780018 40152 runtime_context.cpp:29] DecreaseCounter constructing_actor_cnt, current val is 1670
I20220211 03:51:27.780316 40152 naive_actor.cpp:25] actor 2199023255647 switch to &NaiveActor::HandlerNormal
I20220211 03:51:27.780354 40152 thread.cpp:99] Thread 1048576 construct Actor kNormalForward 2199023255647
I20220211 03:51:27.780412 40152 runtime_context.cpp:29] DecreaseCounter constructing_actor_cnt, current val is 1669
I20220211 03:51:27.781827 40152 naive_actor.cpp:25] actor 2199023255634 switch to &NaiveActor::HandlerNormal
I20220211 03:51:27.781867 40152 thread.cpp:99] Thread 1048576 construct Actor kNormalForward 2199023255634
I20220211 03:51:27.781960 40152 runtime_context.cpp:29] DecreaseCounter constructing_actor_cnt, current val is 1668
I20220211 03:51:27.782289 40152 naive_actor.cpp:25] actor 2199023255560 switch to &NaiveActor::HandlerNormal
I20220211 03:51:27.782325 40152 thread.cpp:99] Thread 1048576 construct Actor kNormalForward 2199023255560
I20220211 03:51:27.782382 40152 runtime_context.cpp:29] DecreaseCounter constructing_actor_cnt, current val is 1667
I20220211 03:51:27.782683 40152 naive_actor.cpp:25] actor 2199023255555 switch to &NaiveActor::HandlerNormal
I20220211 03:51:27.782717 40152 thread.cpp:99] Thread 1048576 construct Actor kNormalForward 2199023255555
I20220211 03:51:27.782771 40152 runtime_context.cpp:29] DecreaseCounter constructing_actor_cnt, current val is 1666
I20220211 03:51:27.783699 40152 naive_actor.cpp:25] actor 2199023255569 switch to &NaiveActor::HandlerNormal
I20220211 03:51:27.783737 40152 thread.cpp:99] Thread 1048576 construct Actor kNormalForward 2199023255569
I20220211 03:51:27.783803 40152 runtime_context.cpp:29] DecreaseCounter constructing_actor_cnt, current val is 1665
I20220211 03:51:27.784118 40152 naive_actor.cpp:25] actor 2199023255573 switch to &NaiveActor::HandlerNormal
I20220211 03:51:27.784153 40152 thread.cpp:99] Thread 1048576 construct Actor kNormalForward 2199023255573
I20220211 03:51:27.784209 40152 runtime_context.cpp:29] DecreaseCounter constructing_actor_cnt, current val is 1664
I20220211 03:51:27.785136 40152 naive_actor.cpp:25] actor 2199023255604 switch to &NaiveActor::HandlerNormal
I20220211 03:51:27.785173 40152 thread.cpp:99] Thread 1048576 construct Actor kNormalForward 2199023255604
I20220211 03:51:27.785238 40152 runtime_context.cpp:29] DecreaseCounter constructing_actor_cnt, current val is 1663
I20220211 03:51:27.785533 40152 naive_actor.cpp:25] actor 2199023255563 switch to &NaiveActor::HandlerNormal
I20220211 03:51:27.785568 40152 thread.cpp:99] Thread 1048576 construct Actor kNormalForward 2199023255563
I20220211 03:51:27.785624 40152 runtime_context.cpp:29] DecreaseCounter constructing_actor_cnt, current val is 1662
I20220211 03:51:27.786334 40152 naive_actor.cpp:25] actor 2199023255575 switch to &NaiveActor::HandlerNormal
I20220211 03:51:27.786370 40152 thread.cpp:99] Thread 1048576 construct Actor kNormalForward 2199023255575
I20220211 03:51:27.786427 40152 runtime_context.cpp:29] DecreaseCounter constructing_actor_cnt, current val is 1661
I20220211 03:51:27.786738 40152 naive_actor.cpp:25] actor 2199023255592 switch to &NaiveActor::HandlerNormal
I20220211 03:51:27.786773 40152 thread.cpp:99] Thread 1048576 construct Actor kNormalForward 2199023255592
I20220211 03:51:27.786830 40152 runtime_context.cpp:29] DecreaseCounter constructing_actor_cnt, current val is 1660
I20220211 03:51:27.787142 40152 naive_actor.cpp:25] actor 2199023255631 switch to &NaiveActor::HandlerNormal
I20220211 03:51:27.787178 40152 thread.cpp:99] Thread 1048576 construct Actor kNormalForward 2199023255631
I20220211 03:51:27.787230 40152 runtime_context.cpp:29] DecreaseCounter constructing_actor_cnt, current val is 1659
I20220211 03:51:27.787518 40152 naive_actor.cpp:25] actor 2199023255648 switch to &NaiveActor::HandlerNormal
I20220211 03:51:27.787554 40152 thread.cpp:99] Thread 1048576 construct Actor kNormalForward 2199023255648
I20220211 03:51:27.787606 40152 runtime_context.cpp:29] DecreaseCounter constructing_actor_cnt, current val is 1658
I20220211 03:51:27.787902 40152 naive_actor.cpp:25] actor 2199023255587 switch to &NaiveActor::HandlerNormal
I20220211 03:51:27.787937 40152 thread.cpp:99] Thread 1048576 construct Actor kNormalForward 2199023255587
I20220211 03:51:27.788004 40152 runtime_context.cpp:29] DecreaseCounter constructing_actor_cnt, current val is 1657
I20220211 03:51:27.788297 40152 naive_actor.cpp:25] actor 2199023255576 switch to &NaiveActor::HandlerNormal
I20220211 03:51:27.788332 40152 thread.cpp:99] Thread 1048576 construct Actor kNormalForward 2199023255576
I20220211 03:51:27.788388 40152 runtime_context.cpp:29] DecreaseCounter constructing_actor_cnt, current val is 1656
I20220211 03:51:27.788677 40152 naive_actor.cpp:25] actor 2199023255654 switch to &NaiveActor::HandlerNormal
I20220211 03:51:27.788720 40152 thread.cpp:99] Thread 1048576 construct Actor kNormalForward 2199023255654
I20220211 03:51:27.788777 40152 runtime_context.cpp:29] DecreaseCounter constructing_actor_cnt, current val is 1655
I20220211 03:51:27.789077 40152 naive_actor.cpp:25] actor 2199023255632 switch to &NaiveActor::HandlerNormal
I20220211 03:51:27.789113 40152 thread.cpp:99] Thread 1048576 construct Actor kNormalForward 2199023255632
I20220211 03:51:27.789167 40152 runtime_context.cpp:29] DecreaseCounter constructing_actor_cnt, current val is 1654
I20220211 03:51:27.790675 40152 naive_actor.cpp:25] actor 2199023255567 switch to &NaiveActor::HandlerNormal
I20220211 03:51:27.790715 40152 thread.cpp:99] Thread 1048576 construct Actor kNormalForward 2199023255567
I20220211 03:51:27.790804 40152 runtime_context.cpp:29] DecreaseCounter constructing_actor_cnt, current val is 1653
I20220211 03:51:27.792582 40152 naive_actor.cpp:25] actor 2199023255561 switch to &NaiveActor::HandlerNormal
I20220211 03:51:27.792629 40152 thread.cpp:99] Thread 1048576 construct Actor kNormalForward 2199023255561
I20220211 03:51:27.792730 40152 runtime_context.cpp:29] DecreaseCounter constructing_actor_cnt, current val is 1652
I20220211 03:51:27.794773 40152 naive_actor.cpp:25] actor 2199023255582 switch to &NaiveActor::HandlerNormal
I20220211 03:51:27.794811 40152 thread.cpp:99] Thread 1048576 construct Actor kNormalForward 2199023255582
I20220211 03:51:27.794889 40152 runtime_context.cpp:29] DecreaseCounter constructing_actor_cnt, current val is 1651
I20220211 03:51:27.796272 40152 naive_actor.cpp:25] actor 2199023255601 switch to &NaiveActor::HandlerNormal
I20220211 03:51:27.796308 40152 thread.cpp:99] Thread 1048576 construct Actor kNormalForward 2199023255601
I20220211 03:51:27.796384 40152 runtime_context.cpp:29] DecreaseCounter constructing_actor_cnt, current val is 1650
I20220211 03:51:27.797127 40152 naive_actor.cpp:25] actor 2199023255554 switch to &NaiveActor::HandlerNormal
I20220211 03:51:27.797163 40152 thread.cpp:99] Thread 1048576 construct Actor kNormalForward 2199023255554
I20220211 03:51:27.797220 40152 runtime_context.cpp:29] DecreaseCounter constructing_actor_cnt, current val is 1649
I20220211 03:51:27.798470 40152 naive_actor.cpp:25] actor 2199023255594 switch to &NaiveActor::HandlerNormal
I20220211 03:51:27.798507 40152 thread.cpp:99] Thread 1048576 construct Actor kNormalForward 2199023255594
I20220211 03:51:27.798583 40152 runtime_context.cpp:29] DecreaseCounter constructing_actor_cnt, current val is 1648
I20220211 03:51:27.798877 40152 naive_actor.cpp:25] actor 2199023255583 switch to &NaiveActor::HandlerNormal
I20220211 03:51:27.798911 40152 thread.cpp:99] Thread 1048576 construct Actor kNormalForward 2199023255583
I20220211 03:51:27.798976 40152 runtime_context.cpp:29] DecreaseCounter constructing_actor_cnt, current val is 1647
I20220211 03:51:27.800272 40152 naive_actor.cpp:25] actor 2199023255589 switch to &NaiveActor::HandlerNormal
I20220211 03:51:27.800309 40152 thread.cpp:99] Thread 1048576 construct Actor kNormalForward 2199023255589
I20220211 03:51:27.800385 40152 runtime_context.cpp:29] DecreaseCounter constructing_actor_cnt, current val is 1646
I20220211 03:51:27.801191 40152 naive_actor.cpp:25] actor 2199023255602 switch to &NaiveActor::HandlerNormal
I20220211 03:51:27.801229 40152 thread.cpp:99] Thread 1048576 construct Actor kNormalForward 2199023255602
I20220211 03:51:27.801296 40152 runtime_context.cpp:29] DecreaseCounter constructing_actor_cnt, current val is 1645
I20220211 03:51:27.802520 40152 naive_actor.cpp:25] actor 2199023255574 switch to &NaiveActor::HandlerNormal
I20220211 03:51:27.802556 40152 thread.cpp:99] Thread 1048576 construct Actor kNormalForward 2199023255574
I20220211 03:51:27.802628 40152 runtime_context.cpp:29] DecreaseCounter constructing_actor_cnt, current val is 1644
I20220211 03:51:27.803557 40152 naive_actor.cpp:25] actor 2199023255556 switch to &NaiveActor::HandlerNormal
I20220211 03:51:27.803593 40152 thread.cpp:99] Thread 1048576 construct Actor kNormalForward 2199023255556
I20220211 03:51:27.803666 40152 runtime_context.cpp:29] DecreaseCounter constructing_actor_cnt, current val is 1643
I20220211 03:51:27.803959 40152 naive_actor.cpp:25] actor 2199023255618 switch to &NaiveActor::HandlerNormal
I20220211 03:51:27.803992 40152 thread.cpp:99] Thread 1048576 construct Actor kNormalForward 2199023255618
I20220211 03:51:27.804044 40152 runtime_context.cpp:29] DecreaseCounter constructing_actor_cnt, current val is 1642
I20220211 03:51:27.804322 40152 naive_actor.cpp:25] actor 2199023255612 switch to &NaiveActor::HandlerNormal
I20220211 03:51:27.804353 40152 thread.cpp:99] Thread 1048576 construct Actor kNormalForward 2199023255612
I20220211 03:51:27.804402 40152 runtime_context.cpp:29] DecreaseCounter constructing_actor_cnt, current val is 1641
I20220211 03:51:27.804672 40152 naive_actor.cpp:25] actor 2199023255674 switch to &NaiveActor::HandlerNormal
I20220211 03:51:27.804703 40152 thread.cpp:99] Thread 1048576 construct Actor kNormalForward 2199023255674
I20220211 03:51:27.804752 40152 runtime_context.cpp:29] DecreaseCounter constructing_actor_cnt, current val is 1640
I20220211 03:51:27.805025 40152 naive_actor.cpp:25] actor 2199023255570 switch to &NaiveActor::HandlerNormal
I20220211 03:51:27.805058 40152 thread.cpp:99] Thread 1048576 construct Actor kNormalForward 2199023255570
I20220211 03:51:27.805106 40152 runtime_context.cpp:29] DecreaseCounter constructing_actor_cnt, current val is 1639
I20220211 03:51:27.805383 40152 naive_actor.cpp:25] actor 2199023255608 switch to &NaiveActor::HandlerNormal
I20220211 03:51:27.805414 40152 thread.cpp:99] Thread 1048576 construct Actor kNormalForward 2199023255608
I20220211 03:51:27.805464 40152 runtime_context.cpp:29] DecreaseCounter constructing_actor_cnt, current val is 1638
I20220211 03:51:27.806115 40152 naive_actor.cpp:25] actor 2199023255642 switch to &NaiveActor::HandlerNormal
I20220211 03:51:27.806149 40152 thread.cpp:99] Thread 1048576 construct Actor kNormalForward 2199023255642
I20220211 03:51:27.806200 40152 runtime_context.cpp:29] DecreaseCounter constructing_actor_cnt, current val is 1637
I20220211 03:51:27.806485 40152 naive_actor.cpp:25] actor 2199023255613 switch to &NaiveActor::HandlerNormal
I20220211 03:51:27.806517 40152 thread.cpp:99] Thread 1048576 construct Actor kNormalForward 2199023255613
I20220211 03:51:27.806566 40152 runtime_context.cpp:29] DecreaseCounter constructing_actor_cnt, current val is 1636
I20220211 03:51:27.806831 40152 naive_actor.cpp:25] actor 2199023255635 switch to &NaiveActor::HandlerNormal
I20220211 03:51:27.806864 40152 thread.cpp:99] Thread 1048576 construct Actor kNormalForward 2199023255635
I20220211 03:51:27.806912 40152 runtime_context.cpp:29] DecreaseCounter constructing_actor_cnt, current val is 1635
I20220211 03:51:27.808140 40152 naive_actor.cpp:25] actor 2199023255621 switch to &NaiveActor::HandlerNormal
I20220211 03:51:27.808176 40152 thread.cpp:99] Thread 1048576 construct Actor kNormalForward 2199023255621
I20220211 03:51:27.808250 40152 runtime_context.cpp:29] DecreaseCounter constructing_actor_cnt, current val is 1634
I20220211 03:51:27.808535 40152 naive_actor.cpp:25] actor 2199023255646 switch to &NaiveActor::HandlerNormal
I20220211 03:51:27.808568 40152 thread.cpp:99] Thread 1048576 construct Actor kNormalForward 2199023255646
I20220211 03:51:27.808619 40152 runtime_context.cpp:29] DecreaseCounter constructing_actor_cnt, current val is 1633
I20220211 03:51:27.808892 40152 naive_actor.cpp:25] actor 2199023255615 switch to &NaiveActor::HandlerNormal
I20220211 03:51:27.808923 40152 thread.cpp:99] Thread 1048576 construct Actor kNormalForward 2199023255615
I20220211 03:51:27.808984 40152 runtime_context.cpp:29] DecreaseCounter constructing_actor_cnt, current val is 1632
I20220211 03:51:27.810437 40152 naive_actor.cpp:25] actor 2199023255649 switch to &NaiveActor::HandlerNormal
I20220211 03:51:27.810474 40152 thread.cpp:99] Thread 1048576 construct Actor kNormalForward 2199023255649
I20220211 03:51:27.810552 40152 runtime_context.cpp:29] DecreaseCounter constructing_actor_cnt, current val is 1631
I20220211 03:51:27.811630 40152 naive_actor.cpp:25] actor 2199023255636 switch to &NaiveActor::HandlerNormal
I20220211 03:51:27.811671 40152 thread.cpp:99] Thread 1048576 construct Actor kNormalForward 2199023255636
I20220211 03:51:27.811744 40152 runtime_context.cpp:29] DecreaseCounter constructing_actor_cnt, current val is 1630
I20220211 03:51:27.813501 40152 naive_actor.cpp:25] actor 2199023255614 switch to &NaiveActor::HandlerNormal
I20220211 03:51:27.813542 40152 thread.cpp:99] Thread 1048576 construct Actor kNormalForward 2199023255614
I20220211 03:51:27.813632 40152 runtime_context.cpp:29] DecreaseCounter constructing_actor_cnt, current val is 1629
