Log file created at: 2022/02/09 12:28:23
Running on machine: 3b2ab1d574b6
Running duration (h:mm:ss): 0:00:00
Log line format: [IWEF]yyyymmdd hh:mm:ss.uuuuuu threadid file:line] msg
I20220209 12:28:23.409093  7675 global.h:36] NewGlobal N7oneflow7EnvDescE
I20220209 12:28:23.409358  7675 global.h:36] NewGlobal N7oneflow10ProcessCtxE
I20220209 12:28:23.409373  7675 env_global_objects_scope.cpp:163] using rpc backend: local
I20220209 12:28:23.543519  7675 global.h:36] NewGlobal N7oneflow12ResourceDescE
I20220209 12:28:23.543570  7675 global.h:36] NewGlobal N7oneflow12ResourceDescE
I20220209 12:28:23.660336  7675 global.h:36] NewGlobal N7oneflow2ep21DeviceManagerRegistryE
I20220209 12:28:23.660409  7675 global.h:36] NewGlobal N7oneflow10ThreadPoolE
I20220209 12:28:23.663261  7675 global.h:36] NewGlobal N7oneflow16EagerNcclCommMgrE
I20220209 12:28:23.663293  7675 global.h:36] NewGlobal N7oneflow18CudnnConvAlgoCacheE
I20220209 12:28:23.663311  7675 global.h:36] NewGlobal N7oneflow2vm19VirtualMachineScopeE
I20220209 12:28:23.663332  7675 global.h:36] NewGlobal N7oneflow14VirtualMachineE
I20220209 12:28:23.663990  7675 virtual_machine.cpp:81] transport stream type: N7oneflow2vm13CpuStreamTypeE
I20220209 12:28:23.664023  7675 virtual_machine.cpp:81] transport stream type: N7oneflow2vm14CudaStreamTypeE
I20220209 12:28:23.664041  7675 virtual_machine.cpp:81] transport stream type: N7oneflow2vm19AsyncCudaStreamTypeE
I20220209 12:28:23.664256  7675 global.h:36] NewGlobal N7oneflow27EagerJobBuildAndInferCtxMgrE
I20220209 12:28:23.664288  7675 global.h:36] NewGlobal N7oneflow12EpollCommNetE
I20220209 12:28:23.664631  7675 epoll_comm_network.cpp:63] CommNet:Epoll listening on 0.0.0.0:35403
I20220209 12:28:23.664691  7675 epoll_comm_network.cpp:197] machine 0 sockfd -1
I20220209 12:28:23.664930  7675 global.h:36] NewGlobal N7oneflow9TransportE
I20220209 12:28:23.665076  7675 global.h:43] DeleteGlobal N7oneflow17ForeignLockHelperE
I20220209 12:28:23.665215  7675 global.h:36] NewGlobal N7oneflow25MultiClientSessionContextE
I20220209 12:28:31.219177  7675 version.cpp:22] OneFlow git version: c80469ba
I20220209 12:28:31.219241  7675 cuda_device_manager_factory.cpp:63] CUDA runtime version: 10.2
I20220209 12:28:31.219261  7675 cuda_device_manager_factory.cpp:72] cuDNN version: 7.6.5
I20220209 12:28:31.219272  7675 cuda_device_manager_factory.cpp:85] NCCL version: 2.11.4
I20220209 12:28:31.219326  7675 global.h:43] DeleteGlobal N7oneflow12ResourceDescE
I20220209 12:28:31.219341  7675 global.h:36] NewGlobal N7oneflow12ResourceDescE
I20220209 12:28:31.219350  7675 global.h:36] NewGlobal N7oneflow5IDMgrE
I20220209 12:28:31.219362  7675 global.h:36] NewGlobal N7oneflow22TaskStreamIndexManagerE
I20220209 12:28:31.219372  7675 global.h:36] NewGlobal N7oneflow26LazyJobBuildAndInferCtxMgrE
I20220209 12:28:31.219381  7675 global.h:36] NewGlobal N7oneflow9BufferMgrISt10shared_ptrINS_11JobInstanceEEEE
I20220209 12:28:31.219390  7675 global.h:36] NewGlobal N7oneflow9BufferMgrISt10shared_ptrINS_23CriticalSectionInstanceEEEE
I20220209 12:28:31.219399  7675 global.h:36] NewGlobal N7oneflow10RuntimeCtxE
I20220209 12:28:31.219408  7675 global.h:36] NewGlobal N7oneflow15MemoryAllocatorE
I20220209 12:28:31.219416  7675 global.h:36] NewGlobal N7oneflow8ChunkMgrE
I20220209 12:28:31.219425  7675 global.h:36] NewGlobal N7oneflow8RegstMgrE
I20220209 12:28:31.219434  7675 global.h:36] NewGlobal N7oneflow11ActorMsgBusE
I20220209 12:28:31.219444  7675 global.h:36] NewGlobal N7oneflow9ThreadMgrE
I20220209 12:28:31.219451  7675 global.h:36] NewGlobal N7oneflow15RuntimeJobDescsE
I20220209 12:28:31.219460  7675 global.h:36] NewGlobal N7oneflow7summary12EventsWriterE
I20220209 12:28:31.219470  7675 global.h:36] NewGlobal N7oneflow6boxing10collective9SchedulerE
I20220209 12:28:31.349773  7675 global.h:36] NewGlobal N7oneflow7JobDescE
I20220209 12:28:31.844002  7675 global.h:43] DeleteGlobal N7oneflow7JobDescE
I20220209 12:28:31.844074  7675 global.h:36] NewGlobal N7oneflow7JobDescE
I20220209 12:28:31.855123  7675 global.h:36] NewGlobal N7oneflow7OpGraphE
I20220209 12:28:31.877168  7675 global.h:43] DeleteGlobal N7oneflow7OpGraphE
I20220209 12:28:31.971201  7675 auto_mixed_precision.cpp:146] Insert CastOp: model.backbone.layer3.4.conv1.weight-out-cast_f2h between model.backbone.layer3.4.conv1.weight/out
I20220209 12:28:31.971365  7675 auto_mixed_precision.cpp:146] Insert CastOp: model.backbone.layer3.4.conv2.weight-out-cast_f2h between model.backbone.layer3.4.conv2.weight/out
I20220209 12:28:31.971529  7675 auto_mixed_precision.cpp:146] Insert CastOp: model.backbone.layer3.0.conv1.weight-out-cast_f2h between model.backbone.layer3.0.conv1.weight/out
I20220209 12:28:31.971637  7675 auto_mixed_precision.cpp:146] Insert CastOp: model.backbone.layer1.2.conv2.weight-out-cast_f2h between model.backbone.layer1.2.conv2.weight/out
I20220209 12:28:31.971757  7675 auto_mixed_precision.cpp:146] Insert CastOp: model.backbone.layer3.1.conv1.weight-out-cast_f2h between model.backbone.layer3.1.conv1.weight/out
I20220209 12:28:31.971962  7675 auto_mixed_precision.cpp:146] Insert CastOp: model.backbone.layer3.0.conv2.weight-out-cast_f2h between model.backbone.layer3.0.conv2.weight/out
I20220209 12:28:31.972069  7675 auto_mixed_precision.cpp:146] Insert CastOp: model.backbone.layer2.3.conv1.weight-out-cast_f2h between model.backbone.layer2.3.conv1.weight/out
I20220209 12:28:31.972162  7675 auto_mixed_precision.cpp:146] Insert CastOp: model.backbone.layer4.1.conv2.weight-out-cast_f2h between model.backbone.layer4.1.conv2.weight/out
I20220209 12:28:31.972347  7675 auto_mixed_precision.cpp:146] Insert CastOp: model.backbone.layer3.12.conv2.weight-out-cast_f2h between model.backbone.layer3.12.conv2.weight/out
I20220209 12:28:31.972504  7675 auto_mixed_precision.cpp:146] Insert CastOp: model.backbone.layer3.3.conv1.weight-out-cast_f2h between model.backbone.layer3.3.conv1.weight/out
I20220209 12:28:31.972609  7675 auto_mixed_precision.cpp:146] Insert CastOp: model.backbone.layer3.2.conv2.weight-out-cast_f2h between model.backbone.layer3.2.conv2.weight/out
I20220209 12:28:31.972780  7675 auto_mixed_precision.cpp:146] Insert CastOp: model.backbone.layer3.5.conv2.weight-out-cast_f2h between model.backbone.layer3.5.conv2.weight/out
I20220209 12:28:31.972846  7675 auto_mixed_precision.cpp:146] Insert CastOp: model.backbone.layer3.0.downsample.0.weight-out-cast_f2h between model.backbone.layer3.0.downsample.0.weight/out
I20220209 12:28:31.972970  7675 auto_mixed_precision.cpp:146] Insert CastOp: model.backbone.layer2.1.conv2.weight-out-cast_f2h between model.backbone.layer2.1.conv2.weight/out
I20220209 12:28:31.973037  7675 auto_mixed_precision.cpp:146] Insert CastOp: model.backbone.layer2.3.conv2.weight-out-cast_f2h between model.backbone.layer2.3.conv2.weight/out
I20220209 12:28:31.973222  7675 auto_mixed_precision.cpp:146] Insert CastOp: model.backbone.layer1.0.downsample.0.weight-out-cast_f2h between model.backbone.layer1.0.downsample.0.weight/out
I20220209 12:28:31.973287  7675 auto_mixed_precision.cpp:146] Insert CastOp: model.backbone.layer2.0.conv2.weight-out-cast_f2h between model.backbone.layer2.0.conv2.weight/out
I20220209 12:28:31.973698  7675 auto_mixed_precision.cpp:146] Insert CastOp: model.backbone.layer2.1.conv1.weight-out-cast_f2h between model.backbone.layer2.1.conv1.weight/out
I20220209 12:28:31.974084  7675 auto_mixed_precision.cpp:146] Insert CastOp: model.backbone.layer3.6.conv2.weight-out-cast_f2h between model.backbone.layer3.6.conv2.weight/out
I20220209 12:28:31.974299  7675 auto_mixed_precision.cpp:146] Insert CastOp: model.backbone.layer3.7.conv1.weight-out-cast_f2h between model.backbone.layer3.7.conv1.weight/out
I20220209 12:28:31.974509  7675 auto_mixed_precision.cpp:146] Insert CastOp: model.backbone.layer3.7.conv2.weight-out-cast_f2h between model.backbone.layer3.7.conv2.weight/out
I20220209 12:28:31.974628  7675 auto_mixed_precision.cpp:146] Insert CastOp: model.backbone.layer4.0.conv2.weight-out-cast_f2h between model.backbone.layer4.0.conv2.weight/out
I20220209 12:28:31.974745  7675 auto_mixed_precision.cpp:146] Insert CastOp: model.backbone.layer2.0.downsample.0.weight-out-cast_f2h between model.backbone.layer2.0.downsample.0.weight/out
I20220209 12:28:31.974830  7675 auto_mixed_precision.cpp:146] Insert CastOp: model.backbone.layer3.3.conv2.weight-out-cast_f2h between model.backbone.layer3.3.conv2.weight/out
I20220209 12:28:31.974936  7675 auto_mixed_precision.cpp:146] Insert CastOp: model.backbone.layer2.2.conv1.weight-out-cast_f2h between model.backbone.layer2.2.conv1.weight/out
I20220209 12:28:31.975030  7675 auto_mixed_precision.cpp:146] Insert CastOp: model.fc-l2_normalize-186-y_0-cast_f2h between model.fc-l2_normalize-186/y_0
I20220209 12:28:31.975145  7675 auto_mixed_precision.cpp:146] Insert CastOp: model.backbone.layer1.1.conv2.weight-out-cast_f2h between model.backbone.layer1.1.conv2.weight/out
I20220209 12:28:31.975210  7675 auto_mixed_precision.cpp:146] Insert CastOp: model.backbone.layer3.11.conv2.weight-out-cast_f2h between model.backbone.layer3.11.conv2.weight/out
I20220209 12:28:31.975275  7675 auto_mixed_precision.cpp:146] Insert CastOp: model.backbone.layer2.2.conv2.weight-out-cast_f2h between model.backbone.layer2.2.conv2.weight/out
I20220209 12:28:31.975363  7675 auto_mixed_precision.cpp:146] Insert CastOp: model.backbone.layer4.1.conv1.weight-out-cast_f2h between model.backbone.layer4.1.conv1.weight/out
I20220209 12:28:31.975454  7675 auto_mixed_precision.cpp:146] Insert CastOp: model.backbone.layer3.10.conv1.weight-out-cast_f2h between model.backbone.layer3.10.conv1.weight/out
I20220209 12:28:31.975545  7675 auto_mixed_precision.cpp:146] Insert CastOp: model.backbone.layer3.9.conv2.weight-out-cast_f2h between model.backbone.layer3.9.conv2.weight/out
I20220209 12:28:31.975608  7675 auto_mixed_precision.cpp:146] Insert CastOp: model.backbone.layer3.8.conv2.weight-out-cast_f2h between model.backbone.layer3.8.conv2.weight/out
I20220209 12:28:31.975699  7675 auto_mixed_precision.cpp:146] Insert CastOp: model.backbone.layer3.12.conv1.weight-out-cast_f2h between model.backbone.layer3.12.conv1.weight/out
I20220209 12:28:31.975775  7675 auto_mixed_precision.cpp:146] Insert CastOp: model.backbone.fc.weight-out-cast_f2h between model.backbone.fc.weight/out
I20220209 12:28:31.975878  7675 auto_mixed_precision.cpp:146] Insert CastOp: model.backbone.layer4.2.conv2.weight-out-cast_f2h between model.backbone.layer4.2.conv2.weight/out
I20220209 12:28:31.976135  7675 auto_mixed_precision.cpp:146] Insert CastOp: model.fc-l2_normalize-185-y_0-cast_f2h between model.fc-l2_normalize-185/y_0
I20220209 12:28:31.976238  7675 auto_mixed_precision.cpp:146] Insert CastOp: model.backbone.layer4.2.conv1.weight-out-cast_f2h between model.backbone.layer4.2.conv1.weight/out
I20220209 12:28:31.976529  7675 auto_mixed_precision.cpp:146] Insert CastOp: model.backbone.layer3.8.conv1.weight-out-cast_f2h between model.backbone.layer3.8.conv1.weight/out
I20220209 12:28:31.976658  7675 auto_mixed_precision.cpp:146] Insert CastOp: model.backbone.layer1.2.conv1.weight-out-cast_f2h between model.backbone.layer1.2.conv1.weight/out
I20220209 12:28:31.976799  7675 auto_mixed_precision.cpp:146] Insert CastOp: model.backbone.layer3.10.conv2.weight-out-cast_f2h between model.backbone.layer3.10.conv2.weight/out
I20220209 12:28:31.977008  7675 auto_mixed_precision.cpp:146] Insert CastOp: model.backbone.layer3.13.conv2.weight-out-cast_f2h between model.backbone.layer3.13.conv2.weight/out
I20220209 12:28:31.977200  7675 auto_mixed_precision.cpp:146] Insert CastOp: model.backbone.layer2.0.conv1.weight-out-cast_f2h between model.backbone.layer2.0.conv1.weight/out
I20220209 12:28:31.977277  7675 auto_mixed_precision.cpp:146] Insert CastOp: model.backbone.layer4.0.conv1.weight-out-cast_f2h between model.backbone.layer4.0.conv1.weight/out
I20220209 12:28:31.977355  7675 auto_mixed_precision.cpp:146] Insert CastOp: model.backbone.layer3.1.conv2.weight-out-cast_f2h between model.backbone.layer3.1.conv2.weight/out
I20220209 12:28:31.977495  7675 auto_mixed_precision.cpp:146] Insert CastOp: model.backbone.layer1.0.conv1.weight-out-cast_f2h between model.backbone.layer1.0.conv1.weight/out
I20220209 12:28:31.977558  7675 auto_mixed_precision.cpp:146] Insert CastOp: model.backbone.conv1.weight-out-cast_f2h between model.backbone.conv1.weight/out
I20220209 12:28:31.977742  7675 auto_mixed_precision.cpp:146] Insert CastOp: model.backbone.layer3.2.conv1.weight-out-cast_f2h between model.backbone.layer3.2.conv1.weight/out
I20220209 12:28:31.977936  7675 auto_mixed_precision.cpp:146] Insert CastOp: model.backbone.layer1.0.conv2.weight-out-cast_f2h between model.backbone.layer1.0.conv2.weight/out
I20220209 12:28:31.978022  7675 auto_mixed_precision.cpp:146] Insert CastOp: model.backbone.layer3.6.conv1.weight-out-cast_f2h between model.backbone.layer3.6.conv1.weight/out
I20220209 12:28:31.978125  7675 auto_mixed_precision.cpp:146] Insert CastOp: model.backbone.layer1.1.conv1.weight-out-cast_f2h between model.backbone.layer1.1.conv1.weight/out
I20220209 12:28:31.978329  7675 auto_mixed_precision.cpp:146] Insert CastOp: model.backbone.layer4.0.downsample.0.weight-out-cast_f2h between model.backbone.layer4.0.downsample.0.weight/out
I20220209 12:28:31.978446  7675 auto_mixed_precision.cpp:146] Insert CastOp: model.backbone.layer3.11.conv1.weight-out-cast_f2h between model.backbone.layer3.11.conv1.weight/out
I20220209 12:28:31.978547  7675 auto_mixed_precision.cpp:146] Insert CastOp: data_loader.image-out-cast_f2h between data_loader.image/out
I20220209 12:28:31.978752  7675 auto_mixed_precision.cpp:146] Insert CastOp: model.backbone.layer3.13.conv1.weight-out-cast_f2h between model.backbone.layer3.13.conv1.weight/out
I20220209 12:28:31.978868  7675 auto_mixed_precision.cpp:146] Insert CastOp: model.backbone.layer3.5.conv1.weight-out-cast_f2h between model.backbone.layer3.5.conv1.weight/out
I20220209 12:28:31.979017  7675 auto_mixed_precision.cpp:146] Insert CastOp: model.backbone.layer3.9.conv1.weight-out-cast_f2h between model.backbone.layer3.9.conv1.weight/out
I20220209 12:28:31.979745  7675 auto_mixed_precision.cpp:146] Insert CastOp: model.backbone.fc-matmul-182-out_0-cast_h2f between model.backbone.fc-matmul-182/out_0
I20220209 12:28:31.979825  7675 auto_mixed_precision.cpp:146] Insert CastOp: model.fc-matmul-187-out_0-cast_h2f between model.fc-matmul-187/out_0
I20220209 12:28:33.827163  7675 global.h:43] DeleteGlobal N7oneflow7JobDescE
I20220209 12:28:34.022428  7675 global.h:36] NewGlobal N7oneflow7JobDescE
I20220209 12:28:36.356369  7675 global.h:36] NewGlobal N7oneflow7OpGraphE
I20220209 12:28:37.568899  7675 global.h:43] DeleteGlobal N7oneflow7OpGraphE
I20220209 12:28:37.678208  7675 nn_graph.cpp:225] 
job_id: 0 , job_name: TrainGraph_0 , compile time: 3.65553 seconds.
I20220209 12:28:38.215273  7675 plan_util.cpp:928]  Plan: TrainGraph_0 needs to allocate [ 5443.77 MiB ] device memory in Rank: 0 , Device: 0
I20220209 12:28:38.342250  7675 runtime_context.cpp:21] NewCounter constructing_actor_cnt 1745
I20220209 12:28:38.343565  7983 naive_actor.cpp:25] actor 1099536793600 switch to &NaiveActor::HandlerNormal
I20220209 12:28:38.343660  7983 thread.cpp:99] Thread 524300 construct Actor kDeviceTick 1099536793600
I20220209 12:28:38.343729  7991 wait_and_send_ids_actor.cpp:53] actor 1099631165440 switch to &WaitAndSendIdsActor::HandlerWaitToStart
I20220209 12:28:38.343777  7983 runtime_context.cpp:29] DecreaseCounter constructing_actor_cnt, current val is 1744
I20220209 12:28:38.343786  7991 thread.cpp:99] Thread 524345 construct Actor kWaitAndSendIds 1099631165440
I20220209 12:28:38.343930  7991 runtime_context.cpp:29] DecreaseCounter constructing_actor_cnt, current val is 1743
I20220209 12:28:38.344167  7967 naive_actor.cpp:25] actor 2199023257261 switch to &NaiveActor::HandlerNormal
I20220209 12:28:38.344218  7967 thread.cpp:99] Thread 1048576 construct Actor kDeviceTick 2199023257261
I20220209 12:28:38.344300  7967 runtime_context.cpp:29] DecreaseCounter constructing_actor_cnt, current val is 1742
I20220209 12:28:38.344579  7967 naive_actor.cpp:25] actor 2199023257263 switch to &NaiveActor::HandlerNormal
I20220209 12:28:38.344617  7967 thread.cpp:99] Thread 1048576 construct Actor kDeviceTick 2199023257263
I20220209 12:28:38.344671  7967 runtime_context.cpp:29] DecreaseCounter constructing_actor_cnt, current val is 1741
I20220209 12:28:38.414142  7967 naive_actor.cpp:25] actor 2199023255593 switch to &NaiveActor::HandlerNormal
I20220209 12:28:38.414182  7967 thread.cpp:99] Thread 1048576 construct Actor kNormalForward 2199023255593
I20220209 12:28:38.414247  7967 runtime_context.cpp:29] DecreaseCounter constructing_actor_cnt, current val is 1740
I20220209 12:28:38.415429  7988 naive_actor.cpp:25] actor 2199027449856 switch to &NaiveActor::HandlerNormal
I20220209 12:28:38.415441  7980 naive_actor.cpp:25] actor 2199025352704 switch to &NaiveActor::HandlerNormal
I20220209 12:28:38.415513  7988 thread.cpp:99] Thread 1048578 construct Actor kCopyHd 2199027449856
I20220209 12:28:38.415562  7980 thread.cpp:99] Thread 1048577 construct Actor kCopyHd 2199025352704
I20220209 12:28:38.415628  7988 runtime_context.cpp:29] DecreaseCounter constructing_actor_cnt, current val is 1739
I20220209 12:28:38.415639  7980 runtime_context.cpp:29] DecreaseCounter constructing_actor_cnt, current val is 1738
I20220209 12:28:38.416056  7967 naive_actor.cpp:25] actor 2199023255559 switch to &NaiveActor::HandlerNormal
I20220209 12:28:38.416074  7985 naive_actor.cpp:25] actor 1099532599296 switch to &NaiveActor::HandlerNormal
I20220209 12:28:38.416110  7967 thread.cpp:99] Thread 1048576 construct Actor kNormalForward 2199023255559
I20220209 12:28:38.416146  7985 thread.cpp:99] Thread 524298 construct Actor kNormalForward 1099532599296
I20220209 12:28:38.416143  7980 naive_actor.cpp:25] actor 2199025352705 switch to &NaiveActor::HandlerNormal
I20220209 12:28:38.416175  7986 sink_actor.cpp:21] actor 1099633262592 switch to &SinkActor::HandlerNormal
I20220209 12:28:38.416157  7978 naive_actor.cpp:25] actor 1099534696448 switch to &NaiveActor::HandlerNormal
I20220209 12:28:38.416218  7980 thread.cpp:99] Thread 1048577 construct Actor kCopyHd 2199025352705
I20220209 12:28:38.416311  7978 thread.cpp:99] Thread 524299 construct Actor kDeviceTick 1099534696448
I20220209 12:28:38.416222  7967 runtime_context.cpp:29] DecreaseCounter constructing_actor_cnt, current val is 1737
I20220209 12:28:38.416222  7985 runtime_context.cpp:29] DecreaseCounter constructing_actor_cnt, current val is 1736
I20220209 12:28:38.416363  7980 runtime_context.cpp:29] DecreaseCounter constructing_actor_cnt, current val is 1735
I20220209 12:28:38.416272  7976 naive_actor.cpp:25] actor 1099522113536 switch to &NaiveActor::HandlerNormal
I20220209 12:28:38.416318  7975 naive_actor.cpp:25] actor 1099528404992 switch to &NaiveActor::HandlerNormal
I20220209 12:28:38.416347  7981 naive_actor.cpp:25] actor 1099629068296 switch to &NaiveActor::HandlerNormal
I20220209 12:28:38.416265  7986 thread.cpp:99] Thread 524346 construct Actor kCallbackNotify 1099633262592
I20220209 12:28:38.416533  7981 thread.cpp:99] Thread 524344 construct Actor kSrcSubsetTick 1099629068296
I20220209 12:28:38.416553  7973 naive_actor.cpp:25] actor 1099520016384 switch to &NaiveActor::HandlerNormal
I20220209 12:28:38.416599  7986 runtime_context.cpp:29] DecreaseCounter constructing_actor_cnt, current val is 1733
I20220209 12:28:38.416620  7973 thread.cpp:99] Thread 524292 construct Actor kNormalForward 1099520016384
I20220209 12:28:38.416441  7976 thread.cpp:99] Thread 524293 construct Actor kNormalForward 1099522113536
I20220209 12:28:38.416399  7978 runtime_context.cpp:29] DecreaseCounter constructing_actor_cnt, current val is 1734
I20220209 12:28:38.416702  7973 runtime_context.cpp:29] DecreaseCounter constructing_actor_cnt, current val is 1731
I20220209 12:28:38.416724  7976 runtime_context.cpp:29] DecreaseCounter constructing_actor_cnt, current val is 1730
I20220209 12:28:38.416426  7968 naive_actor.cpp:25] actor 1099511627776 switch to &NaiveActor::HandlerNormal
I20220209 12:28:38.416646  7981 runtime_context.cpp:29] DecreaseCounter constructing_actor_cnt, current val is 1732
I20220209 12:28:38.416821  7968 thread.cpp:99] Thread 524288 construct Actor kNormalForward 1099511627776
I20220209 12:28:38.416554  7970 naive_actor.cpp:25] actor 1099515822080 switch to &NaiveActor::HandlerNormal
I20220209 12:28:38.416316  7974 naive_actor.cpp:25] actor 1099513724928 switch to &NaiveActor::HandlerNormal
I20220209 12:28:38.416478  7975 thread.cpp:99] Thread 524296 construct Actor kNormalForward 1099528404992
I20220209 12:28:38.416884  7980 naive_actor.cpp:25] actor 2199025352706 switch to &NaiveActor::HandlerNormal
I20220209 12:28:38.416937  7968 runtime_context.cpp:29] DecreaseCounter constructing_actor_cnt, current val is 1729
I20220209 12:28:38.416962  7970 thread.cpp:99] Thread 524290 construct Actor kNormalForward 1099515822080
I20220209 12:28:38.417004  7974 thread.cpp:99] Thread 524289 construct Actor kNormalForward 1099513724928
I20220209 12:28:38.417078  7980 thread.cpp:99] Thread 1048577 construct Actor kCopyHd 2199025352706
I20220209 12:28:38.417083  7975 runtime_context.cpp:29] DecreaseCounter constructing_actor_cnt, current val is 1728
I20220209 12:28:38.417248  7974 runtime_context.cpp:29] DecreaseCounter constructing_actor_cnt, current val is 1726
I20220209 12:28:38.417227  7970 runtime_context.cpp:29] DecreaseCounter constructing_actor_cnt, current val is 1727
I20220209 12:28:38.417253  7980 runtime_context.cpp:29] DecreaseCounter constructing_actor_cnt, current val is 1725
I20220209 12:28:38.417479  7989 naive_actor.cpp:25] actor 1099538890752 switch to &NaiveActor::HandlerNormal
I20220209 12:28:38.417510  7982 naive_actor.cpp:25] actor 1099637456896 switch to &NaiveActor::HandlerNormal
I20220209 12:28:38.417539  7989 thread.cpp:99] Thread 524301 construct Actor kNormalForward 1099538890752
I20220209 12:28:38.417599  7977 naive_actor.cpp:25] actor 1099530502144 switch to &NaiveActor::HandlerNormal
I20220209 12:28:38.417626  7969 naive_actor.cpp:25] actor 1099526307840 switch to &NaiveActor::HandlerNormal
I20220209 12:28:38.417662  7989 runtime_context.cpp:29] DecreaseCounter constructing_actor_cnt, current val is 1724
I20220209 12:28:38.417681  7969 thread.cpp:99] Thread 524295 construct Actor kNormalForward 1099526307840
I20220209 12:28:38.417613  7981 naive_actor.cpp:25] actor 1099629068294 switch to &NaiveActor::HandlerNormal
I20220209 12:28:38.417635  7990 naive_actor.cpp:25] actor 1099540987904 switch to &NaiveActor::HandlerNormal
I20220209 12:28:38.417640  7972 naive_actor.cpp:25] actor 1099524210688 switch to &NaiveActor::HandlerNormal
I20220209 12:28:38.417651  7977 thread.cpp:99] Thread 524297 construct Actor kNormalForward 1099530502144
I20220209 12:28:38.417851  7972 thread.cpp:99] Thread 524294 construct Actor kNormalForward 1099524210688
I20220209 12:28:38.417584  7982 thread.cpp:99] Thread 524348 construct Actor kCriticalSectionWaitTick 1099637456896
I20220209 12:28:38.417752  7981 thread.cpp:99] Thread 524344 construct Actor kSrcSubsetTick 1099629068294
I20220209 12:28:38.417762  7969 runtime_context.cpp:29] DecreaseCounter constructing_actor_cnt, current val is 1723
I20220209 12:28:38.417799  7990 thread.cpp:99] Thread 524302 construct Actor kNormalForward 1099540987904
I20220209 12:28:38.417976  7982 runtime_context.cpp:29] DecreaseCounter constructing_actor_cnt, current val is 1721
I20220209 12:28:38.417858  7971 naive_actor.cpp:25] actor 1099517919232 switch to &NaiveActor::HandlerNormal
I20220209 12:28:38.417915  7977 runtime_context.cpp:29] DecreaseCounter constructing_actor_cnt, current val is 1722
I20220209 12:28:38.418068  7971 thread.cpp:99] Thread 524291 construct Actor kNormalForward 1099517919232
I20220209 12:28:38.417987  7972 runtime_context.cpp:29] DecreaseCounter constructing_actor_cnt, current val is 1720
I20220209 12:28:38.417588  7984 naive_actor.cpp:25] actor 1099635359744 switch to &NaiveActor::HandlerNormal
I20220209 12:28:38.418169  7971 runtime_context.cpp:29] DecreaseCounter constructing_actor_cnt, current val is 1717
I20220209 12:28:38.418180  7984 thread.cpp:99] Thread 524347 construct Actor kCriticalSectionWaitTick 1099635359744
I20220209 12:28:38.417994  7981 runtime_context.cpp:29] DecreaseCounter constructing_actor_cnt, current val is 1719
I20220209 12:28:38.418058  7990 runtime_context.cpp:29] DecreaseCounter constructing_actor_cnt, current val is 1718
I20220209 12:28:38.418264  7984 runtime_context.cpp:29] DecreaseCounter constructing_actor_cnt, current val is 1716
I20220209 12:28:38.418572  7981 naive_actor.cpp:25] actor 1099629068291 switch to &NaiveActor::HandlerNormal
I20220209 12:28:38.418613  7981 thread.cpp:99] Thread 524344 construct Actor kTick 1099629068291
I20220209 12:28:38.418675  7981 runtime_context.cpp:29] DecreaseCounter constructing_actor_cnt, current val is 1715
I20220209 12:28:38.418748  7967 naive_actor.cpp:25] actor 2199023255601 switch to &NaiveActor::HandlerNormal
I20220209 12:28:38.418797  7967 thread.cpp:99] Thread 1048576 construct Actor kNormalForward 2199023255601
I20220209 12:28:38.418895  7967 runtime_context.cpp:29] DecreaseCounter constructing_actor_cnt, current val is 1714
I20220209 12:28:38.419195  7981 naive_actor.cpp:25] actor 1099629068290 switch to &NaiveActor::HandlerNormal
I20220209 12:28:38.419235  7981 thread.cpp:99] Thread 524344 construct Actor kDstSubsetTick 1099629068290
I20220209 12:28:38.419277  7967 naive_actor.cpp:25] actor 2199023255572 switch to &NaiveActor::HandlerNormal
I20220209 12:28:38.419307  7981 runtime_context.cpp:29] DecreaseCounter constructing_actor_cnt, current val is 1713
I20220209 12:28:38.419319  7967 thread.cpp:99] Thread 1048576 construct Actor kNormalForward 2199023255572
I20220209 12:28:38.419407  7967 runtime_context.cpp:29] DecreaseCounter constructing_actor_cnt, current val is 1712
I20220209 12:28:38.419658  7981 naive_actor.cpp:25] actor 1099629068288 switch to &NaiveActor::HandlerNormal
I20220209 12:28:38.419698  7981 thread.cpp:99] Thread 524344 construct Actor kSrcSubsetTick 1099629068288
I20220209 12:28:38.419741  7967 naive_actor.cpp:25] actor 2199023255565 switch to &NaiveActor::HandlerNormal
I20220209 12:28:38.419795  7967 thread.cpp:99] Thread 1048576 construct Actor kNormalForward 2199023255565
I20220209 12:28:38.419760  7981 runtime_context.cpp:29] DecreaseCounter constructing_actor_cnt, current val is 1711
I20220209 12:28:38.419869  7967 runtime_context.cpp:29] DecreaseCounter constructing_actor_cnt, current val is 1710
I20220209 12:28:38.420226  7981 naive_actor.cpp:25] actor 1099629068292 switch to &NaiveActor::HandlerNormal
I20220209 12:28:38.420240  7967 naive_actor.cpp:25] actor 2199023255553 switch to &NaiveActor::HandlerNormal
I20220209 12:28:38.420276  7981 thread.cpp:99] Thread 524344 construct Actor kTick 1099629068292
I20220209 12:28:38.420320  7967 thread.cpp:99] Thread 1048576 construct Actor kNormalForward 2199023255553
I20220209 12:28:38.420399  7981 runtime_context.cpp:29] DecreaseCounter constructing_actor_cnt, current val is 1709
I20220209 12:28:38.420424  7967 runtime_context.cpp:29] DecreaseCounter constructing_actor_cnt, current val is 1708
I20220209 12:28:38.420759  7981 naive_actor.cpp:25] actor 1099629068295 switch to &NaiveActor::HandlerNormal
I20220209 12:28:38.420799  7981 thread.cpp:99] Thread 524344 construct Actor kDstSubsetTick 1099629068295
I20220209 12:28:38.420859  7981 runtime_context.cpp:29] DecreaseCounter constructing_actor_cnt, current val is 1707
I20220209 12:28:38.421224  7981 naive_actor.cpp:25] actor 1099629068289 switch to &NaiveActor::HandlerNormal
I20220209 12:28:38.421263  7981 thread.cpp:99] Thread 524344 construct Actor kTick 1099629068289
I20220209 12:28:38.421324  7981 runtime_context.cpp:29] DecreaseCounter constructing_actor_cnt, current val is 1706
I20220209 12:28:38.421661  7981 naive_actor.cpp:25] actor 1099629068293 switch to &NaiveActor::HandlerNormal
I20220209 12:28:38.421700  7981 thread.cpp:99] Thread 524344 construct Actor kTick 1099629068293
I20220209 12:28:38.421761  7981 runtime_context.cpp:29] DecreaseCounter constructing_actor_cnt, current val is 1705
I20220209 12:28:38.422031  7967 naive_actor.cpp:25] actor 2199023255621 switch to &NaiveActor::HandlerNormal
I20220209 12:28:38.422080  7967 thread.cpp:99] Thread 1048576 construct Actor kNormalForward 2199023255621
I20220209 12:28:38.422124  7981 naive_actor.cpp:25] actor 1099629068297 switch to &NaiveActor::HandlerNormal
I20220209 12:28:38.422163  7981 thread.cpp:99] Thread 524344 construct Actor kDstSubsetTick 1099629068297
I20220209 12:28:38.422174  7967 runtime_context.cpp:29] DecreaseCounter constructing_actor_cnt, current val is 1704
I20220209 12:28:38.422247  7981 runtime_context.cpp:29] DecreaseCounter constructing_actor_cnt, current val is 1703
I20220209 12:28:38.422562  7967 naive_actor.cpp:25] actor 2199023255579 switch to &NaiveActor::HandlerNormal
I20220209 12:28:38.422605  7967 thread.cpp:99] Thread 1048576 construct Actor kNormalForward 2199023255579
I20220209 12:28:38.422672  7967 runtime_context.cpp:29] DecreaseCounter constructing_actor_cnt, current val is 1702
I20220209 12:28:38.423024  7967 naive_actor.cpp:25] actor 2199023255580 switch to &NaiveActor::HandlerNormal
I20220209 12:28:38.423065  7967 thread.cpp:99] Thread 1048576 construct Actor kNormalForward 2199023255580
I20220209 12:28:38.423131  7967 runtime_context.cpp:29] DecreaseCounter constructing_actor_cnt, current val is 1701
I20220209 12:28:38.423462  7967 naive_actor.cpp:25] actor 2199023255583 switch to &NaiveActor::HandlerNormal
I20220209 12:28:38.423503  7967 thread.cpp:99] Thread 1048576 construct Actor kNormalForward 2199023255583
I20220209 12:28:38.423570  7967 runtime_context.cpp:29] DecreaseCounter constructing_actor_cnt, current val is 1700
I20220209 12:28:38.423892  7967 naive_actor.cpp:25] actor 2199023255588 switch to &NaiveActor::HandlerNormal
I20220209 12:28:38.423934  7967 thread.cpp:99] Thread 1048576 construct Actor kNormalForward 2199023255588
I20220209 12:28:38.424016  7967 runtime_context.cpp:29] DecreaseCounter constructing_actor_cnt, current val is 1699
I20220209 12:28:38.424337  7967 naive_actor.cpp:25] actor 2199023255592 switch to &NaiveActor::HandlerNormal
I20220209 12:28:38.424374  7967 thread.cpp:99] Thread 1048576 construct Actor kNormalForward 2199023255592
I20220209 12:28:38.424433  7967 runtime_context.cpp:29] DecreaseCounter constructing_actor_cnt, current val is 1698
I20220209 12:28:38.425554  7967 naive_actor.cpp:25] actor 2199023255644 switch to &NaiveActor::HandlerNormal
I20220209 12:28:38.425596  7967 thread.cpp:99] Thread 1048576 construct Actor kNormalForward 2199023255644
I20220209 12:28:38.425669  7967 runtime_context.cpp:29] DecreaseCounter constructing_actor_cnt, current val is 1697
I20220209 12:28:38.426002  7967 naive_actor.cpp:25] actor 2199023255595 switch to &NaiveActor::HandlerNormal
I20220209 12:28:38.426040  7967 thread.cpp:99] Thread 1048576 construct Actor kNormalForward 2199023255595
I20220209 12:28:38.426102  7967 runtime_context.cpp:29] DecreaseCounter constructing_actor_cnt, current val is 1696
I20220209 12:28:38.426409  7967 naive_actor.cpp:25] actor 2199023255581 switch to &NaiveActor::HandlerNormal
I20220209 12:28:38.426446  7967 thread.cpp:99] Thread 1048576 construct Actor kNormalForward 2199023255581
I20220209 12:28:38.426506  7967 runtime_context.cpp:29] DecreaseCounter constructing_actor_cnt, current val is 1695
I20220209 12:28:38.427584  7967 naive_actor.cpp:25] actor 2199023255651 switch to &NaiveActor::HandlerNormal
I20220209 12:28:38.427626  7967 thread.cpp:99] Thread 1048576 construct Actor kNormalForward 2199023255651
I20220209 12:28:38.427700  7967 runtime_context.cpp:29] DecreaseCounter constructing_actor_cnt, current val is 1694
I20220209 12:28:38.428036  7967 naive_actor.cpp:25] actor 2199023255603 switch to &NaiveActor::HandlerNormal
I20220209 12:28:38.428074  7967 thread.cpp:99] Thread 1048576 construct Actor kNormalForward 2199023255603
I20220209 12:28:38.428135  7967 runtime_context.cpp:29] DecreaseCounter constructing_actor_cnt, current val is 1693
I20220209 12:28:38.428439  7967 naive_actor.cpp:25] actor 2199023255606 switch to &NaiveActor::HandlerNormal
I20220209 12:28:38.428478  7967 thread.cpp:99] Thread 1048576 construct Actor kNormalForward 2199023255606
I20220209 12:28:38.428537  7967 runtime_context.cpp:29] DecreaseCounter constructing_actor_cnt, current val is 1692
I20220209 12:28:38.429586  7967 naive_actor.cpp:25] actor 2199023255577 switch to &NaiveActor::HandlerNormal
I20220209 12:28:38.429630  7967 thread.cpp:99] Thread 1048576 construct Actor kNormalForward 2199023255577
I20220209 12:28:38.429714  7967 runtime_context.cpp:29] DecreaseCounter constructing_actor_cnt, current val is 1691
I20220209 12:28:38.430060  7967 naive_actor.cpp:25] actor 2199023255555 switch to &NaiveActor::HandlerNormal
I20220209 12:28:38.430099  7967 thread.cpp:99] Thread 1048576 construct Actor kNormalForward 2199023255555
I20220209 12:28:38.430160  7967 runtime_context.cpp:29] DecreaseCounter constructing_actor_cnt, current val is 1690
I20220209 12:28:38.430917  7967 naive_actor.cpp:25] actor 2199023255602 switch to &NaiveActor::HandlerNormal
I20220209 12:28:38.430969  7967 thread.cpp:99] Thread 1048576 construct Actor kNormalForward 2199023255602
I20220209 12:28:38.431035  7967 runtime_context.cpp:29] DecreaseCounter constructing_actor_cnt, current val is 1689
I20220209 12:28:38.431339  7967 naive_actor.cpp:25] actor 2199023255563 switch to &NaiveActor::HandlerNormal
I20220209 12:28:38.431377  7967 thread.cpp:99] Thread 1048576 construct Actor kNormalForward 2199023255563
I20220209 12:28:38.431452  7967 runtime_context.cpp:29] DecreaseCounter constructing_actor_cnt, current val is 1688
I20220209 12:28:38.431756  7967 naive_actor.cpp:25] actor 2199023255585 switch to &NaiveActor::HandlerNormal
I20220209 12:28:38.431794  7967 thread.cpp:99] Thread 1048576 construct Actor kNormalForward 2199023255585
I20220209 12:28:38.431852  7967 runtime_context.cpp:29] DecreaseCounter constructing_actor_cnt, current val is 1687
I20220209 12:28:38.432166  7967 naive_actor.cpp:25] actor 2199023255568 switch to &NaiveActor::HandlerNormal
I20220209 12:28:38.432204  7967 thread.cpp:99] Thread 1048576 construct Actor kNormalForward 2199023255568
I20220209 12:28:38.432265  7967 runtime_context.cpp:29] DecreaseCounter constructing_actor_cnt, current val is 1686
I20220209 12:28:38.432569  7967 naive_actor.cpp:25] actor 2199023255586 switch to &NaiveActor::HandlerNormal
I20220209 12:28:38.432606  7967 thread.cpp:99] Thread 1048576 construct Actor kNormalForward 2199023255586
I20220209 12:28:38.432663  7967 runtime_context.cpp:29] DecreaseCounter constructing_actor_cnt, current val is 1685
I20220209 12:28:38.432978  7967 naive_actor.cpp:25] actor 2199023255573 switch to &NaiveActor::HandlerNormal
I20220209 12:28:38.433017  7967 thread.cpp:99] Thread 1048576 construct Actor kNormalForward 2199023255573
I20220209 12:28:38.433075  7967 runtime_context.cpp:29] DecreaseCounter constructing_actor_cnt, current val is 1684
I20220209 12:28:38.433379  7967 naive_actor.cpp:25] actor 2199023255591 switch to &NaiveActor::HandlerNormal
I20220209 12:28:38.433416  7967 thread.cpp:99] Thread 1048576 construct Actor kNormalForward 2199023255591
I20220209 12:28:38.433473  7967 runtime_context.cpp:29] DecreaseCounter constructing_actor_cnt, current val is 1683
I20220209 12:28:38.433769  7967 naive_actor.cpp:25] actor 2199023255560 switch to &NaiveActor::HandlerNormal
I20220209 12:28:38.433806  7967 thread.cpp:99] Thread 1048576 construct Actor kNormalForward 2199023255560
I20220209 12:28:38.433866  7967 runtime_context.cpp:29] DecreaseCounter constructing_actor_cnt, current val is 1682
I20220209 12:28:38.434186  7967 naive_actor.cpp:25] actor 2199023255600 switch to &NaiveActor::HandlerNormal
I20220209 12:28:38.434234  7967 thread.cpp:99] Thread 1048576 construct Actor kNormalForward 2199023255600
I20220209 12:28:38.434289  7967 runtime_context.cpp:29] DecreaseCounter constructing_actor_cnt, current val is 1681
I20220209 12:28:38.435319  7967 naive_actor.cpp:25] actor 2199023255616 switch to &NaiveActor::HandlerNormal
I20220209 12:28:38.435359  7967 thread.cpp:99] Thread 1048576 construct Actor kNormalForward 2199023255616
I20220209 12:28:38.435425  7967 runtime_context.cpp:29] DecreaseCounter constructing_actor_cnt, current val is 1680
I20220209 12:28:38.436291  7967 naive_actor.cpp:25] actor 2199023255554 switch to &NaiveActor::HandlerNormal
I20220209 12:28:38.436331  7967 thread.cpp:99] Thread 1048576 construct Actor kNormalForward 2199023255554
I20220209 12:28:38.436393  7967 runtime_context.cpp:29] DecreaseCounter constructing_actor_cnt, current val is 1679
I20220209 12:28:38.436715  7967 naive_actor.cpp:25] actor 2199023255552 switch to &NaiveActor::HandlerNormal
I20220209 12:28:38.436751  7967 thread.cpp:99] Thread 1048576 construct Actor kNormalForward 2199023255552
I20220209 12:28:38.436808  7967 runtime_context.cpp:29] DecreaseCounter constructing_actor_cnt, current val is 1678
I20220209 12:28:38.437714  7967 naive_actor.cpp:25] actor 2199023255556 switch to &NaiveActor::HandlerNormal
I20220209 12:28:38.437752  7967 thread.cpp:99] Thread 1048576 construct Actor kNormalForward 2199023255556
I20220209 12:28:38.437819  7967 runtime_context.cpp:29] DecreaseCounter constructing_actor_cnt, current val is 1677
I20220209 12:28:38.438534  7967 naive_actor.cpp:25] actor 2199023255575 switch to &NaiveActor::HandlerNormal
I20220209 12:28:38.438571  7967 thread.cpp:99] Thread 1048576 construct Actor kNormalForward 2199023255575
I20220209 12:28:38.438632  7967 runtime_context.cpp:29] DecreaseCounter constructing_actor_cnt, current val is 1676
I20220209 12:28:38.438923  7967 naive_actor.cpp:25] actor 2199023255612 switch to &NaiveActor::HandlerNormal
I20220209 12:28:38.438971  7967 thread.cpp:99] Thread 1048576 construct Actor kNormalForward 2199023255612
I20220209 12:28:38.439033  7967 runtime_context.cpp:29] DecreaseCounter constructing_actor_cnt, current val is 1675
I20220209 12:28:38.439321  7967 naive_actor.cpp:25] actor 2199023255605 switch to &NaiveActor::HandlerNormal
I20220209 12:28:38.439355  7967 thread.cpp:99] Thread 1048576 construct Actor kNormalForward 2199023255605
I20220209 12:28:38.439410  7967 runtime_context.cpp:29] DecreaseCounter constructing_actor_cnt, current val is 1674
I20220209 12:28:38.439687  7967 naive_actor.cpp:25] actor 2199023255558 switch to &NaiveActor::HandlerNormal
I20220209 12:28:38.439723  7967 thread.cpp:99] Thread 1048576 construct Actor kNormalForward 2199023255558
I20220209 12:28:38.439776  7967 runtime_context.cpp:29] DecreaseCounter constructing_actor_cnt, current val is 1673
I20220209 12:28:38.440080  7967 naive_actor.cpp:25] actor 2199023255597 switch to &NaiveActor::HandlerNormal
I20220209 12:28:38.440115  7967 thread.cpp:99] Thread 1048576 construct Actor kNormalForward 2199023255597
I20220209 12:28:38.440169  7967 runtime_context.cpp:29] DecreaseCounter constructing_actor_cnt, current val is 1672
I20220209 12:28:38.440448  7967 naive_actor.cpp:25] actor 2199023255587 switch to &NaiveActor::HandlerNormal
I20220209 12:28:38.440485  7967 thread.cpp:99] Thread 1048576 construct Actor kNormalForward 2199023255587
I20220209 12:28:38.440539  7967 runtime_context.cpp:29] DecreaseCounter constructing_actor_cnt, current val is 1671
I20220209 12:28:38.441501  7967 naive_actor.cpp:25] actor 2199023255596 switch to &NaiveActor::HandlerNormal
I20220209 12:28:38.441540  7967 thread.cpp:99] Thread 1048576 construct Actor kNormalForward 2199023255596
I20220209 12:28:38.441606  7967 runtime_context.cpp:29] DecreaseCounter constructing_actor_cnt, current val is 1670
I20220209 12:28:38.442327  7967 naive_actor.cpp:25] actor 2199023255562 switch to &NaiveActor::HandlerNormal
I20220209 12:28:38.442366  7967 thread.cpp:99] Thread 1048576 construct Actor kNormalForward 2199023255562
I20220209 12:28:38.442425  7967 runtime_context.cpp:29] DecreaseCounter constructing_actor_cnt, current val is 1669
I20220209 12:28:38.442728  7967 naive_actor.cpp:25] actor 2199023255599 switch to &NaiveActor::HandlerNormal
I20220209 12:28:38.442762  7967 thread.cpp:99] Thread 1048576 construct Actor kNormalForward 2199023255599
I20220209 12:28:38.442819  7967 runtime_context.cpp:29] DecreaseCounter constructing_actor_cnt, current val is 1668
I20220209 12:28:38.443116  7967 naive_actor.cpp:25] actor 2199023255570 switch to &NaiveActor::HandlerNormal
I20220209 12:28:38.443151  7967 thread.cpp:99] Thread 1048576 construct Actor kNormalForward 2199023255570
I20220209 12:28:38.443207  7967 runtime_context.cpp:29] DecreaseCounter constructing_actor_cnt, current val is 1667
I20220209 12:28:38.444223  7967 naive_actor.cpp:25] actor 2199023255604 switch to &NaiveActor::HandlerNormal
I20220209 12:28:38.444269  7967 thread.cpp:99] Thread 1048576 construct Actor kNormalForward 2199023255604
I20220209 12:28:38.444334  7967 runtime_context.cpp:29] DecreaseCounter constructing_actor_cnt, current val is 1666
I20220209 12:28:38.445706  7967 naive_actor.cpp:25] actor 2199023255567 switch to &NaiveActor::HandlerNormal
I20220209 12:28:38.445744  7967 thread.cpp:99] Thread 1048576 construct Actor kNormalForward 2199023255567
I20220209 12:28:38.445822  7967 runtime_context.cpp:29] DecreaseCounter constructing_actor_cnt, current val is 1665
I20220209 12:28:38.447175  7967 naive_actor.cpp:25] actor 2199023255649 switch to &NaiveActor::HandlerNormal
I20220209 12:28:38.447212  7967 thread.cpp:99] Thread 1048576 construct Actor kNormalForward 2199023255649
I20220209 12:28:38.447307  7967 runtime_context.cpp:29] DecreaseCounter constructing_actor_cnt, current val is 1664
I20220209 12:28:38.447593  7967 naive_actor.cpp:25] actor 2199023255705 switch to &NaiveActor::HandlerNormal
I20220209 12:28:38.447628  7967 thread.cpp:99] Thread 1048576 construct Actor kNormalForward 2199023255705
I20220209 12:28:38.447680  7967 runtime_context.cpp:29] DecreaseCounter constructing_actor_cnt, current val is 1663
I20220209 12:28:38.448959  7967 naive_actor.cpp:25] actor 2199023255561 switch to &NaiveActor::HandlerNormal
I20220209 12:28:38.448995  7967 thread.cpp:99] Thread 1048576 construct Actor kNormalForward 2199023255561
I20220209 12:28:38.449071  7967 runtime_context.cpp:29] DecreaseCounter constructing_actor_cnt, current val is 1662
I20220209 12:28:38.449375  7967 naive_actor.cpp:25] actor 2199023255576 switch to &NaiveActor::HandlerNormal
I20220209 12:28:38.449409  7967 thread.cpp:99] Thread 1048576 construct Actor kNormalForward 2199023255576
I20220209 12:28:38.449462  7967 runtime_context.cpp:29] DecreaseCounter constructing_actor_cnt, current val is 1661
I20220209 12:28:38.449733  7967 naive_actor.cpp:25] actor 2199023255564 switch to &NaiveActor::HandlerNormal
I20220209 12:28:38.449765  7967 thread.cpp:99] Thread 1048576 construct Actor kNormalForward 2199023255564
I20220209 12:28:38.449815  7967 runtime_context.cpp:29] DecreaseCounter constructing_actor_cnt, current val is 1660
I20220209 12:28:38.451166  7967 naive_actor.cpp:25] actor 2199023255582 switch to &NaiveActor::HandlerNormal
I20220209 12:28:38.451205  7967 thread.cpp:99] Thread 1048576 construct Actor kNormalForward 2199023255582
I20220209 12:28:38.451282  7967 runtime_context.cpp:29] DecreaseCounter constructing_actor_cnt, current val is 1659
I20220209 12:28:38.451565  7967 naive_actor.cpp:25] actor 2199023255566 switch to &NaiveActor::HandlerNormal
I20220209 12:28:38.451599  7967 thread.cpp:99] Thread 1048576 construct Actor kNormalForward 2199023255566
I20220209 12:28:38.451653  7967 runtime_context.cpp:29] DecreaseCounter constructing_actor_cnt, current val is 1658
I20220209 12:28:38.451915  7967 naive_actor.cpp:25] actor 2199023255557 switch to &NaiveActor::HandlerNormal
I20220209 12:28:38.451961  7967 thread.cpp:99] Thread 1048576 construct Actor kNormalForward 2199023255557
I20220209 12:28:38.452013  7967 runtime_context.cpp:29] DecreaseCounter constructing_actor_cnt, current val is 1657
I20220209 12:28:38.453305  7967 naive_actor.cpp:25] actor 2199023255589 switch to &NaiveActor::HandlerNormal
I20220209 12:28:38.453343  7967 thread.cpp:99] Thread 1048576 construct Actor kNormalForward 2199023255589
I20220209 12:28:38.453419  7967 runtime_context.cpp:29] DecreaseCounter constructing_actor_cnt, current val is 1656
I20220209 12:28:38.454654  7967 naive_actor.cpp:25] actor 2199023255574 switch to &NaiveActor::HandlerNormal
I20220209 12:28:38.454690  7967 thread.cpp:99] Thread 1048576 construct Actor kNormalForward 2199023255574
I20220209 12:28:38.454761  7967 runtime_context.cpp:29] DecreaseCounter constructing_actor_cnt, current val is 1655
I20220209 12:28:38.455052  7967 naive_actor.cpp:25] actor 2199023255615 switch to &NaiveActor::HandlerNormal
I20220209 12:28:38.455085  7967 thread.cpp:99] Thread 1048576 construct Actor kNormalForward 2199023255615
I20220209 12:28:38.455142  7967 runtime_context.cpp:29] DecreaseCounter constructing_actor_cnt, current val is 1654
I20220209 12:28:38.455405  7967 naive_actor.cpp:25] actor 2199023255607 switch to &NaiveActor::HandlerNormal
I20220209 12:28:38.455438  7967 thread.cpp:99] Thread 1048576 construct Actor kNormalForward 2199023255607
I20220209 12:28:38.455487  7967 runtime_context.cpp:29] DecreaseCounter constructing_actor_cnt, current val is 1653
I20220209 12:28:38.456316  7967 naive_actor.cpp:25] actor 2199023255671 switch to &NaiveActor::HandlerNormal
I20220209 12:28:38.456351  7967 thread.cpp:99] Thread 1048576 construct Actor kNormalForward 2199023255671
I20220209 12:28:38.456409  7967 runtime_context.cpp:29] DecreaseCounter constructing_actor_cnt, current val is 1652
I20220209 12:28:38.456678  7967 naive_actor.cpp:25] actor 2199023255657 switch to &NaiveActor::HandlerNormal
I20220209 12:28:38.456710  7967 thread.cpp:99] Thread 1048576 construct Actor kNormalForward 2199023255657
I20220209 12:28:38.456760  7967 runtime_context.cpp:29] DecreaseCounter constructing_actor_cnt, current val is 1651
I20220209 12:28:38.457031  7967 naive_actor.cpp:25] actor 2199023255628 switch to &NaiveActor::HandlerNormal
I20220209 12:28:38.457062  7967 thread.cpp:99] Thread 1048576 construct Actor kNormalForward 2199023255628
I20220209 12:28:38.457110  7967 runtime_context.cpp:29] DecreaseCounter constructing_actor_cnt, current val is 1650
I20220209 12:28:38.457363  7967 naive_actor.cpp:25] actor 2199023255571 switch to &NaiveActor::HandlerNormal
I20220209 12:28:38.457396  7967 thread.cpp:99] Thread 1048576 construct Actor kNormalForward 2199023255571
I20220209 12:28:38.457443  7967 runtime_context.cpp:29] DecreaseCounter constructing_actor_cnt, current val is 1649
I20220209 12:28:38.457695  7967 naive_actor.cpp:25] actor 2199023255677 switch to &NaiveActor::HandlerNormal
I20220209 12:28:38.457726  7967 thread.cpp:99] Thread 1048576 construct Actor kNormalForward 2199023255677
I20220209 12:28:38.457777  7967 runtime_context.cpp:29] DecreaseCounter constructing_actor_cnt, current val is 1648
I20220209 12:28:38.459053  7967 naive_actor.cpp:25] actor 2199023255609 switch to &NaiveActor::HandlerNormal
I20220209 12:28:38.459089  7967 thread.cpp:99] Thread 1048576 construct Actor kNormalForward 2199023255609
I20220209 12:28:38.459161  7967 runtime_context.cpp:29] DecreaseCounter constructing_actor_cnt, current val is 1647
I20220209 12:28:38.459435  7967 naive_actor.cpp:25] actor 2199023255635 switch to &NaiveActor::HandlerNormal
I20220209 12:28:38.459467  7967 thread.cpp:99] Thread 1048576 construct Actor kNormalForward 2199023255635
I20220209 12:28:38.459517  7967 runtime_context.cpp:29] DecreaseCounter constructing_actor_cnt, current val is 1646
I20220209 12:28:38.460431  7967 naive_actor.cpp:25] actor 2199023255636 switch to &NaiveActor::HandlerNormal
I20220209 12:28:38.460466  7967 thread.cpp:99] Thread 1048576 construct Actor kNormalForward 2199023255636
I20220209 12:28:38.460525  7967 runtime_context.cpp:29] DecreaseCounter constructing_actor_cnt, current val is 1645
I20220209 12:28:38.460793  7967 naive_actor.cpp:25] actor 2199023255639 switch to &NaiveActor::HandlerNormal
I20220209 12:28:38.460824  7967 thread.cpp:99] Thread 1048576 construct Actor kNormalForward 2199023255639
I20220209 12:28:38.460873  7967 runtime_context.cpp:29] DecreaseCounter constructing_actor_cnt, current val is 1644
I20220209 12:28:38.462071  7967 naive_actor.cpp:25] actor 2199023255594 switch to &NaiveActor::HandlerNormal
I20220209 12:28:38.462106  7967 thread.cpp:99] Thread 1048576 construct Actor kNormalForward 2199023255594
I20220209 12:28:38.462177  7967 runtime_context.cpp:29] DecreaseCounter constructing_actor_cnt, current val is 1643
I20220209 12:28:38.462451  7967 naive_actor.cpp:25] actor 2199023255648 switch to &NaiveActor::HandlerNormal
I20220209 12:28:38.462483  7967 thread.cpp:99] Thread 1048576 construct Actor kNormalForward 2199023255648
I20220209 12:28:38.462533  7967 runtime_context.cpp:29] DecreaseCounter constructing_actor_cnt, current val is 1642
I20220209 12:28:38.462800  7967 naive_actor.cpp:25] actor 2199023255700 switch to &NaiveActor::HandlerNormal
I20220209 12:28:38.462832  7967 thread.cpp:99] Thread 1048576 construct Actor kNormalForward 2199023255700
I20220209 12:28:38.462882  7967 runtime_context.cpp:29] DecreaseCounter constructing_actor_cnt, current val is 1641
I20220209 12:28:38.463145  7967 naive_actor.cpp:25] actor 2199023255590 switch to &NaiveActor::HandlerNormal
I20220209 12:28:38.463178  7967 thread.cpp:99] Thread 1048576 construct Actor kNormalForward 2199023255590
I20220209 12:28:38.463225  7967 runtime_context.cpp:29] DecreaseCounter constructing_actor_cnt, current val is 1640
