Log file created at: 2022/02/10 12:52:50
Running on machine: 3b2ab1d574b6
Running duration (h:mm:ss): 0:00:00
Log line format: [IWEF]yyyymmdd hh:mm:ss.uuuuuu threadid file:line] msg
I20220210 12:52:50.895229 35071 global.h:36] NewGlobal N7oneflow7EnvDescE
I20220210 12:52:50.895468 35071 global.h:36] NewGlobal N7oneflow10ProcessCtxE
I20220210 12:52:50.895488 35071 env_global_objects_scope.cpp:163] using rpc backend: local
I20220210 12:52:51.014673 35071 global.h:36] NewGlobal N7oneflow12ResourceDescE
I20220210 12:52:51.014782 35071 global.h:36] NewGlobal N7oneflow12ResourceDescE
I20220210 12:52:51.129205 35071 global.h:36] NewGlobal N7oneflow2ep21DeviceManagerRegistryE
I20220210 12:52:51.129266 35071 global.h:36] NewGlobal N7oneflow10ThreadPoolE
I20220210 12:52:51.131122 35071 global.h:36] NewGlobal N7oneflow16EagerNcclCommMgrE
I20220210 12:52:51.131145 35071 global.h:36] NewGlobal N7oneflow18CudnnConvAlgoCacheE
I20220210 12:52:51.131156 35071 global.h:36] NewGlobal N7oneflow2vm19VirtualMachineScopeE
I20220210 12:52:51.131171 35071 global.h:36] NewGlobal N7oneflow14VirtualMachineE
I20220210 12:52:51.131645 35071 virtual_machine.cpp:95] transport stream type: N7oneflow2vm13CpuStreamTypeE
I20220210 12:52:51.131666 35071 virtual_machine.cpp:95] transport stream type: N7oneflow2vm14CudaStreamTypeE
I20220210 12:52:51.131677 35071 virtual_machine.cpp:95] transport stream type: N7oneflow2vm19AsyncCudaStreamTypeE
I20220210 12:52:51.131932 35071 global.h:36] NewGlobal N7oneflow27EagerJobBuildAndInferCtxMgrE
I20220210 12:52:51.131961 35071 global.h:36] NewGlobal N7oneflow12EpollCommNetE
I20220210 12:52:51.132198 35071 epoll_comm_network.cpp:63] CommNet:Epoll listening on 0.0.0.0:35779
I20220210 12:52:51.132241 35071 epoll_comm_network.cpp:197] machine 0 sockfd -1
I20220210 12:52:51.132392 35071 global.h:36] NewGlobal N7oneflow9TransportE
I20220210 12:52:51.132488 35071 global.h:43] DeleteGlobal N7oneflow17ForeignLockHelperE
I20220210 12:52:51.132596 35071 global.h:36] NewGlobal N7oneflow25MultiClientSessionContextE
I20220210 12:52:58.800241 35071 version.cpp:22] OneFlow git version: cf2ce57
I20220210 12:52:58.800289 35071 cuda_device_manager_factory.cpp:63] CUDA runtime version: 10.2
I20220210 12:52:58.800310 35071 cuda_device_manager_factory.cpp:72] cuDNN version: 7.6.5
I20220210 12:52:58.800323 35071 cuda_device_manager_factory.cpp:85] NCCL version: 2.11.4
I20220210 12:52:58.800370 35071 global.h:43] DeleteGlobal N7oneflow12ResourceDescE
I20220210 12:52:58.800386 35071 global.h:36] NewGlobal N7oneflow12ResourceDescE
I20220210 12:52:58.800397 35071 global.h:36] NewGlobal N7oneflow5IDMgrE
I20220210 12:52:58.800410 35071 global.h:36] NewGlobal N7oneflow22TaskStreamIndexManagerE
I20220210 12:52:58.800421 35071 global.h:36] NewGlobal N7oneflow26LazyJobBuildAndInferCtxMgrE
I20220210 12:52:58.800431 35071 global.h:36] NewGlobal N7oneflow9BufferMgrISt10shared_ptrINS_11JobInstanceEEEE
I20220210 12:52:58.800441 35071 global.h:36] NewGlobal N7oneflow9BufferMgrISt10shared_ptrINS_23CriticalSectionInstanceEEEE
I20220210 12:52:58.800449 35071 global.h:36] NewGlobal N7oneflow10RuntimeCtxE
I20220210 12:52:58.800459 35071 global.h:36] NewGlobal N7oneflow15MemoryAllocatorE
I20220210 12:52:58.800468 35071 global.h:36] NewGlobal N7oneflow8ChunkMgrE
I20220210 12:52:58.800477 35071 global.h:36] NewGlobal N7oneflow8RegstMgrE
I20220210 12:52:58.800487 35071 global.h:36] NewGlobal N7oneflow11ActorMsgBusE
I20220210 12:52:58.800494 35071 global.h:36] NewGlobal N7oneflow9ThreadMgrE
I20220210 12:52:58.800503 35071 global.h:36] NewGlobal N7oneflow15RuntimeJobDescsE
I20220210 12:52:58.800513 35071 global.h:36] NewGlobal N7oneflow7summary12EventsWriterE
I20220210 12:52:58.800524 35071 global.h:36] NewGlobal N7oneflow6boxing10collective9SchedulerE
I20220210 12:52:58.852131 35071 global.h:36] NewGlobal N7oneflow7JobDescE
I20220210 12:52:59.318008 35071 global.h:43] DeleteGlobal N7oneflow7JobDescE
I20220210 12:52:59.318107 35071 global.h:36] NewGlobal N7oneflow7JobDescE
I20220210 12:52:59.331022 35071 global.h:36] NewGlobal N7oneflow7OpGraphE
I20220210 12:52:59.357450 35071 global.h:43] DeleteGlobal N7oneflow7OpGraphE
I20220210 12:52:59.459457 35071 auto_mixed_precision.cpp:146] Insert CastOp: model.backbone.layer3.5.conv2.weight-out-cast_f2h between model.backbone.layer3.5.conv2.weight/out
I20220210 12:52:59.459584 35071 auto_mixed_precision.cpp:146] Insert CastOp: model.backbone.layer3.4.conv2.weight-out-cast_f2h between model.backbone.layer3.4.conv2.weight/out
I20220210 12:52:59.460000 35071 auto_mixed_precision.cpp:146] Insert CastOp: model.backbone.layer3.13.conv2.weight-out-cast_f2h between model.backbone.layer3.13.conv2.weight/out
I20220210 12:52:59.460242 35071 auto_mixed_precision.cpp:146] Insert CastOp: model.backbone.layer3.0.conv2.weight-out-cast_f2h between model.backbone.layer3.0.conv2.weight/out
I20220210 12:52:59.460314 35071 auto_mixed_precision.cpp:146] Insert CastOp: model.backbone.layer3.5.conv1.weight-out-cast_f2h between model.backbone.layer3.5.conv1.weight/out
I20220210 12:52:59.460415 35071 auto_mixed_precision.cpp:146] Insert CastOp: model.backbone.layer3.0.conv1.weight-out-cast_f2h between model.backbone.layer3.0.conv1.weight/out
I20220210 12:52:59.460680 35071 auto_mixed_precision.cpp:146] Insert CastOp: model.backbone.layer3.9.conv2.weight-out-cast_f2h between model.backbone.layer3.9.conv2.weight/out
I20220210 12:52:59.460911 35071 auto_mixed_precision.cpp:146] Insert CastOp: model.backbone.layer3.2.conv1.weight-out-cast_f2h between model.backbone.layer3.2.conv1.weight/out
I20220210 12:52:59.461017 35071 auto_mixed_precision.cpp:146] Insert CastOp: model.backbone.layer3.4.conv1.weight-out-cast_f2h between model.backbone.layer3.4.conv1.weight/out
I20220210 12:52:59.461091 35071 auto_mixed_precision.cpp:146] Insert CastOp: model.backbone.layer3.11.conv2.weight-out-cast_f2h between model.backbone.layer3.11.conv2.weight/out
I20220210 12:52:59.461177 35071 auto_mixed_precision.cpp:146] Insert CastOp: model.backbone.layer1.1.conv2.weight-out-cast_f2h between model.backbone.layer1.1.conv2.weight/out
I20220210 12:52:59.461266 35071 auto_mixed_precision.cpp:146] Insert CastOp: model.backbone.layer2.0.conv2.weight-out-cast_f2h between model.backbone.layer2.0.conv2.weight/out
I20220210 12:52:59.461392 35071 auto_mixed_precision.cpp:146] Insert CastOp: model.backbone.layer3.3.conv2.weight-out-cast_f2h between model.backbone.layer3.3.conv2.weight/out
I20220210 12:52:59.461503 35071 auto_mixed_precision.cpp:146] Insert CastOp: model.fc-l2_normalize-185-y_0-cast_f2h between model.fc-l2_normalize-185/y_0
I20220210 12:52:59.461653 35071 auto_mixed_precision.cpp:146] Insert CastOp: model.backbone.layer3.1.conv1.weight-out-cast_f2h between model.backbone.layer3.1.conv1.weight/out
I20220210 12:52:59.461794 35071 auto_mixed_precision.cpp:146] Insert CastOp: model.backbone.layer2.1.conv1.weight-out-cast_f2h between model.backbone.layer2.1.conv1.weight/out
I20220210 12:52:59.461907 35071 auto_mixed_precision.cpp:146] Insert CastOp: model.backbone.layer1.2.conv1.weight-out-cast_f2h between model.backbone.layer1.2.conv1.weight/out
I20220210 12:52:59.462026 35071 auto_mixed_precision.cpp:146] Insert CastOp: model.backbone.layer2.3.conv1.weight-out-cast_f2h between model.backbone.layer2.3.conv1.weight/out
I20220210 12:52:59.462208 35071 auto_mixed_precision.cpp:146] Insert CastOp: model.backbone.layer3.1.conv2.weight-out-cast_f2h between model.backbone.layer3.1.conv2.weight/out
I20220210 12:52:59.462333 35071 auto_mixed_precision.cpp:146] Insert CastOp: model.backbone.layer2.0.conv1.weight-out-cast_f2h between model.backbone.layer2.0.conv1.weight/out
I20220210 12:52:59.462698 35071 auto_mixed_precision.cpp:146] Insert CastOp: model.backbone.layer3.8.conv1.weight-out-cast_f2h between model.backbone.layer3.8.conv1.weight/out
I20220210 12:52:59.462914 35071 auto_mixed_precision.cpp:146] Insert CastOp: model.backbone.layer1.1.conv1.weight-out-cast_f2h between model.backbone.layer1.1.conv1.weight/out
I20220210 12:52:59.463095 35071 auto_mixed_precision.cpp:146] Insert CastOp: model.backbone.layer3.10.conv2.weight-out-cast_f2h between model.backbone.layer3.10.conv2.weight/out
I20220210 12:52:59.463165 35071 auto_mixed_precision.cpp:146] Insert CastOp: model.backbone.layer3.8.conv2.weight-out-cast_f2h between model.backbone.layer3.8.conv2.weight/out
I20220210 12:52:59.463445 35071 auto_mixed_precision.cpp:146] Insert CastOp: model.backbone.layer2.0.downsample.0.weight-out-cast_f2h between model.backbone.layer2.0.downsample.0.weight/out
I20220210 12:52:59.463600 35071 auto_mixed_precision.cpp:146] Insert CastOp: model.backbone.layer4.0.downsample.0.weight-out-cast_f2h between model.backbone.layer4.0.downsample.0.weight/out
I20220210 12:52:59.463795 35071 auto_mixed_precision.cpp:146] Insert CastOp: model.backbone.layer3.10.conv1.weight-out-cast_f2h between model.backbone.layer3.10.conv1.weight/out
I20220210 12:52:59.463908 35071 auto_mixed_precision.cpp:146] Insert CastOp: model.backbone.layer3.6.conv2.weight-out-cast_f2h between model.backbone.layer3.6.conv2.weight/out
I20220210 12:52:59.464042 35071 auto_mixed_precision.cpp:146] Insert CastOp: model.backbone.layer1.0.downsample.0.weight-out-cast_f2h between model.backbone.layer1.0.downsample.0.weight/out
I20220210 12:52:59.464184 35071 auto_mixed_precision.cpp:146] Insert CastOp: model.backbone.layer4.2.conv1.weight-out-cast_f2h between model.backbone.layer4.2.conv1.weight/out
I20220210 12:52:59.464246 35071 auto_mixed_precision.cpp:146] Insert CastOp: model.fc-l2_normalize-184-y_0-cast_f2h between model.fc-l2_normalize-184/y_0
I20220210 12:52:59.464749 35071 auto_mixed_precision.cpp:146] Insert CastOp: model.backbone.fc.weight-out-cast_f2h between model.backbone.fc.weight/out
I20220210 12:52:59.464851 35071 auto_mixed_precision.cpp:146] Insert CastOp: model.backbone.layer3.12.conv1.weight-out-cast_f2h between model.backbone.layer3.12.conv1.weight/out
I20220210 12:52:59.465023 35071 auto_mixed_precision.cpp:146] Insert CastOp: model.backbone.layer3.7.conv1.weight-out-cast_f2h between model.backbone.layer3.7.conv1.weight/out
I20220210 12:52:59.465108 35071 auto_mixed_precision.cpp:146] Insert CastOp: model.backbone.layer4.2.conv2.weight-out-cast_f2h between model.backbone.layer4.2.conv2.weight/out
I20220210 12:52:59.465234 35071 auto_mixed_precision.cpp:146] Insert CastOp: model.backbone.layer4.0.conv2.weight-out-cast_f2h between model.backbone.layer4.0.conv2.weight/out
I20220210 12:52:59.465324 35071 auto_mixed_precision.cpp:146] Insert CastOp: model.backbone.layer3.0.downsample.0.weight-out-cast_f2h between model.backbone.layer3.0.downsample.0.weight/out
I20220210 12:52:59.465476 35071 auto_mixed_precision.cpp:146] Insert CastOp: model.backbone.layer4.0.conv1.weight-out-cast_f2h between model.backbone.layer4.0.conv1.weight/out
I20220210 12:52:59.465586 35071 auto_mixed_precision.cpp:146] Insert CastOp: model.backbone.layer4.1.conv1.weight-out-cast_f2h between model.backbone.layer4.1.conv1.weight/out
I20220210 12:52:59.465694 35071 auto_mixed_precision.cpp:146] Insert CastOp: model.backbone.layer3.2.conv2.weight-out-cast_f2h between model.backbone.layer3.2.conv2.weight/out
I20220210 12:52:59.465842 35071 auto_mixed_precision.cpp:146] Insert CastOp: model.backbone.layer1.0.conv2.weight-out-cast_f2h between model.backbone.layer1.0.conv2.weight/out
I20220210 12:52:59.465987 35071 auto_mixed_precision.cpp:146] Insert CastOp: model.backbone.layer1.2.conv2.weight-out-cast_f2h between model.backbone.layer1.2.conv2.weight/out
I20220210 12:52:59.466104 35071 auto_mixed_precision.cpp:146] Insert CastOp: model.backbone.layer3.7.conv2.weight-out-cast_f2h between model.backbone.layer3.7.conv2.weight/out
I20220210 12:52:59.466272 35071 auto_mixed_precision.cpp:146] Insert CastOp: model.backbone.layer3.12.conv2.weight-out-cast_f2h between model.backbone.layer3.12.conv2.weight/out
I20220210 12:52:59.466557 35071 auto_mixed_precision.cpp:146] Insert CastOp: model.backbone.layer3.3.conv1.weight-out-cast_f2h between model.backbone.layer3.3.conv1.weight/out
I20220210 12:52:59.466655 35071 auto_mixed_precision.cpp:146] Insert CastOp: model.backbone.layer3.11.conv1.weight-out-cast_f2h between model.backbone.layer3.11.conv1.weight/out
I20220210 12:52:59.466796 35071 auto_mixed_precision.cpp:146] Insert CastOp: model.backbone.layer3.13.conv1.weight-out-cast_f2h between model.backbone.layer3.13.conv1.weight/out
I20220210 12:52:59.466889 35071 auto_mixed_precision.cpp:146] Insert CastOp: model.backbone.layer4.1.conv2.weight-out-cast_f2h between model.backbone.layer4.1.conv2.weight/out
I20220210 12:52:59.467078 35071 auto_mixed_precision.cpp:146] Insert CastOp: model.backbone.layer2.2.conv1.weight-out-cast_f2h between model.backbone.layer2.2.conv1.weight/out
I20220210 12:52:59.467177 35071 auto_mixed_precision.cpp:146] Insert CastOp: model.backbone.layer2.3.conv2.weight-out-cast_f2h between model.backbone.layer2.3.conv2.weight/out
I20220210 12:52:59.467250 35071 auto_mixed_precision.cpp:146] Insert CastOp: model.backbone.layer2.1.conv2.weight-out-cast_f2h between model.backbone.layer2.1.conv2.weight/out
I20220210 12:52:59.467563 35071 auto_mixed_precision.cpp:146] Insert CastOp: model.backbone.layer2.2.conv2.weight-out-cast_f2h between model.backbone.layer2.2.conv2.weight/out
I20220210 12:52:59.467706 35071 auto_mixed_precision.cpp:146] Insert CastOp: model.backbone.conv1.weight-out-cast_f2h between model.backbone.conv1.weight/out
I20220210 12:52:59.467783 35071 auto_mixed_precision.cpp:146] Insert CastOp: data_loader.image-out-cast_f2h between data_loader.image/out
I20220210 12:52:59.467897 35071 auto_mixed_precision.cpp:146] Insert CastOp: model.backbone.layer3.9.conv1.weight-out-cast_f2h between model.backbone.layer3.9.conv1.weight/out
I20220210 12:52:59.468067 35071 auto_mixed_precision.cpp:146] Insert CastOp: model.backbone.layer3.6.conv1.weight-out-cast_f2h between model.backbone.layer3.6.conv1.weight/out
I20220210 12:52:59.468232 35071 auto_mixed_precision.cpp:146] Insert CastOp: model.backbone.layer1.0.conv1.weight-out-cast_f2h between model.backbone.layer1.0.conv1.weight/out
I20220210 12:52:59.469183 35071 auto_mixed_precision.cpp:146] Insert CastOp: model.backbone.fc-matmul-181-out_0-cast_h2f between model.backbone.fc-matmul-181/out_0
I20220210 12:52:59.469257 35071 auto_mixed_precision.cpp:146] Insert CastOp: model.fc-matmul-186-out_0-cast_h2f between model.fc-matmul-186/out_0
I20220210 12:53:02.597322 35071 global.h:43] DeleteGlobal N7oneflow7JobDescE
I20220210 12:53:02.920338 35071 global.h:36] NewGlobal N7oneflow7JobDescE
I20220210 12:53:06.355069 35071 global.h:36] NewGlobal N7oneflow7OpGraphE
I20220210 12:53:07.515846 35071 global.h:43] DeleteGlobal N7oneflow7OpGraphE
I20220210 12:53:07.617739 35071 nn_graph.cpp:225] 
job_id: 0 , job_name: TrainGraph_0 , compile time: 4.69709 seconds.
I20220210 12:53:08.201032 35071 plan_util.cpp:928]  Plan: TrainGraph_0 needs to allocate [ 1867.94 MiB ] device memory in Rank: 0 , Device: 0
I20220210 12:53:08.307567 35071 runtime_context.cpp:21] NewCounter constructing_actor_cnt 1742
I20220210 12:53:08.308490 35381 naive_actor.cpp:25] actor 1099536793600 switch to &NaiveActor::HandlerNormal
I20220210 12:53:08.308568 35381 thread.cpp:99] Thread 524300 construct Actor kDeviceTick 1099536793600
I20220210 12:53:08.308573 35384 wait_and_send_ids_actor.cpp:53] actor 1099631165440 switch to &WaitAndSendIdsActor::HandlerWaitToStart
I20220210 12:53:08.308614 35384 thread.cpp:99] Thread 524345 construct Actor kWaitAndSendIds 1099631165440
I20220210 12:53:08.308662 35381 runtime_context.cpp:29] DecreaseCounter constructing_actor_cnt, current val is 1741
I20220210 12:53:08.308670 35384 runtime_context.cpp:29] DecreaseCounter constructing_actor_cnt, current val is 1740
I20220210 12:53:08.312724 35365 naive_actor.cpp:25] actor 2199023257258 switch to &NaiveActor::HandlerNormal
I20220210 12:53:08.312772 35365 thread.cpp:99] Thread 1048576 construct Actor kDeviceTick 2199023257258
I20220210 12:53:08.312831 35365 runtime_context.cpp:29] DecreaseCounter constructing_actor_cnt, current val is 1739
I20220210 12:53:08.312983 35365 naive_actor.cpp:25] actor 2199023257260 switch to &NaiveActor::HandlerNormal
I20220210 12:53:08.313002 35365 thread.cpp:99] Thread 1048576 construct Actor kDeviceTick 2199023257260
I20220210 12:53:08.313030 35365 runtime_context.cpp:29] DecreaseCounter constructing_actor_cnt, current val is 1738
I20220210 12:53:08.379034 35365 naive_actor.cpp:25] actor 2199023255580 switch to &NaiveActor::HandlerNormal
I20220210 12:53:08.379067 35379 naive_actor.cpp:25] actor 2199025352705 switch to &NaiveActor::HandlerNormal
I20220210 12:53:08.379174 35389 naive_actor.cpp:25] actor 2199027449856 switch to &NaiveActor::HandlerNormal
I20220210 12:53:08.379190 35379 thread.cpp:99] Thread 1048577 construct Actor kCopyHd 2199025352705
I20220210 12:53:08.379117 35365 thread.cpp:99] Thread 1048576 construct Actor kNormalForward 2199023255580
I20220210 12:53:08.379213 35389 thread.cpp:99] Thread 1048578 construct Actor kCopyHd 2199027449856
I20220210 12:53:08.379269 35379 runtime_context.cpp:29] DecreaseCounter constructing_actor_cnt, current val is 1737
I20220210 12:53:08.379288 35389 runtime_context.cpp:29] DecreaseCounter constructing_actor_cnt, current val is 1736
I20220210 12:53:08.379309 35365 runtime_context.cpp:29] DecreaseCounter constructing_actor_cnt, current val is 1735
I20220210 12:53:08.379884 35379 naive_actor.cpp:25] actor 2199025352706 switch to &NaiveActor::HandlerNormal
I20220210 12:53:08.379918 35379 thread.cpp:99] Thread 1048577 construct Actor kCopyHd 2199025352706
I20220210 12:53:08.379973 35379 runtime_context.cpp:29] DecreaseCounter constructing_actor_cnt, current val is 1734
I20220210 12:53:08.380115 35379 naive_actor.cpp:25] actor 2199025352704 switch to &NaiveActor::HandlerNormal
I20220210 12:53:08.380146 35379 thread.cpp:99] Thread 1048577 construct Actor kCopyHd 2199025352704
I20220210 12:53:08.380157 35382 naive_actor.cpp:25] actor 1099532599296 switch to &NaiveActor::HandlerNormal
I20220210 12:53:08.380194 35379 runtime_context.cpp:29] DecreaseCounter constructing_actor_cnt, current val is 1733
I20220210 12:53:08.380208 35382 thread.cpp:99] Thread 524298 construct Actor kNormalForward 1099532599296
I20220210 12:53:08.380231 35365 naive_actor.cpp:25] actor 2199023255564 switch to &NaiveActor::HandlerNormal
I20220210 12:53:08.380254 35365 thread.cpp:99] Thread 1048576 construct Actor kNormalForward 2199023255564
I20220210 12:53:08.380187 35385 sink_actor.cpp:21] actor 1099633262592 switch to &SinkActor::HandlerNormal
I20220210 12:53:08.380287 35365 runtime_context.cpp:29] DecreaseCounter constructing_actor_cnt, current val is 1731
I20220210 12:53:08.380300 35385 thread.cpp:99] Thread 524346 construct Actor kCallbackNotify 1099633262592
I20220210 12:53:08.380302 35370 naive_actor.cpp:25] actor 1099515822080 switch to &NaiveActor::HandlerNormal
I20220210 12:53:08.380344 35368 naive_actor.cpp:25] actor 1099528404992 switch to &NaiveActor::HandlerNormal
I20220210 12:53:08.380353 35370 thread.cpp:99] Thread 524290 construct Actor kNormalForward 1099515822080
I20220210 12:53:08.380367 35368 thread.cpp:99] Thread 524296 construct Actor kNormalForward 1099528404992
I20220210 12:53:08.380308 35373 naive_actor.cpp:25] actor 1099520016384 switch to &NaiveActor::HandlerNormal
I20220210 12:53:08.380409 35370 runtime_context.cpp:29] DecreaseCounter constructing_actor_cnt, current val is 1728
I20220210 12:53:08.380271 35382 runtime_context.cpp:29] DecreaseCounter constructing_actor_cnt, current val is 1732
I20220210 12:53:08.380427 35373 thread.cpp:99] Thread 524292 construct Actor kNormalForward 1099520016384
I20220210 12:53:08.380442 35380 naive_actor.cpp:25] actor 1099629068294 switch to &NaiveActor::HandlerNormal
I20220210 12:53:08.380309 35372 naive_actor.cpp:25] actor 1099522113536 switch to &NaiveActor::HandlerNormal
I20220210 12:53:08.380517 35373 runtime_context.cpp:29] DecreaseCounter constructing_actor_cnt, current val is 1727
I20220210 12:53:08.380523 35371 naive_actor.cpp:25] actor 1099511627776 switch to &NaiveActor::HandlerNormal
I20220210 12:53:08.380501 35380 thread.cpp:99] Thread 524344 construct Actor kSrcSubsetTick 1099629068294
I20220210 12:53:08.380587 35366 naive_actor.cpp:25] actor 1099513724928 switch to &NaiveActor::HandlerNormal
I20220210 12:53:08.380532 35372 thread.cpp:99] Thread 524293 construct Actor kNormalForward 1099522113536
I20220210 12:53:08.380635 35366 thread.cpp:99] Thread 524289 construct Actor kNormalForward 1099513724928
I20220210 12:53:08.380589 35371 thread.cpp:99] Thread 524288 construct Actor kNormalForward 1099511627776
I20220210 12:53:08.380344 35385 runtime_context.cpp:29] DecreaseCounter constructing_actor_cnt, current val is 1730
I20220210 12:53:08.380707 35366 runtime_context.cpp:29] DecreaseCounter constructing_actor_cnt, current val is 1724
I20220210 12:53:08.380676 35376 naive_actor.cpp:25] actor 1099534696448 switch to &NaiveActor::HandlerNormal
I20220210 12:53:08.380672 35380 runtime_context.cpp:29] DecreaseCounter constructing_actor_cnt, current val is 1726
I20220210 12:53:08.380681 35372 runtime_context.cpp:29] DecreaseCounter constructing_actor_cnt, current val is 1725
I20220210 12:53:08.380405 35368 runtime_context.cpp:29] DecreaseCounter constructing_actor_cnt, current val is 1729
I20220210 12:53:08.380755 35376 thread.cpp:99] Thread 524299 construct Actor kDeviceTick 1099534696448
I20220210 12:53:08.380748 35371 runtime_context.cpp:29] DecreaseCounter constructing_actor_cnt, current val is 1723
I20220210 12:53:08.380856 35376 runtime_context.cpp:29] DecreaseCounter constructing_actor_cnt, current val is 1722
I20220210 12:53:08.381079 35383 naive_actor.cpp:25] actor 1099635359744 switch to &NaiveActor::HandlerNormal
I20220210 12:53:08.381119 35383 thread.cpp:99] Thread 524347 construct Actor kCriticalSectionWaitTick 1099635359744
I20220210 12:53:08.381171 35383 runtime_context.cpp:29] DecreaseCounter constructing_actor_cnt, current val is 1721
I20220210 12:53:08.381397 35380 naive_actor.cpp:25] actor 1099629068289 switch to &NaiveActor::HandlerNormal
I20220210 12:53:08.381436 35380 thread.cpp:99] Thread 524344 construct Actor kTick 1099629068289
I20220210 12:53:08.381472 35377 naive_actor.cpp:25] actor 1099538890752 switch to &NaiveActor::HandlerNormal
I20220210 12:53:08.381502 35380 runtime_context.cpp:29] DecreaseCounter constructing_actor_cnt, current val is 1720
I20220210 12:53:08.381546 35377 thread.cpp:99] Thread 524301 construct Actor kNormalForward 1099538890752
I20220210 12:53:08.381583 35367 naive_actor.cpp:25] actor 1099517919232 switch to &NaiveActor::HandlerNormal
I20220210 12:53:08.381610 35387 naive_actor.cpp:25] actor 1099637456896 switch to &NaiveActor::HandlerNormal
I20220210 12:53:08.381654 35377 runtime_context.cpp:29] DecreaseCounter constructing_actor_cnt, current val is 1719
I20220210 12:53:08.381673 35387 thread.cpp:99] Thread 524348 construct Actor kCriticalSectionWaitTick 1099637456896
I20220210 12:53:08.381621 35375 naive_actor.cpp:25] actor 1099530502144 switch to &NaiveActor::HandlerNormal
I20220210 12:53:08.381626 35374 naive_actor.cpp:25] actor 1099526307840 switch to &NaiveActor::HandlerNormal
I20220210 12:53:08.381603 35386 naive_actor.cpp:25] actor 1099540987904 switch to &NaiveActor::HandlerNormal
I20220210 12:53:08.381662 35369 naive_actor.cpp:25] actor 1099524210688 switch to &NaiveActor::HandlerNormal
I20220210 12:53:08.381633 35367 thread.cpp:99] Thread 524291 construct Actor kNormalForward 1099517919232
I20220210 12:53:08.381752 35375 thread.cpp:99] Thread 524297 construct Actor kNormalForward 1099530502144
I20220210 12:53:08.381755 35387 runtime_context.cpp:29] DecreaseCounter constructing_actor_cnt, current val is 1718
I20220210 12:53:08.381795 35374 thread.cpp:99] Thread 524295 construct Actor kNormalForward 1099526307840
I20220210 12:53:08.381981 35375 runtime_context.cpp:29] DecreaseCounter constructing_actor_cnt, current val is 1716
I20220210 12:53:08.381866 35380 naive_actor.cpp:25] actor 1099629068292 switch to &NaiveActor::HandlerNormal
I20220210 12:53:08.382041 35374 runtime_context.cpp:29] DecreaseCounter constructing_actor_cnt, current val is 1715
I20220210 12:53:08.381898 35365 naive_actor.cpp:25] actor 2199023255573 switch to &NaiveActor::HandlerNormal
I20220210 12:53:08.381965 35367 runtime_context.cpp:29] DecreaseCounter constructing_actor_cnt, current val is 1717
I20220210 12:53:08.381831 35386 thread.cpp:99] Thread 524302 construct Actor kNormalForward 1099540987904
I20220210 12:53:08.381867 35369 thread.cpp:99] Thread 524294 construct Actor kNormalForward 1099524210688
I20220210 12:53:08.382056 35380 thread.cpp:99] Thread 524344 construct Actor kTick 1099629068292
I20220210 12:53:08.382210 35386 runtime_context.cpp:29] DecreaseCounter constructing_actor_cnt, current val is 1714
I20220210 12:53:08.382109 35365 thread.cpp:99] Thread 1048576 construct Actor kNormalForward 2199023255573
I20220210 12:53:08.382242 35369 runtime_context.cpp:29] DecreaseCounter constructing_actor_cnt, current val is 1713
I20220210 12:53:08.382249 35380 runtime_context.cpp:29] DecreaseCounter constructing_actor_cnt, current val is 1712
I20220210 12:53:08.382294 35365 runtime_context.cpp:29] DecreaseCounter constructing_actor_cnt, current val is 1711
I20220210 12:53:08.382486 35365 naive_actor.cpp:25] actor 2199023255570 switch to &NaiveActor::HandlerNormal
I20220210 12:53:08.382506 35365 thread.cpp:99] Thread 1048576 construct Actor kNormalForward 2199023255570
I20220210 12:53:08.382537 35365 runtime_context.cpp:29] DecreaseCounter constructing_actor_cnt, current val is 1710
I20220210 12:53:08.382544 35380 naive_actor.cpp:25] actor 1099629068288 switch to &NaiveActor::HandlerNormal
I20220210 12:53:08.382575 35380 thread.cpp:99] Thread 524344 construct Actor kSrcSubsetTick 1099629068288
I20220210 12:53:08.382620 35380 runtime_context.cpp:29] DecreaseCounter constructing_actor_cnt, current val is 1709
I20220210 12:53:08.382725 35365 naive_actor.cpp:25] actor 2199023255552 switch to &NaiveActor::HandlerNormal
I20220210 12:53:08.382745 35365 thread.cpp:99] Thread 1048576 construct Actor kNormalForward 2199023255552
I20220210 12:53:08.382774 35365 runtime_context.cpp:29] DecreaseCounter constructing_actor_cnt, current val is 1708
I20220210 12:53:08.382884 35380 naive_actor.cpp:25] actor 1099629068296 switch to &NaiveActor::HandlerNormal
I20220210 12:53:08.382913 35380 thread.cpp:99] Thread 524344 construct Actor kSrcSubsetTick 1099629068296
I20220210 12:53:08.382939 35365 naive_actor.cpp:25] actor 2199023255553 switch to &NaiveActor::HandlerNormal
I20220210 12:53:08.382966 35365 thread.cpp:99] Thread 1048576 construct Actor kNormalForward 2199023255553
I20220210 12:53:08.382967 35380 runtime_context.cpp:29] DecreaseCounter constructing_actor_cnt, current val is 1707
I20220210 12:53:08.383000 35365 runtime_context.cpp:29] DecreaseCounter constructing_actor_cnt, current val is 1706
I20220210 12:53:08.383162 35365 naive_actor.cpp:25] actor 2199023255571 switch to &NaiveActor::HandlerNormal
I20220210 12:53:08.383181 35365 thread.cpp:99] Thread 1048576 construct Actor kNormalForward 2199023255571
I20220210 12:53:08.383210 35365 runtime_context.cpp:29] DecreaseCounter constructing_actor_cnt, current val is 1705
I20220210 12:53:08.383227 35380 naive_actor.cpp:25] actor 1099629068291 switch to &NaiveActor::HandlerNormal
I20220210 12:53:08.383257 35380 thread.cpp:99] Thread 524344 construct Actor kTick 1099629068291
I20220210 12:53:08.383302 35380 runtime_context.cpp:29] DecreaseCounter constructing_actor_cnt, current val is 1704
I20220210 12:53:08.383378 35365 naive_actor.cpp:25] actor 2199023255609 switch to &NaiveActor::HandlerNormal
I20220210 12:53:08.383396 35365 thread.cpp:99] Thread 1048576 construct Actor kNormalForward 2199023255609
I20220210 12:53:08.383425 35365 runtime_context.cpp:29] DecreaseCounter constructing_actor_cnt, current val is 1703
I20220210 12:53:08.383615 35365 naive_actor.cpp:25] actor 2199023255569 switch to &NaiveActor::HandlerNormal
I20220210 12:53:08.383635 35365 thread.cpp:99] Thread 1048576 construct Actor kNormalForward 2199023255569
I20220210 12:53:08.383663 35365 runtime_context.cpp:29] DecreaseCounter constructing_actor_cnt, current val is 1702
I20220210 12:53:08.383695 35380 naive_actor.cpp:25] actor 1099629068290 switch to &NaiveActor::HandlerNormal
I20220210 12:53:08.383723 35380 thread.cpp:99] Thread 524344 construct Actor kDstSubsetTick 1099629068290
I20220210 12:53:08.383774 35380 runtime_context.cpp:29] DecreaseCounter constructing_actor_cnt, current val is 1701
I20220210 12:53:08.384045 35380 naive_actor.cpp:25] actor 1099629068293 switch to &NaiveActor::HandlerNormal
I20220210 12:53:08.384081 35380 thread.cpp:99] Thread 524344 construct Actor kTick 1099629068293
I20220210 12:53:08.384099 35365 naive_actor.cpp:25] actor 2199023255574 switch to &NaiveActor::HandlerNormal
I20220210 12:53:08.384121 35365 thread.cpp:99] Thread 1048576 construct Actor kNormalForward 2199023255574
I20220210 12:53:08.384126 35380 runtime_context.cpp:29] DecreaseCounter constructing_actor_cnt, current val is 1700
I20220210 12:53:08.384153 35365 runtime_context.cpp:29] DecreaseCounter constructing_actor_cnt, current val is 1699
I20220210 12:53:08.384325 35365 naive_actor.cpp:25] actor 2199023255582 switch to &NaiveActor::HandlerNormal
I20220210 12:53:08.384343 35365 thread.cpp:99] Thread 1048576 construct Actor kNormalForward 2199023255582
I20220210 12:53:08.384372 35365 runtime_context.cpp:29] DecreaseCounter constructing_actor_cnt, current val is 1698
I20220210 12:53:08.384374 35380 naive_actor.cpp:25] actor 1099629068295 switch to &NaiveActor::HandlerNormal
I20220210 12:53:08.384414 35380 thread.cpp:99] Thread 524344 construct Actor kDstSubsetTick 1099629068295
I20220210 12:53:08.384455 35380 runtime_context.cpp:29] DecreaseCounter constructing_actor_cnt, current val is 1697
I20220210 12:53:08.384560 35365 naive_actor.cpp:25] actor 2199023255572 switch to &NaiveActor::HandlerNormal
I20220210 12:53:08.384580 35365 thread.cpp:99] Thread 1048576 construct Actor kNormalForward 2199023255572
I20220210 12:53:08.384610 35365 runtime_context.cpp:29] DecreaseCounter constructing_actor_cnt, current val is 1696
I20220210 12:53:08.384704 35380 naive_actor.cpp:25] actor 1099629068297 switch to &NaiveActor::HandlerNormal
I20220210 12:53:08.384732 35380 thread.cpp:99] Thread 524344 construct Actor kDstSubsetTick 1099629068297
I20220210 12:53:08.384770 35365 naive_actor.cpp:25] actor 2199023255578 switch to &NaiveActor::HandlerNormal
I20220210 12:53:08.384796 35365 thread.cpp:99] Thread 1048576 construct Actor kNormalForward 2199023255578
I20220210 12:53:08.384773 35380 runtime_context.cpp:29] DecreaseCounter constructing_actor_cnt, current val is 1695
I20220210 12:53:08.384829 35365 runtime_context.cpp:29] DecreaseCounter constructing_actor_cnt, current val is 1694
I20220210 12:53:08.385004 35365 naive_actor.cpp:25] actor 2199023255579 switch to &NaiveActor::HandlerNormal
I20220210 12:53:08.385023 35365 thread.cpp:99] Thread 1048576 construct Actor kNormalForward 2199023255579
I20220210 12:53:08.385053 35365 runtime_context.cpp:29] DecreaseCounter constructing_actor_cnt, current val is 1693
I20220210 12:53:08.385800 35365 naive_actor.cpp:25] actor 2199023255628 switch to &NaiveActor::HandlerNormal
I20220210 12:53:08.385823 35365 thread.cpp:99] Thread 1048576 construct Actor kNormalForward 2199023255628
I20220210 12:53:08.385865 35365 runtime_context.cpp:29] DecreaseCounter constructing_actor_cnt, current val is 1692
I20220210 12:53:08.386394 35365 naive_actor.cpp:25] actor 2199023255555 switch to &NaiveActor::HandlerNormal
I20220210 12:53:08.386416 35365 thread.cpp:99] Thread 1048576 construct Actor kNormalForward 2199023255555
I20220210 12:53:08.386453 35365 runtime_context.cpp:29] DecreaseCounter constructing_actor_cnt, current val is 1691
I20220210 12:53:08.386620 35365 naive_actor.cpp:25] actor 2199023255604 switch to &NaiveActor::HandlerNormal
I20220210 12:53:08.386639 35365 thread.cpp:99] Thread 1048576 construct Actor kNormalForward 2199023255604
I20220210 12:53:08.386669 35365 runtime_context.cpp:29] DecreaseCounter constructing_actor_cnt, current val is 1690
I20220210 12:53:08.386831 35365 naive_actor.cpp:25] actor 2199023255611 switch to &NaiveActor::HandlerNormal
I20220210 12:53:08.386852 35365 thread.cpp:99] Thread 1048576 construct Actor kNormalForward 2199023255611
I20220210 12:53:08.386881 35365 runtime_context.cpp:29] DecreaseCounter constructing_actor_cnt, current val is 1689
I20220210 12:53:08.387580 35365 naive_actor.cpp:25] actor 2199023255660 switch to &NaiveActor::HandlerNormal
I20220210 12:53:08.387603 35365 thread.cpp:99] Thread 1048576 construct Actor kNormalForward 2199023255660
I20220210 12:53:08.387655 35365 runtime_context.cpp:29] DecreaseCounter constructing_actor_cnt, current val is 1688
I20220210 12:53:08.388451 35365 naive_actor.cpp:25] actor 2199023255667 switch to &NaiveActor::HandlerNormal
I20220210 12:53:08.388473 35365 thread.cpp:99] Thread 1048576 construct Actor kNormalForward 2199023255667
I20220210 12:53:08.388514 35365 runtime_context.cpp:29] DecreaseCounter constructing_actor_cnt, current val is 1687
I20220210 12:53:08.388680 35365 naive_actor.cpp:25] actor 2199023255559 switch to &NaiveActor::HandlerNormal
I20220210 12:53:08.388700 35365 thread.cpp:99] Thread 1048576 construct Actor kNormalForward 2199023255559
I20220210 12:53:08.388731 35365 runtime_context.cpp:29] DecreaseCounter constructing_actor_cnt, current val is 1686
I20220210 12:53:08.388888 35365 naive_actor.cpp:25] actor 2199023255584 switch to &NaiveActor::HandlerNormal
I20220210 12:53:08.388907 35365 thread.cpp:99] Thread 1048576 construct Actor kNormalForward 2199023255584
I20220210 12:53:08.388937 35365 runtime_context.cpp:29] DecreaseCounter constructing_actor_cnt, current val is 1685
I20220210 12:53:08.389438 35365 naive_actor.cpp:25] actor 2199023255615 switch to &NaiveActor::HandlerNormal
I20220210 12:53:08.389459 35365 thread.cpp:99] Thread 1048576 construct Actor kNormalForward 2199023255615
I20220210 12:53:08.389493 35365 runtime_context.cpp:29] DecreaseCounter constructing_actor_cnt, current val is 1684
I20220210 12:53:08.389657 35365 naive_actor.cpp:25] actor 2199023255636 switch to &NaiveActor::HandlerNormal
I20220210 12:53:08.389676 35365 thread.cpp:99] Thread 1048576 construct Actor kNormalForward 2199023255636
I20220210 12:53:08.389706 35365 runtime_context.cpp:29] DecreaseCounter constructing_actor_cnt, current val is 1683
I20220210 12:53:08.389874 35365 naive_actor.cpp:25] actor 2199023255671 switch to &NaiveActor::HandlerNormal
I20220210 12:53:08.389892 35365 thread.cpp:99] Thread 1048576 construct Actor kNormalForward 2199023255671
I20220210 12:53:08.389922 35365 runtime_context.cpp:29] DecreaseCounter constructing_actor_cnt, current val is 1682
I20220210 12:53:08.390085 35365 naive_actor.cpp:25] actor 2199023255587 switch to &NaiveActor::HandlerNormal
I20220210 12:53:08.390105 35365 thread.cpp:99] Thread 1048576 construct Actor kNormalForward 2199023255587
I20220210 12:53:08.390133 35365 runtime_context.cpp:29] DecreaseCounter constructing_actor_cnt, current val is 1681
I20220210 12:53:08.390619 35365 naive_actor.cpp:25] actor 2199023255568 switch to &NaiveActor::HandlerNormal
I20220210 12:53:08.390638 35365 thread.cpp:99] Thread 1048576 construct Actor kNormalForward 2199023255568
I20220210 12:53:08.390672 35365 runtime_context.cpp:29] DecreaseCounter constructing_actor_cnt, current val is 1680
I20220210 12:53:08.390841 35365 naive_actor.cpp:25] actor 2199023255565 switch to &NaiveActor::HandlerNormal
I20220210 12:53:08.390861 35365 thread.cpp:99] Thread 1048576 construct Actor kNormalForward 2199023255565
I20220210 12:53:08.390890 35365 runtime_context.cpp:29] DecreaseCounter constructing_actor_cnt, current val is 1679
I20220210 12:53:08.391059 35365 naive_actor.cpp:25] actor 2199023255556 switch to &NaiveActor::HandlerNormal
I20220210 12:53:08.391078 35365 thread.cpp:99] Thread 1048576 construct Actor kNormalForward 2199023255556
I20220210 12:53:08.391108 35365 runtime_context.cpp:29] DecreaseCounter constructing_actor_cnt, current val is 1678
I20220210 12:53:08.391489 35365 naive_actor.cpp:25] actor 2199023255621 switch to &NaiveActor::HandlerNormal
I20220210 12:53:08.391510 35365 thread.cpp:99] Thread 1048576 construct Actor kNormalForward 2199023255621
I20220210 12:53:08.391541 35365 runtime_context.cpp:29] DecreaseCounter constructing_actor_cnt, current val is 1677
I20220210 12:53:08.391697 35365 naive_actor.cpp:25] actor 2199023255585 switch to &NaiveActor::HandlerNormal
I20220210 12:53:08.391716 35365 thread.cpp:99] Thread 1048576 construct Actor kNormalForward 2199023255585
I20220210 12:53:08.391746 35365 runtime_context.cpp:29] DecreaseCounter constructing_actor_cnt, current val is 1676
I20220210 12:53:08.391952 35365 naive_actor.cpp:25] actor 2199023255677 switch to &NaiveActor::HandlerNormal
I20220210 12:53:08.391973 35365 thread.cpp:99] Thread 1048576 construct Actor kNormalForward 2199023255677
I20220210 12:53:08.392001 35365 runtime_context.cpp:29] DecreaseCounter constructing_actor_cnt, current val is 1675
I20220210 12:53:08.392163 35365 naive_actor.cpp:25] actor 2199023255602 switch to &NaiveActor::HandlerNormal
I20220210 12:53:08.392181 35365 thread.cpp:99] Thread 1048576 construct Actor kNormalForward 2199023255602
I20220210 12:53:08.392210 35365 runtime_context.cpp:29] DecreaseCounter constructing_actor_cnt, current val is 1674
I20220210 12:53:08.392374 35365 naive_actor.cpp:25] actor 2199023255733 switch to &NaiveActor::HandlerNormal
I20220210 12:53:08.392392 35365 thread.cpp:99] Thread 1048576 construct Actor kNormalForward 2199023255733
I20220210 12:53:08.392421 35365 runtime_context.cpp:29] DecreaseCounter constructing_actor_cnt, current val is 1673
I20220210 12:53:08.393169 35365 naive_actor.cpp:25] actor 2199023255588 switch to &NaiveActor::HandlerNormal
I20220210 12:53:08.393190 35365 thread.cpp:99] Thread 1048576 construct Actor kNormalForward 2199023255588
I20220210 12:53:08.393232 35365 runtime_context.cpp:29] DecreaseCounter constructing_actor_cnt, current val is 1672
I20220210 12:53:08.393707 35365 naive_actor.cpp:25] actor 2199023255789 switch to &NaiveActor::HandlerNormal
I20220210 12:53:08.393728 35365 thread.cpp:99] Thread 1048576 construct Actor kNormalForward 2199023255789
I20220210 12:53:08.393762 35365 runtime_context.cpp:29] DecreaseCounter constructing_actor_cnt, current val is 1671
I20220210 12:53:08.393931 35365 naive_actor.cpp:25] actor 2199023255558 switch to &NaiveActor::HandlerNormal
I20220210 12:53:08.393955 35365 thread.cpp:99] Thread 1048576 construct Actor kNormalForward 2199023255558
I20220210 12:53:08.393985 35365 runtime_context.cpp:29] DecreaseCounter constructing_actor_cnt, current val is 1670
I20220210 12:53:08.394723 35365 naive_actor.cpp:25] actor 2199023255581 switch to &NaiveActor::HandlerNormal
I20220210 12:53:08.394745 35365 thread.cpp:99] Thread 1048576 construct Actor kNormalForward 2199023255581
I20220210 12:53:08.394788 35365 runtime_context.cpp:29] DecreaseCounter constructing_actor_cnt, current val is 1669
I20220210 12:53:08.394959 35365 naive_actor.cpp:25] actor 2199023255596 switch to &NaiveActor::HandlerNormal
I20220210 12:53:08.394979 35365 thread.cpp:99] Thread 1048576 construct Actor kNormalForward 2199023255596
I20220210 12:53:08.395009 35365 runtime_context.cpp:29] DecreaseCounter constructing_actor_cnt, current val is 1668
I20220210 12:53:08.395172 35365 naive_actor.cpp:25] actor 2199023255637 switch to &NaiveActor::HandlerNormal
I20220210 12:53:08.395191 35365 thread.cpp:99] Thread 1048576 construct Actor kNormalForward 2199023255637
I20220210 12:53:08.395220 35365 runtime_context.cpp:29] DecreaseCounter constructing_actor_cnt, current val is 1667
I20220210 12:53:08.395375 35365 naive_actor.cpp:25] actor 2199023255562 switch to &NaiveActor::HandlerNormal
I20220210 12:53:08.395395 35365 thread.cpp:99] Thread 1048576 construct Actor kNormalForward 2199023255562
I20220210 12:53:08.395422 35365 runtime_context.cpp:29] DecreaseCounter constructing_actor_cnt, current val is 1666
I20220210 12:53:08.395579 35365 naive_actor.cpp:25] actor 2199023255594 switch to &NaiveActor::HandlerNormal
I20220210 12:53:08.395598 35365 thread.cpp:99] Thread 1048576 construct Actor kNormalForward 2199023255594
I20220210 12:53:08.395627 35365 runtime_context.cpp:29] DecreaseCounter constructing_actor_cnt, current val is 1665
I20220210 12:53:08.395783 35365 naive_actor.cpp:25] actor 2199023255606 switch to &NaiveActor::HandlerNormal
I20220210 12:53:08.395802 35365 thread.cpp:99] Thread 1048576 construct Actor kNormalForward 2199023255606
I20220210 12:53:08.395831 35365 runtime_context.cpp:29] DecreaseCounter constructing_actor_cnt, current val is 1664
I20220210 12:53:08.396405 35365 naive_actor.cpp:25] actor 2199023255650 switch to &NaiveActor::HandlerNormal
I20220210 12:53:08.396430 35365 thread.cpp:99] Thread 1048576 construct Actor kNormalForward 2199023255650
I20220210 12:53:08.396466 35365 runtime_context.cpp:29] DecreaseCounter constructing_actor_cnt, current val is 1663
I20220210 12:53:08.396634 35365 naive_actor.cpp:25] actor 2199023255605 switch to &NaiveActor::HandlerNormal
I20220210 12:53:08.396653 35365 thread.cpp:99] Thread 1048576 construct Actor kNormalForward 2199023255605
I20220210 12:53:08.396682 35365 runtime_context.cpp:29] DecreaseCounter constructing_actor_cnt, current val is 1662
I20220210 12:53:08.396837 35365 naive_actor.cpp:25] actor 2199023255557 switch to &NaiveActor::HandlerNormal
I20220210 12:53:08.396857 35365 thread.cpp:99] Thread 1048576 construct Actor kNormalForward 2199023255557
I20220210 12:53:08.396893 35365 runtime_context.cpp:29] DecreaseCounter constructing_actor_cnt, current val is 1661
I20220210 12:53:08.397080 35365 naive_actor.cpp:25] actor 2199023255598 switch to &NaiveActor::HandlerNormal
I20220210 12:53:08.397099 35365 thread.cpp:99] Thread 1048576 construct Actor kNormalForward 2199023255598
I20220210 12:53:08.397130 35365 runtime_context.cpp:29] DecreaseCounter constructing_actor_cnt, current val is 1660
I20220210 12:53:08.397799 35365 naive_actor.cpp:25] actor 2199023255600 switch to &NaiveActor::HandlerNormal
I20220210 12:53:08.397820 35365 thread.cpp:99] Thread 1048576 construct Actor kNormalForward 2199023255600
I20220210 12:53:08.397861 35365 runtime_context.cpp:29] DecreaseCounter constructing_actor_cnt, current val is 1659
I20220210 12:53:08.398340 35365 naive_actor.cpp:25] actor 2199023255595 switch to &NaiveActor::HandlerNormal
I20220210 12:53:08.398361 35365 thread.cpp:99] Thread 1048576 construct Actor kNormalForward 2199023255595
I20220210 12:53:08.398396 35365 runtime_context.cpp:29] DecreaseCounter constructing_actor_cnt, current val is 1658
I20220210 12:53:08.398566 35365 naive_actor.cpp:25] actor 2199023255577 switch to &NaiveActor::HandlerNormal
I20220210 12:53:08.398586 35365 thread.cpp:99] Thread 1048576 construct Actor kNormalForward 2199023255577
I20220210 12:53:08.398614 35365 runtime_context.cpp:29] DecreaseCounter constructing_actor_cnt, current val is 1657
I20220210 12:53:08.398777 35365 naive_actor.cpp:25] actor 2199023255554 switch to &NaiveActor::HandlerNormal
I20220210 12:53:08.398795 35365 thread.cpp:99] Thread 1048576 construct Actor kNormalForward 2199023255554
I20220210 12:53:08.398824 35365 runtime_context.cpp:29] DecreaseCounter constructing_actor_cnt, current val is 1656
I20220210 12:53:08.399564 35365 naive_actor.cpp:25] actor 2199023255560 switch to &NaiveActor::HandlerNormal
I20220210 12:53:08.399585 35365 thread.cpp:99] Thread 1048576 construct Actor kNormalForward 2199023255560
I20220210 12:53:08.399626 35365 runtime_context.cpp:29] DecreaseCounter constructing_actor_cnt, current val is 1655
I20220210 12:53:08.400302 35365 naive_actor.cpp:25] actor 2199023255593 switch to &NaiveActor::HandlerNormal
I20220210 12:53:08.400324 35365 thread.cpp:99] Thread 1048576 construct Actor kNormalForward 2199023255593
I20220210 12:53:08.400364 35365 runtime_context.cpp:29] DecreaseCounter constructing_actor_cnt, current val is 1654
I20220210 12:53:08.400849 35365 naive_actor.cpp:25] actor 2199023255603 switch to &NaiveActor::HandlerNormal
I20220210 12:53:08.400871 35365 thread.cpp:99] Thread 1048576 construct Actor kNormalForward 2199023255603
I20220210 12:53:08.400903 35365 runtime_context.cpp:29] DecreaseCounter constructing_actor_cnt, current val is 1653
I20220210 12:53:08.401588 35365 naive_actor.cpp:25] actor 2199023255620 switch to &NaiveActor::HandlerNormal
I20220210 12:53:08.401609 35365 thread.cpp:99] Thread 1048576 construct Actor kNormalForward 2199023255620
I20220210 12:53:08.401649 35365 runtime_context.cpp:29] DecreaseCounter constructing_actor_cnt, current val is 1652
I20220210 12:53:08.401813 35365 naive_actor.cpp:25] actor 2199023255590 switch to &NaiveActor::HandlerNormal
I20220210 12:53:08.401831 35365 thread.cpp:99] Thread 1048576 construct Actor kNormalForward 2199023255590
I20220210 12:53:08.401867 35365 runtime_context.cpp:29] DecreaseCounter constructing_actor_cnt, current val is 1651
I20220210 12:53:08.402257 35365 naive_actor.cpp:25] actor 2199023255561 switch to &NaiveActor::HandlerNormal
I20220210 12:53:08.402278 35365 thread.cpp:99] Thread 1048576 construct Actor kNormalForward 2199023255561
I20220210 12:53:08.402308 35365 runtime_context.cpp:29] DecreaseCounter constructing_actor_cnt, current val is 1650
I20220210 12:53:08.402855 35365 naive_actor.cpp:25] actor 2199023255583 switch to &NaiveActor::HandlerNormal
I20220210 12:53:08.402877 35365 thread.cpp:99] Thread 1048576 construct Actor kNormalForward 2199023255583
I20220210 12:53:08.402911 35365 runtime_context.cpp:29] DecreaseCounter constructing_actor_cnt, current val is 1649
I20220210 12:53:08.403079 35365 naive_actor.cpp:25] actor 2199023255629 switch to &NaiveActor::HandlerNormal
I20220210 12:53:08.403100 35365 thread.cpp:99] Thread 1048576 construct Actor kNormalForward 2199023255629
I20220210 12:53:08.403127 35365 runtime_context.cpp:29] DecreaseCounter constructing_actor_cnt, current val is 1648
I20220210 12:53:08.403295 35365 naive_actor.cpp:25] actor 2199023255626 switch to &NaiveActor::HandlerNormal
I20220210 12:53:08.403313 35365 thread.cpp:99] Thread 1048576 construct Actor kNormalForward 2199023255626
I20220210 12:53:08.403342 35365 runtime_context.cpp:29] DecreaseCounter constructing_actor_cnt, current val is 1647
I20220210 12:53:08.403502 35365 naive_actor.cpp:25] actor 2199023255567 switch to &NaiveActor::HandlerNormal
I20220210 12:53:08.403522 35365 thread.cpp:99] Thread 1048576 construct Actor kNormalForward 2199023255567
I20220210 12:53:08.403550 35365 runtime_context.cpp:29] DecreaseCounter constructing_actor_cnt, current val is 1646
I20220210 12:53:08.403723 35365 naive_actor.cpp:25] actor 2199023255627 switch to &NaiveActor::HandlerNormal
I20220210 12:53:08.403743 35365 thread.cpp:99] Thread 1048576 construct Actor kNormalForward 2199023255627
I20220210 12:53:08.403770 35365 runtime_context.cpp:29] DecreaseCounter constructing_actor_cnt, current val is 1645
I20220210 12:53:08.404270 35365 naive_actor.cpp:25] actor 2199023255623 switch to &NaiveActor::HandlerNormal
I20220210 12:53:08.404291 35365 thread.cpp:99] Thread 1048576 construct Actor kNormalForward 2199023255623
I20220210 12:53:08.404325 35365 runtime_context.cpp:29] DecreaseCounter constructing_actor_cnt, current val is 1644
I20220210 12:53:08.404500 35365 naive_actor.cpp:25] actor 2199023255665 switch to &NaiveActor::HandlerNormal
I20220210 12:53:08.404518 35365 thread.cpp:99] Thread 1048576 construct Actor kNormalForward 2199023255665
I20220210 12:53:08.404548 35365 runtime_context.cpp:29] DecreaseCounter constructing_actor_cnt, current val is 1643
I20220210 12:53:08.404704 35365 naive_actor.cpp:25] actor 2199023255625 switch to &NaiveActor::HandlerNormal
I20220210 12:53:08.404722 35365 thread.cpp:99] Thread 1048576 construct Actor kNormalForward 2199023255625
I20220210 12:53:08.404752 35365 runtime_context.cpp:29] DecreaseCounter constructing_actor_cnt, current val is 1642
I20220210 12:53:08.404906 35365 naive_actor.cpp:25] actor 2199023255630 switch to &NaiveActor::HandlerNormal
I20220210 12:53:08.404924 35365 thread.cpp:99] Thread 1048576 construct Actor kNormalForward 2199023255630
I20220210 12:53:08.404958 35365 runtime_context.cpp:29] DecreaseCounter constructing_actor_cnt, current val is 1641
I20220210 12:53:08.405129 35365 naive_actor.cpp:25] actor 2199023255638 switch to &NaiveActor::HandlerNormal
I20220210 12:53:08.405148 35365 thread.cpp:99] Thread 1048576 construct Actor kNormalForward 2199023255638
I20220210 12:53:08.405177 35365 runtime_context.cpp:29] DecreaseCounter constructing_actor_cnt, current val is 1640
I20220210 12:53:08.405336 35365 naive_actor.cpp:25] actor 2199023255634 switch to &NaiveActor::HandlerNormal
I20220210 12:53:08.405355 35365 thread.cpp:99] Thread 1048576 construct Actor kNormalForward 2199023255634
I20220210 12:53:08.405383 35365 runtime_context.cpp:29] DecreaseCounter constructing_actor_cnt, current val is 1639
I20220210 12:53:08.405556 35365 naive_actor.cpp:25] actor 2199023255586 switch to &NaiveActor::HandlerNormal
I20220210 12:53:08.405575 35365 thread.cpp:99] Thread 1048576 construct Actor kNormalForward 2199023255586
I20220210 12:53:08.405604 35365 runtime_context.cpp:29] DecreaseCounter constructing_actor_cnt, current val is 1638
I20220210 12:53:08.406098 35365 naive_actor.cpp:25] actor 2199023255635 switch to &NaiveActor::HandlerNormal
I20220210 12:53:08.406118 35365 thread.cpp:99] Thread 1048576 construct Actor kNormalForward 2199023255635
I20220210 12:53:08.406152 35365 runtime_context.cpp:29] DecreaseCounter constructing_actor_cnt, current val is 1637
