Log file created at: 2022/02/10 13:01:16
Running on machine: 3b2ab1d574b6
Running duration (h:mm:ss): 0:00:00
Log line format: [IWEF]yyyymmdd hh:mm:ss.uuuuuu threadid file:line] msg
I20220210 13:01:16.908936 38961 global.h:36] NewGlobal N7oneflow7EnvDescE
I20220210 13:01:16.909240 38961 global.h:36] NewGlobal N7oneflow10ProcessCtxE
I20220210 13:01:16.909258 38961 env_global_objects_scope.cpp:163] using rpc backend: local
I20220210 13:01:17.017146 38961 global.h:36] NewGlobal N7oneflow12ResourceDescE
I20220210 13:01:17.017257 38961 global.h:36] NewGlobal N7oneflow12ResourceDescE
I20220210 13:01:17.113168 38961 global.h:36] NewGlobal N7oneflow2ep21DeviceManagerRegistryE
I20220210 13:01:17.113219 38961 global.h:36] NewGlobal N7oneflow10ThreadPoolE
I20220210 13:01:17.114725 38961 global.h:36] NewGlobal N7oneflow16EagerNcclCommMgrE
I20220210 13:01:17.114743 38961 global.h:36] NewGlobal N7oneflow18CudnnConvAlgoCacheE
I20220210 13:01:17.114751 38961 global.h:36] NewGlobal N7oneflow2vm19VirtualMachineScopeE
I20220210 13:01:17.114763 38961 global.h:36] NewGlobal N7oneflow14VirtualMachineE
I20220210 13:01:17.115093 38961 virtual_machine.cpp:95] transport stream type: N7oneflow2vm13CpuStreamTypeE
I20220210 13:01:17.115111 38961 virtual_machine.cpp:95] transport stream type: N7oneflow2vm14CudaStreamTypeE
I20220210 13:01:17.115120 38961 virtual_machine.cpp:95] transport stream type: N7oneflow2vm19AsyncCudaStreamTypeE
I20220210 13:01:17.115409 38961 global.h:36] NewGlobal N7oneflow27EagerJobBuildAndInferCtxMgrE
I20220210 13:01:17.115433 38961 global.h:36] NewGlobal N7oneflow12EpollCommNetE
I20220210 13:01:17.115589 38961 epoll_comm_network.cpp:63] CommNet:Epoll listening on 0.0.0.0:44178
I20220210 13:01:17.115622 38961 epoll_comm_network.cpp:197] machine 0 sockfd -1
I20220210 13:01:17.115746 38961 global.h:36] NewGlobal N7oneflow9TransportE
I20220210 13:01:17.115830 38961 global.h:43] DeleteGlobal N7oneflow17ForeignLockHelperE
I20220210 13:01:17.115931 38961 global.h:36] NewGlobal N7oneflow25MultiClientSessionContextE
I20220210 13:01:24.199249 38961 version.cpp:22] OneFlow git version: cf2ce57
I20220210 13:01:24.199297 38961 cuda_device_manager_factory.cpp:63] CUDA runtime version: 10.2
I20220210 13:01:24.199318 38961 cuda_device_manager_factory.cpp:72] cuDNN version: 7.6.5
I20220210 13:01:24.199330 38961 cuda_device_manager_factory.cpp:85] NCCL version: 2.11.4
I20220210 13:01:24.199375 38961 global.h:43] DeleteGlobal N7oneflow12ResourceDescE
I20220210 13:01:24.199390 38961 global.h:36] NewGlobal N7oneflow12ResourceDescE
I20220210 13:01:24.199400 38961 global.h:36] NewGlobal N7oneflow5IDMgrE
I20220210 13:01:24.199412 38961 global.h:36] NewGlobal N7oneflow22TaskStreamIndexManagerE
I20220210 13:01:24.199424 38961 global.h:36] NewGlobal N7oneflow26LazyJobBuildAndInferCtxMgrE
I20220210 13:01:24.199434 38961 global.h:36] NewGlobal N7oneflow9BufferMgrISt10shared_ptrINS_11JobInstanceEEEE
I20220210 13:01:24.199443 38961 global.h:36] NewGlobal N7oneflow9BufferMgrISt10shared_ptrINS_23CriticalSectionInstanceEEEE
I20220210 13:01:24.199452 38961 global.h:36] NewGlobal N7oneflow10RuntimeCtxE
I20220210 13:01:24.199460 38961 global.h:36] NewGlobal N7oneflow15MemoryAllocatorE
I20220210 13:01:24.199470 38961 global.h:36] NewGlobal N7oneflow8ChunkMgrE
I20220210 13:01:24.199477 38961 global.h:36] NewGlobal N7oneflow8RegstMgrE
I20220210 13:01:24.199486 38961 global.h:36] NewGlobal N7oneflow11ActorMsgBusE
I20220210 13:01:24.199496 38961 global.h:36] NewGlobal N7oneflow9ThreadMgrE
I20220210 13:01:24.199504 38961 global.h:36] NewGlobal N7oneflow15RuntimeJobDescsE
I20220210 13:01:24.199513 38961 global.h:36] NewGlobal N7oneflow7summary12EventsWriterE
I20220210 13:01:24.199523 38961 global.h:36] NewGlobal N7oneflow6boxing10collective9SchedulerE
I20220210 13:01:24.281652 38961 global.h:36] NewGlobal N7oneflow7JobDescE
I20220210 13:01:24.748121 38961 global.h:43] DeleteGlobal N7oneflow7JobDescE
I20220210 13:01:24.748227 38961 global.h:36] NewGlobal N7oneflow7JobDescE
I20220210 13:01:24.761245 38961 global.h:36] NewGlobal N7oneflow7OpGraphE
I20220210 13:01:24.788300 38961 global.h:43] DeleteGlobal N7oneflow7OpGraphE
I20220210 13:01:24.890141 38961 auto_mixed_precision.cpp:146] Insert CastOp: model.backbone.layer3.5.conv1.weight-out-cast_f2h between model.backbone.layer3.5.conv1.weight/out
I20220210 13:01:24.890380 38961 auto_mixed_precision.cpp:146] Insert CastOp: model.backbone.layer2.0.conv2.weight-out-cast_f2h between model.backbone.layer2.0.conv2.weight/out
I20220210 13:01:24.890457 38961 auto_mixed_precision.cpp:146] Insert CastOp: model.backbone.layer4.2.conv2.weight-out-cast_f2h between model.backbone.layer4.2.conv2.weight/out
I20220210 13:01:24.890614 38961 auto_mixed_precision.cpp:146] Insert CastOp: model.backbone.layer3.0.conv1.weight-out-cast_f2h between model.backbone.layer3.0.conv1.weight/out
I20220210 13:01:24.890741 38961 auto_mixed_precision.cpp:146] Insert CastOp: model.backbone.layer3.1.conv2.weight-out-cast_f2h between model.backbone.layer3.1.conv2.weight/out
I20220210 13:01:24.891003 38961 auto_mixed_precision.cpp:146] Insert CastOp: model.backbone.layer3.0.conv2.weight-out-cast_f2h between model.backbone.layer3.0.conv2.weight/out
I20220210 13:01:24.891146 38961 auto_mixed_precision.cpp:146] Insert CastOp: model.backbone.layer3.8.conv1.weight-out-cast_f2h between model.backbone.layer3.8.conv1.weight/out
I20220210 13:01:24.891330 38961 auto_mixed_precision.cpp:146] Insert CastOp: model.backbone.layer2.3.conv1.weight-out-cast_f2h between model.backbone.layer2.3.conv1.weight/out
I20220210 13:01:24.891719 38961 auto_mixed_precision.cpp:146] Insert CastOp: model.backbone.layer1.0.downsample.0.weight-out-cast_f2h between model.backbone.layer1.0.downsample.0.weight/out
I20220210 13:01:24.891834 38961 auto_mixed_precision.cpp:146] Insert CastOp: model.backbone.layer3.4.conv2.weight-out-cast_f2h between model.backbone.layer3.4.conv2.weight/out
I20220210 13:01:24.891935 38961 auto_mixed_precision.cpp:146] Insert CastOp: model.backbone.layer4.1.conv1.weight-out-cast_f2h between model.backbone.layer4.1.conv1.weight/out
I20220210 13:01:24.892010 38961 auto_mixed_precision.cpp:146] Insert CastOp: model.fc-l2_normalize-185-y_0-cast_f2h between model.fc-l2_normalize-185/y_0
I20220210 13:01:24.892081 38961 auto_mixed_precision.cpp:146] Insert CastOp: model.backbone.layer3.5.conv2.weight-out-cast_f2h between model.backbone.layer3.5.conv2.weight/out
I20220210 13:01:24.892174 38961 auto_mixed_precision.cpp:146] Insert CastOp: model.backbone.layer1.2.conv2.weight-out-cast_f2h between model.backbone.layer1.2.conv2.weight/out
I20220210 13:01:24.892702 38961 auto_mixed_precision.cpp:146] Insert CastOp: model.backbone.layer2.2.conv2.weight-out-cast_f2h between model.backbone.layer2.2.conv2.weight/out
I20220210 13:01:24.892948 38961 auto_mixed_precision.cpp:146] Insert CastOp: model.backbone.layer3.13.conv1.weight-out-cast_f2h between model.backbone.layer3.13.conv1.weight/out
I20220210 13:01:24.893064 38961 auto_mixed_precision.cpp:146] Insert CastOp: model.backbone.layer3.1.conv1.weight-out-cast_f2h between model.backbone.layer3.1.conv1.weight/out
I20220210 13:01:24.893169 38961 auto_mixed_precision.cpp:146] Insert CastOp: model.backbone.layer3.3.conv1.weight-out-cast_f2h between model.backbone.layer3.3.conv1.weight/out
I20220210 13:01:24.893296 38961 auto_mixed_precision.cpp:146] Insert CastOp: model.backbone.layer3.13.conv2.weight-out-cast_f2h between model.backbone.layer3.13.conv2.weight/out
I20220210 13:01:24.893409 38961 auto_mixed_precision.cpp:146] Insert CastOp: model.backbone.conv1.weight-out-cast_f2h between model.backbone.conv1.weight/out
I20220210 13:01:24.893733 38961 auto_mixed_precision.cpp:146] Insert CastOp: model.backbone.layer3.12.conv2.weight-out-cast_f2h between model.backbone.layer3.12.conv2.weight/out
I20220210 13:01:24.893802 38961 auto_mixed_precision.cpp:146] Insert CastOp: model.backbone.layer3.12.conv1.weight-out-cast_f2h between model.backbone.layer3.12.conv1.weight/out
I20220210 13:01:24.894019 38961 auto_mixed_precision.cpp:146] Insert CastOp: model.backbone.layer2.1.conv1.weight-out-cast_f2h between model.backbone.layer2.1.conv1.weight/out
I20220210 13:01:24.894162 38961 auto_mixed_precision.cpp:146] Insert CastOp: model.backbone.layer4.2.conv1.weight-out-cast_f2h between model.backbone.layer4.2.conv1.weight/out
I20220210 13:01:24.894285 38961 auto_mixed_precision.cpp:146] Insert CastOp: model.backbone.layer3.4.conv1.weight-out-cast_f2h between model.backbone.layer3.4.conv1.weight/out
I20220210 13:01:24.894372 38961 auto_mixed_precision.cpp:146] Insert CastOp: model.backbone.layer3.10.conv1.weight-out-cast_f2h between model.backbone.layer3.10.conv1.weight/out
I20220210 13:01:24.894436 38961 auto_mixed_precision.cpp:146] Insert CastOp: model.fc-l2_normalize-184-y_0-cast_f2h between model.fc-l2_normalize-184/y_0
I20220210 13:01:24.894549 38961 auto_mixed_precision.cpp:146] Insert CastOp: model.backbone.layer1.1.conv2.weight-out-cast_f2h between model.backbone.layer1.1.conv2.weight/out
I20220210 13:01:24.894621 38961 auto_mixed_precision.cpp:146] Insert CastOp: model.backbone.layer3.11.conv2.weight-out-cast_f2h between model.backbone.layer3.11.conv2.weight/out
I20220210 13:01:24.894719 38961 auto_mixed_precision.cpp:146] Insert CastOp: model.backbone.layer3.7.conv1.weight-out-cast_f2h between model.backbone.layer3.7.conv1.weight/out
I20220210 13:01:24.894877 38961 auto_mixed_precision.cpp:146] Insert CastOp: model.backbone.layer1.2.conv1.weight-out-cast_f2h between model.backbone.layer1.2.conv1.weight/out
I20220210 13:01:24.894968 38961 auto_mixed_precision.cpp:146] Insert CastOp: model.backbone.layer2.2.conv1.weight-out-cast_f2h between model.backbone.layer2.2.conv1.weight/out
I20220210 13:01:24.895098 38961 auto_mixed_precision.cpp:146] Insert CastOp: model.backbone.layer3.3.conv2.weight-out-cast_f2h between model.backbone.layer3.3.conv2.weight/out
I20220210 13:01:24.895211 38961 auto_mixed_precision.cpp:146] Insert CastOp: model.backbone.layer3.11.conv1.weight-out-cast_f2h between model.backbone.layer3.11.conv1.weight/out
I20220210 13:01:24.895311 38961 auto_mixed_precision.cpp:146] Insert CastOp: model.backbone.layer2.0.downsample.0.weight-out-cast_f2h between model.backbone.layer2.0.downsample.0.weight/out
I20220210 13:01:24.895423 38961 auto_mixed_precision.cpp:146] Insert CastOp: model.backbone.layer3.8.conv2.weight-out-cast_f2h between model.backbone.layer3.8.conv2.weight/out
I20220210 13:01:24.895493 38961 auto_mixed_precision.cpp:146] Insert CastOp: model.backbone.layer3.9.conv2.weight-out-cast_f2h between model.backbone.layer3.9.conv2.weight/out
I20220210 13:01:24.895618 38961 auto_mixed_precision.cpp:146] Insert CastOp: model.backbone.layer1.0.conv2.weight-out-cast_f2h between model.backbone.layer1.0.conv2.weight/out
I20220210 13:01:24.895717 38961 auto_mixed_precision.cpp:146] Insert CastOp: model.backbone.layer2.3.conv2.weight-out-cast_f2h between model.backbone.layer2.3.conv2.weight/out
I20220210 13:01:24.895787 38961 auto_mixed_precision.cpp:146] Insert CastOp: model.backbone.layer2.1.conv2.weight-out-cast_f2h between model.backbone.layer2.1.conv2.weight/out
I20220210 13:01:24.895973 38961 auto_mixed_precision.cpp:146] Insert CastOp: model.backbone.layer3.7.conv2.weight-out-cast_f2h between model.backbone.layer3.7.conv2.weight/out
I20220210 13:01:24.896075 38961 auto_mixed_precision.cpp:146] Insert CastOp: model.backbone.fc.weight-out-cast_f2h between model.backbone.fc.weight/out
I20220210 13:01:24.896245 38961 auto_mixed_precision.cpp:146] Insert CastOp: model.backbone.layer4.1.conv2.weight-out-cast_f2h between model.backbone.layer4.1.conv2.weight/out
I20220210 13:01:24.896358 38961 auto_mixed_precision.cpp:146] Insert CastOp: model.backbone.layer3.0.downsample.0.weight-out-cast_f2h between model.backbone.layer3.0.downsample.0.weight/out
I20220210 13:01:24.896525 38961 auto_mixed_precision.cpp:146] Insert CastOp: model.backbone.layer1.1.conv1.weight-out-cast_f2h between model.backbone.layer1.1.conv1.weight/out
I20220210 13:01:24.896651 38961 auto_mixed_precision.cpp:146] Insert CastOp: model.backbone.layer3.2.conv1.weight-out-cast_f2h between model.backbone.layer3.2.conv1.weight/out
I20220210 13:01:24.896750 38961 auto_mixed_precision.cpp:146] Insert CastOp: model.backbone.layer4.0.conv1.weight-out-cast_f2h between model.backbone.layer4.0.conv1.weight/out
I20220210 13:01:24.896898 38961 auto_mixed_precision.cpp:146] Insert CastOp: model.backbone.layer3.2.conv2.weight-out-cast_f2h between model.backbone.layer3.2.conv2.weight/out
I20220210 13:01:24.897004 38961 auto_mixed_precision.cpp:146] Insert CastOp: model.backbone.layer3.10.conv2.weight-out-cast_f2h between model.backbone.layer3.10.conv2.weight/out
I20220210 13:01:24.897214 38961 auto_mixed_precision.cpp:146] Insert CastOp: model.backbone.layer3.6.conv1.weight-out-cast_f2h between model.backbone.layer3.6.conv1.weight/out
I20220210 13:01:24.897507 38961 auto_mixed_precision.cpp:146] Insert CastOp: model.backbone.layer1.0.conv1.weight-out-cast_f2h between model.backbone.layer1.0.conv1.weight/out
I20220210 13:01:24.897773 38961 auto_mixed_precision.cpp:146] Insert CastOp: model.backbone.layer4.0.conv2.weight-out-cast_f2h between model.backbone.layer4.0.conv2.weight/out
I20220210 13:01:24.897871 38961 auto_mixed_precision.cpp:146] Insert CastOp: model.backbone.layer3.9.conv1.weight-out-cast_f2h between model.backbone.layer3.9.conv1.weight/out
I20220210 13:01:24.897987 38961 auto_mixed_precision.cpp:146] Insert CastOp: model.backbone.layer3.6.conv2.weight-out-cast_f2h between model.backbone.layer3.6.conv2.weight/out
I20220210 13:01:24.898156 38961 auto_mixed_precision.cpp:146] Insert CastOp: model.backbone.layer4.0.downsample.0.weight-out-cast_f2h between model.backbone.layer4.0.downsample.0.weight/out
I20220210 13:01:24.898312 38961 auto_mixed_precision.cpp:146] Insert CastOp: data_loader.image-out-cast_f2h between data_loader.image/out
I20220210 13:01:24.898483 38961 auto_mixed_precision.cpp:146] Insert CastOp: model.backbone.layer2.0.conv1.weight-out-cast_f2h between model.backbone.layer2.0.conv1.weight/out
I20220210 13:01:24.899565 38961 auto_mixed_precision.cpp:146] Insert CastOp: model.backbone.fc-matmul-182-out_0-cast_h2f between model.backbone.fc-matmul-182/out_0
I20220210 13:01:24.899641 38961 auto_mixed_precision.cpp:146] Insert CastOp: model.fc-matmul-186-out_0-cast_h2f between model.fc-matmul-186/out_0
I20220210 13:01:27.588114 38961 global.h:43] DeleteGlobal N7oneflow7JobDescE
I20220210 13:01:27.868712 38961 global.h:36] NewGlobal N7oneflow7JobDescE
I20220210 13:01:31.658835 38961 global.h:36] NewGlobal N7oneflow7OpGraphE
I20220210 13:01:32.945382 38961 global.h:43] DeleteGlobal N7oneflow7OpGraphE
I20220210 13:01:33.052160 38961 nn_graph.cpp:225] 
job_id: 0 , job_name: TrainGraph_0 , compile time: 5.18317 seconds.
I20220210 13:01:33.691704 38961 plan_util.cpp:928]  Plan: TrainGraph_0 needs to allocate [ 3641.58 MiB ] device memory in Rank: 0 , Device: 0
I20220210 13:01:33.827149 38961 runtime_context.cpp:21] NewCounter constructing_actor_cnt 1734
I20220210 13:01:33.828100 39278 naive_actor.cpp:25] actor 1099536793600 switch to &NaiveActor::HandlerNormal
I20220210 13:01:33.828157 39278 thread.cpp:99] Thread 524300 construct Actor kDeviceTick 1099536793600
I20220210 13:01:33.828161 39276 wait_and_send_ids_actor.cpp:53] actor 1099631165440 switch to &WaitAndSendIdsActor::HandlerWaitToStart
I20220210 13:01:33.828204 39276 thread.cpp:99] Thread 524345 construct Actor kWaitAndSendIds 1099631165440
I20220210 13:01:33.828248 39276 runtime_context.cpp:29] DecreaseCounter constructing_actor_cnt, current val is 1733
I20220210 13:01:33.828250 39278 runtime_context.cpp:29] DecreaseCounter constructing_actor_cnt, current val is 1732
I20220210 13:01:33.835357 39255 naive_actor.cpp:25] actor 2199023257252 switch to &NaiveActor::HandlerNormal
I20220210 13:01:33.835428 39255 thread.cpp:99] Thread 1048576 construct Actor kDeviceTick 2199023257252
I20220210 13:01:33.835501 39255 runtime_context.cpp:29] DecreaseCounter constructing_actor_cnt, current val is 1731
I20220210 13:01:33.836561 39255 naive_actor.cpp:25] actor 2199023257250 switch to &NaiveActor::HandlerNormal
I20220210 13:01:33.836607 39255 thread.cpp:99] Thread 1048576 construct Actor kDeviceTick 2199023257250
I20220210 13:01:33.836694 39255 runtime_context.cpp:29] DecreaseCounter constructing_actor_cnt, current val is 1730
I20220210 13:01:33.894042 39255 naive_actor.cpp:25] actor 2199023255597 switch to &NaiveActor::HandlerNormal
I20220210 13:01:33.894119 39255 thread.cpp:99] Thread 1048576 construct Actor kNormalForward 2199023255597
I20220210 13:01:33.894193 39255 runtime_context.cpp:29] DecreaseCounter constructing_actor_cnt, current val is 1729
I20220210 13:01:33.894490 39275 naive_actor.cpp:25] actor 2199027449856 switch to &NaiveActor::HandlerNormal
I20220210 13:01:33.894495 39270 naive_actor.cpp:25] actor 2199025352705 switch to &NaiveActor::HandlerNormal
I20220210 13:01:33.894557 39275 thread.cpp:99] Thread 1048578 construct Actor kCopyHd 2199027449856
I20220210 13:01:33.894589 39270 thread.cpp:99] Thread 1048577 construct Actor kCopyHd 2199025352705
I20220210 13:01:33.894634 39275 runtime_context.cpp:29] DecreaseCounter constructing_actor_cnt, current val is 1728
I20220210 13:01:33.894634 39270 runtime_context.cpp:29] DecreaseCounter constructing_actor_cnt, current val is 1727
I20220210 13:01:33.895509 39270 naive_actor.cpp:25] actor 2199025352704 switch to &NaiveActor::HandlerNormal
I20220210 13:01:33.895529 39262 naive_actor.cpp:25] actor 1099520016384 switch to &NaiveActor::HandlerNormal
I20220210 13:01:33.895534 39270 thread.cpp:99] Thread 1048577 construct Actor kCopyHd 2199025352704
I20220210 13:01:33.895565 39262 thread.cpp:99] Thread 524292 construct Actor kNormalForward 1099520016384
I20220210 13:01:33.895784 39270 runtime_context.cpp:29] DecreaseCounter constructing_actor_cnt, current val is 1726
I20220210 13:01:33.895613 39260 naive_actor.cpp:25] actor 1099511627776 switch to &NaiveActor::HandlerNormal
I20220210 13:01:33.895642 39273 naive_actor.cpp:25] actor 1099534696448 switch to &NaiveActor::HandlerNormal
I20220210 13:01:33.895673 39264 naive_actor.cpp:25] actor 1099515822080 switch to &NaiveActor::HandlerNormal
I20220210 13:01:33.895608 39255 naive_actor.cpp:25] actor 2199023255559 switch to &NaiveActor::HandlerNormal
I20220210 13:01:33.895821 39262 runtime_context.cpp:29] DecreaseCounter constructing_actor_cnt, current val is 1725
I20220210 13:01:33.895853 39260 thread.cpp:99] Thread 524288 construct Actor kNormalForward 1099511627776
I20220210 13:01:33.895879 39273 thread.cpp:99] Thread 524299 construct Actor kDeviceTick 1099534696448
I20220210 13:01:33.895747 39279 sink_actor.cpp:21] actor 1099633262592 switch to &SinkActor::HandlerNormal
I20220210 13:01:33.896021 39260 runtime_context.cpp:29] DecreaseCounter constructing_actor_cnt, current val is 1724
I20220210 13:01:33.895922 39264 thread.cpp:99] Thread 524290 construct Actor kNormalForward 1099515822080
I20220210 13:01:33.895956 39255 thread.cpp:99] Thread 1048576 construct Actor kNormalForward 2199023255559
I20220210 13:01:33.896028 39279 thread.cpp:99] Thread 524346 construct Actor kCallbackNotify 1099633262592
I20220210 13:01:33.896046 39273 runtime_context.cpp:29] DecreaseCounter constructing_actor_cnt, current val is 1723
I20220210 13:01:33.896144 39255 runtime_context.cpp:29] DecreaseCounter constructing_actor_cnt, current val is 1721
I20220210 13:01:33.896167 39263 naive_actor.cpp:25] actor 1099513724928 switch to &NaiveActor::HandlerNormal
I20220210 13:01:33.896147 39258 naive_actor.cpp:25] actor 1099528404992 switch to &NaiveActor::HandlerNormal
I20220210 13:01:33.896209 39267 naive_actor.cpp:25] actor 1099629068297 switch to &NaiveActor::HandlerNormal
I20220210 13:01:33.896157 39279 runtime_context.cpp:29] DecreaseCounter constructing_actor_cnt, current val is 1720
I20220210 13:01:33.896134 39264 runtime_context.cpp:29] DecreaseCounter constructing_actor_cnt, current val is 1722
I20220210 13:01:33.896198 39263 thread.cpp:99] Thread 524289 construct Actor kNormalForward 1099513724928
I20220210 13:01:33.896061 39261 naive_actor.cpp:25] actor 1099522113536 switch to &NaiveActor::HandlerNormal
I20220210 13:01:33.896322 39270 naive_actor.cpp:25] actor 2199025352706 switch to &NaiveActor::HandlerNormal
I20220210 13:01:33.896340 39268 naive_actor.cpp:25] actor 1099532599296 switch to &NaiveActor::HandlerNormal
I20220210 13:01:33.896226 39258 thread.cpp:99] Thread 524296 construct Actor kNormalForward 1099528404992
I20220210 13:01:33.896414 39268 thread.cpp:99] Thread 524298 construct Actor kNormalForward 1099532599296
I20220210 13:01:33.896334 39261 thread.cpp:99] Thread 524293 construct Actor kNormalForward 1099522113536
I20220210 13:01:33.896245 39267 thread.cpp:99] Thread 524344 construct Actor kDstSubsetTick 1099629068297
I20220210 13:01:33.896361 39270 thread.cpp:99] Thread 1048577 construct Actor kCopyHd 2199025352706
I20220210 13:01:33.896512 39261 runtime_context.cpp:29] DecreaseCounter constructing_actor_cnt, current val is 1716
I20220210 13:01:33.896334 39263 runtime_context.cpp:29] DecreaseCounter constructing_actor_cnt, current val is 1719
I20220210 13:01:33.896512 39268 runtime_context.cpp:29] DecreaseCounter constructing_actor_cnt, current val is 1717
I20220210 13:01:33.896522 39267 runtime_context.cpp:29] DecreaseCounter constructing_actor_cnt, current val is 1715
I20220210 13:01:33.896476 39258 runtime_context.cpp:29] DecreaseCounter constructing_actor_cnt, current val is 1718
I20220210 13:01:33.896603 39257 naive_actor.cpp:25] actor 1099524210688 switch to &NaiveActor::HandlerNormal
I20220210 13:01:33.896544 39270 runtime_context.cpp:29] DecreaseCounter constructing_actor_cnt, current val is 1714
I20220210 13:01:33.896638 39257 thread.cpp:99] Thread 524294 construct Actor kNormalForward 1099524210688
I20220210 13:01:33.896706 39257 runtime_context.cpp:29] DecreaseCounter constructing_actor_cnt, current val is 1713
I20220210 13:01:33.896767 39255 naive_actor.cpp:25] actor 2199023255595 switch to &NaiveActor::HandlerNormal
I20220210 13:01:33.896790 39265 naive_actor.cpp:25] actor 1099530502144 switch to &NaiveActor::HandlerNormal
I20220210 13:01:33.896796 39255 thread.cpp:99] Thread 1048576 construct Actor kNormalForward 2199023255595
I20220210 13:01:33.896817 39265 thread.cpp:99] Thread 524297 construct Actor kNormalForward 1099530502144
I20220210 13:01:33.896857 39277 naive_actor.cpp:25] actor 1099538890752 switch to &NaiveActor::HandlerNormal
I20220210 13:01:33.896870 39256 naive_actor.cpp:25] actor 1099526307840 switch to &NaiveActor::HandlerNormal
I20220210 13:01:33.896865 39266 naive_actor.cpp:25] actor 1099540987904 switch to &NaiveActor::HandlerNormal
I20220210 13:01:33.896880 39265 runtime_context.cpp:29] DecreaseCounter constructing_actor_cnt, current val is 1711
I20220210 13:01:33.896951 39267 naive_actor.cpp:25] actor 1099629068292 switch to &NaiveActor::HandlerNormal
I20220210 13:01:33.896864 39272 naive_actor.cpp:25] actor 1099637456896 switch to &NaiveActor::HandlerNormal
I20220210 13:01:33.896888 39277 thread.cpp:99] Thread 524301 construct Actor kNormalForward 1099538890752
I20220210 13:01:33.897007 39272 thread.cpp:99] Thread 524348 construct Actor kCriticalSectionWaitTick 1099637456896
I20220210 13:01:33.896908 39256 thread.cpp:99] Thread 524295 construct Actor kNormalForward 1099526307840
I20220210 13:01:33.896945 39266 thread.cpp:99] Thread 524302 construct Actor kNormalForward 1099540987904
I20220210 13:01:33.897050 39272 runtime_context.cpp:29] DecreaseCounter constructing_actor_cnt, current val is 1709
I20220210 13:01:33.896878 39255 runtime_context.cpp:29] DecreaseCounter constructing_actor_cnt, current val is 1712
I20220210 13:01:33.896986 39259 naive_actor.cpp:25] actor 1099517919232 switch to &NaiveActor::HandlerNormal
I20220210 13:01:33.896906 39271 naive_actor.cpp:25] actor 1099635359744 switch to &NaiveActor::HandlerNormal
I20220210 13:01:33.897043 39277 runtime_context.cpp:29] DecreaseCounter constructing_actor_cnt, current val is 1710
I20220210 13:01:33.897153 39271 thread.cpp:99] Thread 524347 construct Actor kCriticalSectionWaitTick 1099635359744
I20220210 13:01:33.896981 39267 thread.cpp:99] Thread 524344 construct Actor kTick 1099629068292
I20220210 13:01:33.897071 39256 runtime_context.cpp:29] DecreaseCounter constructing_actor_cnt, current val is 1708
I20220210 13:01:33.897121 39259 thread.cpp:99] Thread 524291 construct Actor kNormalForward 1099517919232
I20220210 13:01:33.897094 39266 runtime_context.cpp:29] DecreaseCounter constructing_actor_cnt, current val is 1707
I20220210 13:01:33.897207 39271 runtime_context.cpp:29] DecreaseCounter constructing_actor_cnt, current val is 1706
I20220210 13:01:33.897212 39267 runtime_context.cpp:29] DecreaseCounter constructing_actor_cnt, current val is 1705
I20220210 13:01:33.897284 39259 runtime_context.cpp:29] DecreaseCounter constructing_actor_cnt, current val is 1704
I20220210 13:01:33.897351 39255 naive_actor.cpp:25] actor 2199023255603 switch to &NaiveActor::HandlerNormal
I20220210 13:01:33.897374 39255 thread.cpp:99] Thread 1048576 construct Actor kNormalForward 2199023255603
I20220210 13:01:33.897415 39255 runtime_context.cpp:29] DecreaseCounter constructing_actor_cnt, current val is 1703
I20220210 13:01:33.897469 39267 naive_actor.cpp:25] actor 1099629068296 switch to &NaiveActor::HandlerNormal
I20220210 13:01:33.897488 39267 thread.cpp:99] Thread 524344 construct Actor kSrcSubsetTick 1099629068296
I20220210 13:01:33.897517 39267 runtime_context.cpp:29] DecreaseCounter constructing_actor_cnt, current val is 1702
I20220210 13:01:33.897624 39255 naive_actor.cpp:25] actor 2199023255572 switch to &NaiveActor::HandlerNormal
I20220210 13:01:33.897648 39255 thread.cpp:99] Thread 1048576 construct Actor kNormalForward 2199023255572
I20220210 13:01:33.897684 39267 naive_actor.cpp:25] actor 1099629068295 switch to &NaiveActor::HandlerNormal
I20220210 13:01:33.897686 39255 runtime_context.cpp:29] DecreaseCounter constructing_actor_cnt, current val is 1701
I20220210 13:01:33.897708 39267 thread.cpp:99] Thread 524344 construct Actor kDstSubsetTick 1099629068295
I20220210 13:01:33.897759 39267 runtime_context.cpp:29] DecreaseCounter constructing_actor_cnt, current val is 1700
I20220210 13:01:33.897922 39255 naive_actor.cpp:25] actor 2199023255598 switch to &NaiveActor::HandlerNormal
I20220210 13:01:33.897960 39255 thread.cpp:99] Thread 1048576 construct Actor kNormalForward 2199023255598
I20220210 13:01:33.897928 39267 naive_actor.cpp:25] actor 1099629068288 switch to &NaiveActor::HandlerNormal
I20220210 13:01:33.898002 39267 thread.cpp:99] Thread 524344 construct Actor kSrcSubsetTick 1099629068288
I20220210 13:01:33.898005 39255 runtime_context.cpp:29] DecreaseCounter constructing_actor_cnt, current val is 1699
I20220210 13:01:33.898038 39267 runtime_context.cpp:29] DecreaseCounter constructing_actor_cnt, current val is 1698
I20220210 13:01:33.898211 39267 naive_actor.cpp:25] actor 1099629068289 switch to &NaiveActor::HandlerNormal
I20220210 13:01:33.898231 39267 thread.cpp:99] Thread 524344 construct Actor kTick 1099629068289
I20220210 13:01:33.898228 39255 naive_actor.cpp:25] actor 2199023255628 switch to &NaiveActor::HandlerNormal
I20220210 13:01:33.898264 39267 runtime_context.cpp:29] DecreaseCounter constructing_actor_cnt, current val is 1697
I20220210 13:01:33.898269 39255 thread.cpp:99] Thread 1048576 construct Actor kNormalForward 2199023255628
I20220210 13:01:33.898310 39255 runtime_context.cpp:29] DecreaseCounter constructing_actor_cnt, current val is 1696
I20220210 13:01:33.898427 39267 naive_actor.cpp:25] actor 1099629068291 switch to &NaiveActor::HandlerNormal
I20220210 13:01:33.898445 39267 thread.cpp:99] Thread 524344 construct Actor kTick 1099629068291
I20220210 13:01:33.898473 39267 runtime_context.cpp:29] DecreaseCounter constructing_actor_cnt, current val is 1695
I20220210 13:01:33.898519 39255 naive_actor.cpp:25] actor 2199023255555 switch to &NaiveActor::HandlerNormal
I20220210 13:01:33.898543 39255 thread.cpp:99] Thread 1048576 construct Actor kNormalForward 2199023255555
I20220210 13:01:33.898581 39255 runtime_context.cpp:29] DecreaseCounter constructing_actor_cnt, current val is 1694
I20220210 13:01:33.898631 39267 naive_actor.cpp:25] actor 1099629068294 switch to &NaiveActor::HandlerNormal
I20220210 13:01:33.898650 39267 thread.cpp:99] Thread 524344 construct Actor kSrcSubsetTick 1099629068294
I20220210 13:01:33.898677 39267 runtime_context.cpp:29] DecreaseCounter constructing_actor_cnt, current val is 1693
I20220210 13:01:33.898877 39267 naive_actor.cpp:25] actor 1099629068293 switch to &NaiveActor::HandlerNormal
I20220210 13:01:33.898901 39267 thread.cpp:99] Thread 524344 construct Actor kTick 1099629068293
I20220210 13:01:33.898929 39267 runtime_context.cpp:29] DecreaseCounter constructing_actor_cnt, current val is 1692
I20220210 13:01:33.899108 39255 naive_actor.cpp:25] actor 2199023255562 switch to &NaiveActor::HandlerNormal
I20220210 13:01:33.899134 39255 thread.cpp:99] Thread 1048576 construct Actor kNormalForward 2199023255562
I20220210 13:01:33.899161 39267 naive_actor.cpp:25] actor 1099629068290 switch to &NaiveActor::HandlerNormal
I20220210 13:01:33.899175 39255 runtime_context.cpp:29] DecreaseCounter constructing_actor_cnt, current val is 1691
I20220210 13:01:33.899180 39267 thread.cpp:99] Thread 524344 construct Actor kDstSubsetTick 1099629068290
I20220210 13:01:33.899232 39267 runtime_context.cpp:29] DecreaseCounter constructing_actor_cnt, current val is 1690
I20220210 13:01:33.899878 39255 naive_actor.cpp:25] actor 2199023255596 switch to &NaiveActor::HandlerNormal
I20220210 13:01:33.899905 39255 thread.cpp:99] Thread 1048576 construct Actor kNormalForward 2199023255596
I20220210 13:01:33.899960 39255 runtime_context.cpp:29] DecreaseCounter constructing_actor_cnt, current val is 1689
I20220210 13:01:33.900467 39255 naive_actor.cpp:25] actor 2199023255602 switch to &NaiveActor::HandlerNormal
I20220210 13:01:33.900493 39255 thread.cpp:99] Thread 1048576 construct Actor kNormalForward 2199023255602
I20220210 13:01:33.900533 39255 runtime_context.cpp:29] DecreaseCounter constructing_actor_cnt, current val is 1688
I20220210 13:01:33.900740 39255 naive_actor.cpp:25] actor 2199023255558 switch to &NaiveActor::HandlerNormal
I20220210 13:01:33.900765 39255 thread.cpp:99] Thread 1048576 construct Actor kNormalForward 2199023255558
I20220210 13:01:33.900804 39255 runtime_context.cpp:29] DecreaseCounter constructing_actor_cnt, current val is 1687
I20220210 13:01:33.901023 39255 naive_actor.cpp:25] actor 2199023255566 switch to &NaiveActor::HandlerNormal
I20220210 13:01:33.901047 39255 thread.cpp:99] Thread 1048576 construct Actor kNormalForward 2199023255566
I20220210 13:01:33.901085 39255 runtime_context.cpp:29] DecreaseCounter constructing_actor_cnt, current val is 1686
I20220210 13:01:33.901288 39255 naive_actor.cpp:25] actor 2199023255599 switch to &NaiveActor::HandlerNormal
I20220210 13:01:33.901315 39255 thread.cpp:99] Thread 1048576 construct Actor kNormalForward 2199023255599
I20220210 13:01:33.901362 39255 runtime_context.cpp:29] DecreaseCounter constructing_actor_cnt, current val is 1685
I20220210 13:01:33.901958 39255 naive_actor.cpp:25] actor 2199023255554 switch to &NaiveActor::HandlerNormal
I20220210 13:01:33.901984 39255 thread.cpp:99] Thread 1048576 construct Actor kNormalForward 2199023255554
I20220210 13:01:33.902027 39255 runtime_context.cpp:29] DecreaseCounter constructing_actor_cnt, current val is 1684
I20220210 13:01:33.902232 39255 naive_actor.cpp:25] actor 2199023255655 switch to &NaiveActor::HandlerNormal
I20220210 13:01:33.902256 39255 thread.cpp:99] Thread 1048576 construct Actor kNormalForward 2199023255655
I20220210 13:01:33.902293 39255 runtime_context.cpp:29] DecreaseCounter constructing_actor_cnt, current val is 1683
I20220210 13:01:33.902915 39255 naive_actor.cpp:25] actor 2199023255569 switch to &NaiveActor::HandlerNormal
I20220210 13:01:33.902947 39255 thread.cpp:99] Thread 1048576 construct Actor kNormalForward 2199023255569
I20220210 13:01:33.902992 39255 runtime_context.cpp:29] DecreaseCounter constructing_actor_cnt, current val is 1682
I20220210 13:01:33.903645 39255 naive_actor.cpp:25] actor 2199023255711 switch to &NaiveActor::HandlerNormal
I20220210 13:01:33.903671 39255 thread.cpp:99] Thread 1048576 construct Actor kNormalForward 2199023255711
I20220210 13:01:33.903717 39255 runtime_context.cpp:29] DecreaseCounter constructing_actor_cnt, current val is 1681
I20220210 13:01:33.903928 39255 naive_actor.cpp:25] actor 2199023255564 switch to &NaiveActor::HandlerNormal
I20220210 13:01:33.903959 39255 thread.cpp:99] Thread 1048576 construct Actor kNormalForward 2199023255564
I20220210 13:01:33.904004 39255 runtime_context.cpp:29] DecreaseCounter constructing_actor_cnt, current val is 1680
I20220210 13:01:33.904211 39255 naive_actor.cpp:25] actor 2199023255767 switch to &NaiveActor::HandlerNormal
I20220210 13:01:33.904235 39255 thread.cpp:99] Thread 1048576 construct Actor kNormalForward 2199023255767
I20220210 13:01:33.904273 39255 runtime_context.cpp:29] DecreaseCounter constructing_actor_cnt, current val is 1679
I20220210 13:01:33.904479 39255 naive_actor.cpp:25] actor 2199023255620 switch to &NaiveActor::HandlerNormal
I20220210 13:01:33.904502 39255 thread.cpp:99] Thread 1048576 construct Actor kNormalForward 2199023255620
I20220210 13:01:33.904541 39255 runtime_context.cpp:29] DecreaseCounter constructing_actor_cnt, current val is 1678
I20220210 13:01:33.904740 39255 naive_actor.cpp:25] actor 2199023255578 switch to &NaiveActor::HandlerNormal
I20220210 13:01:33.904763 39255 thread.cpp:99] Thread 1048576 construct Actor kNormalForward 2199023255578
I20220210 13:01:33.904805 39255 runtime_context.cpp:29] DecreaseCounter constructing_actor_cnt, current val is 1677
I20220210 13:01:33.905478 39255 naive_actor.cpp:25] actor 2199023255604 switch to &NaiveActor::HandlerNormal
I20220210 13:01:33.905503 39255 thread.cpp:99] Thread 1048576 construct Actor kNormalForward 2199023255604
I20220210 13:01:33.905546 39255 runtime_context.cpp:29] DecreaseCounter constructing_actor_cnt, current val is 1676
I20220210 13:01:33.906508 39255 naive_actor.cpp:25] actor 2199023255676 switch to &NaiveActor::HandlerNormal
I20220210 13:01:33.906535 39255 thread.cpp:99] Thread 1048576 construct Actor kNormalForward 2199023255676
I20220210 13:01:33.906589 39255 runtime_context.cpp:29] DecreaseCounter constructing_actor_cnt, current val is 1675
I20220210 13:01:33.906795 39255 naive_actor.cpp:25] actor 2199023255571 switch to &NaiveActor::HandlerNormal
I20220210 13:01:33.906818 39255 thread.cpp:99] Thread 1048576 construct Actor kNormalForward 2199023255571
I20220210 13:01:33.906857 39255 runtime_context.cpp:29] DecreaseCounter constructing_actor_cnt, current val is 1674
I20220210 13:01:33.907060 39255 naive_actor.cpp:25] actor 2199023255576 switch to &NaiveActor::HandlerNormal
I20220210 13:01:33.907084 39255 thread.cpp:99] Thread 1048576 construct Actor kNormalForward 2199023255576
I20220210 13:01:33.907121 39255 runtime_context.cpp:29] DecreaseCounter constructing_actor_cnt, current val is 1673
I20220210 13:01:33.907338 39255 naive_actor.cpp:25] actor 2199023255627 switch to &NaiveActor::HandlerNormal
I20220210 13:01:33.907361 39255 thread.cpp:99] Thread 1048576 construct Actor kNormalForward 2199023255627
I20220210 13:01:33.907399 39255 runtime_context.cpp:29] DecreaseCounter constructing_actor_cnt, current val is 1672
I20220210 13:01:33.907620 39255 naive_actor.cpp:25] actor 2199023255632 switch to &NaiveActor::HandlerNormal
I20220210 13:01:33.907644 39255 thread.cpp:99] Thread 1048576 construct Actor kNormalForward 2199023255632
I20220210 13:01:33.907681 39255 runtime_context.cpp:29] DecreaseCounter constructing_actor_cnt, current val is 1671
I20220210 13:01:33.907881 39255 naive_actor.cpp:25] actor 2199023255588 switch to &NaiveActor::HandlerNormal
I20220210 13:01:33.907905 39255 thread.cpp:99] Thread 1048576 construct Actor kNormalForward 2199023255588
I20220210 13:01:33.907948 39255 runtime_context.cpp:29] DecreaseCounter constructing_actor_cnt, current val is 1670
I20220210 13:01:33.908557 39255 naive_actor.cpp:25] actor 2199023255577 switch to &NaiveActor::HandlerNormal
I20220210 13:01:33.908583 39255 thread.cpp:99] Thread 1048576 construct Actor kNormalForward 2199023255577
I20220210 13:01:33.908625 39255 runtime_context.cpp:29] DecreaseCounter constructing_actor_cnt, current val is 1669
I20220210 13:01:33.908824 39255 naive_actor.cpp:25] actor 2199023255585 switch to &NaiveActor::HandlerNormal
I20220210 13:01:33.908847 39255 thread.cpp:99] Thread 1048576 construct Actor kNormalForward 2199023255585
I20220210 13:01:33.908885 39255 runtime_context.cpp:29] DecreaseCounter constructing_actor_cnt, current val is 1668
I20220210 13:01:33.909106 39255 naive_actor.cpp:25] actor 2199023255633 switch to &NaiveActor::HandlerNormal
I20220210 13:01:33.909128 39255 thread.cpp:99] Thread 1048576 construct Actor kNormalForward 2199023255633
I20220210 13:01:33.909165 39255 runtime_context.cpp:29] DecreaseCounter constructing_actor_cnt, current val is 1667
I20220210 13:01:33.909358 39255 naive_actor.cpp:25] actor 2199023255593 switch to &NaiveActor::HandlerNormal
I20220210 13:01:33.909380 39255 thread.cpp:99] Thread 1048576 construct Actor kNormalForward 2199023255593
I20220210 13:01:33.909417 39255 runtime_context.cpp:29] DecreaseCounter constructing_actor_cnt, current val is 1666
I20220210 13:01:33.910035 39255 naive_actor.cpp:25] actor 2199023255556 switch to &NaiveActor::HandlerNormal
I20220210 13:01:33.910061 39255 thread.cpp:99] Thread 1048576 construct Actor kNormalForward 2199023255556
I20220210 13:01:33.910106 39255 runtime_context.cpp:29] DecreaseCounter constructing_actor_cnt, current val is 1665
I20220210 13:01:33.910701 39255 naive_actor.cpp:25] actor 2199023255584 switch to &NaiveActor::HandlerNormal
I20220210 13:01:33.910725 39255 thread.cpp:99] Thread 1048576 construct Actor kNormalForward 2199023255584
I20220210 13:01:33.910768 39255 runtime_context.cpp:29] DecreaseCounter constructing_actor_cnt, current val is 1664
I20220210 13:01:33.910979 39255 naive_actor.cpp:25] actor 2199023255606 switch to &NaiveActor::HandlerNormal
I20220210 13:01:33.911002 39255 thread.cpp:99] Thread 1048576 construct Actor kNormalForward 2199023255606
I20220210 13:01:33.911041 39255 runtime_context.cpp:29] DecreaseCounter constructing_actor_cnt, current val is 1663
I20220210 13:01:33.911937 39255 naive_actor.cpp:25] actor 2199023255594 switch to &NaiveActor::HandlerNormal
I20220210 13:01:33.911969 39255 thread.cpp:99] Thread 1048576 construct Actor kNormalForward 2199023255594
I20220210 13:01:33.912021 39255 runtime_context.cpp:29] DecreaseCounter constructing_actor_cnt, current val is 1662
I20220210 13:01:33.912905 39255 naive_actor.cpp:25] actor 2199023255601 switch to &NaiveActor::HandlerNormal
I20220210 13:01:33.912931 39255 thread.cpp:99] Thread 1048576 construct Actor kNormalForward 2199023255601
I20220210 13:01:33.912989 39255 runtime_context.cpp:29] DecreaseCounter constructing_actor_cnt, current val is 1661
I20220210 13:01:33.913197 39255 naive_actor.cpp:25] actor 2199023255560 switch to &NaiveActor::HandlerNormal
I20220210 13:01:33.913219 39255 thread.cpp:99] Thread 1048576 construct Actor kNormalForward 2199023255560
I20220210 13:01:33.913259 39255 runtime_context.cpp:29] DecreaseCounter constructing_actor_cnt, current val is 1660
I20220210 13:01:33.913451 39255 naive_actor.cpp:25] actor 2199023255657 switch to &NaiveActor::HandlerNormal
I20220210 13:01:33.913475 39255 thread.cpp:99] Thread 1048576 construct Actor kNormalForward 2199023255657
I20220210 13:01:33.913511 39255 runtime_context.cpp:29] DecreaseCounter constructing_actor_cnt, current val is 1659
I20220210 13:01:33.913700 39255 naive_actor.cpp:25] actor 2199023255586 switch to &NaiveActor::HandlerNormal
I20220210 13:01:33.913724 39255 thread.cpp:99] Thread 1048576 construct Actor kNormalForward 2199023255586
I20220210 13:01:33.913760 39255 runtime_context.cpp:29] DecreaseCounter constructing_actor_cnt, current val is 1658
I20220210 13:01:33.913964 39255 naive_actor.cpp:25] actor 2199023255568 switch to &NaiveActor::HandlerNormal
I20220210 13:01:33.913986 39255 thread.cpp:99] Thread 1048576 construct Actor kNormalForward 2199023255568
I20220210 13:01:33.914023 39255 runtime_context.cpp:29] DecreaseCounter constructing_actor_cnt, current val is 1657
I20220210 13:01:33.914486 39255 naive_actor.cpp:25] actor 2199023255642 switch to &NaiveActor::HandlerNormal
I20220210 13:01:33.914510 39255 thread.cpp:99] Thread 1048576 construct Actor kNormalForward 2199023255642
I20220210 13:01:33.914549 39255 runtime_context.cpp:29] DecreaseCounter constructing_actor_cnt, current val is 1656
I20220210 13:01:33.914747 39255 naive_actor.cpp:25] actor 2199023255607 switch to &NaiveActor::HandlerNormal
I20220210 13:01:33.914775 39255 thread.cpp:99] Thread 1048576 construct Actor kNormalForward 2199023255607
I20220210 13:01:33.914814 39255 runtime_context.cpp:29] DecreaseCounter constructing_actor_cnt, current val is 1655
I20220210 13:01:33.915024 39255 naive_actor.cpp:25] actor 2199023255580 switch to &NaiveActor::HandlerNormal
I20220210 13:01:33.915046 39255 thread.cpp:99] Thread 1048576 construct Actor kNormalForward 2199023255580
I20220210 13:01:33.915096 39255 runtime_context.cpp:29] DecreaseCounter constructing_actor_cnt, current val is 1654
I20220210 13:01:33.915283 39255 naive_actor.cpp:25] actor 2199023255600 switch to &NaiveActor::HandlerNormal
I20220210 13:01:33.915305 39255 thread.cpp:99] Thread 1048576 construct Actor kNormalForward 2199023255600
I20220210 13:01:33.915346 39255 runtime_context.cpp:29] DecreaseCounter constructing_actor_cnt, current val is 1653
I20220210 13:01:33.915536 39255 naive_actor.cpp:25] actor 2199023255553 switch to &NaiveActor::HandlerNormal
I20220210 13:01:33.915558 39255 thread.cpp:99] Thread 1048576 construct Actor kNormalForward 2199023255553
I20220210 13:01:33.915592 39255 runtime_context.cpp:29] DecreaseCounter constructing_actor_cnt, current val is 1652
I20220210 13:01:33.915777 39255 naive_actor.cpp:25] actor 2199023255592 switch to &NaiveActor::HandlerNormal
I20220210 13:01:33.915800 39255 thread.cpp:99] Thread 1048576 construct Actor kNormalForward 2199023255592
I20220210 13:01:33.915835 39255 runtime_context.cpp:29] DecreaseCounter constructing_actor_cnt, current val is 1651
I20220210 13:01:33.916673 39255 naive_actor.cpp:25] actor 2199023255656 switch to &NaiveActor::HandlerNormal
I20220210 13:01:33.916698 39255 thread.cpp:99] Thread 1048576 construct Actor kNormalForward 2199023255656
I20220210 13:01:33.916749 39255 runtime_context.cpp:29] DecreaseCounter constructing_actor_cnt, current val is 1650
I20220210 13:01:33.917671 39255 naive_actor.cpp:25] actor 2199023255582 switch to &NaiveActor::HandlerNormal
I20220210 13:01:33.917696 39255 thread.cpp:99] Thread 1048576 construct Actor kNormalForward 2199023255582
I20220210 13:01:33.917747 39255 runtime_context.cpp:29] DecreaseCounter constructing_actor_cnt, current val is 1649
I20220210 13:01:33.917950 39255 naive_actor.cpp:25] actor 2199023255587 switch to &NaiveActor::HandlerNormal
I20220210 13:01:33.917973 39255 thread.cpp:99] Thread 1048576 construct Actor kNormalForward 2199023255587
I20220210 13:01:33.918009 39255 runtime_context.cpp:29] DecreaseCounter constructing_actor_cnt, current val is 1648
I20220210 13:01:33.918210 39255 naive_actor.cpp:25] actor 2199023255653 switch to &NaiveActor::HandlerNormal
I20220210 13:01:33.918231 39255 thread.cpp:99] Thread 1048576 construct Actor kNormalForward 2199023255653
I20220210 13:01:33.918267 39255 runtime_context.cpp:29] DecreaseCounter constructing_actor_cnt, current val is 1647
I20220210 13:01:33.918453 39255 naive_actor.cpp:25] actor 2199023255583 switch to &NaiveActor::HandlerNormal
I20220210 13:01:33.918476 39255 thread.cpp:99] Thread 1048576 construct Actor kNormalForward 2199023255583
I20220210 13:01:33.918510 39255 runtime_context.cpp:29] DecreaseCounter constructing_actor_cnt, current val is 1646
I20220210 13:01:33.919451 39255 naive_actor.cpp:25] actor 2199023255574 switch to &NaiveActor::HandlerNormal
I20220210 13:01:33.919477 39255 thread.cpp:99] Thread 1048576 construct Actor kNormalForward 2199023255574
I20220210 13:01:33.919528 39255 runtime_context.cpp:29] DecreaseCounter constructing_actor_cnt, current val is 1645
I20220210 13:01:33.919728 39255 naive_actor.cpp:25] actor 2199023255563 switch to &NaiveActor::HandlerNormal
I20220210 13:01:33.919756 39255 thread.cpp:99] Thread 1048576 construct Actor kNormalForward 2199023255563
I20220210 13:01:33.919803 39255 runtime_context.cpp:29] DecreaseCounter constructing_actor_cnt, current val is 1644
I20220210 13:01:33.920066 39255 naive_actor.cpp:25] actor 2199023255615 switch to &NaiveActor::HandlerNormal
I20220210 13:01:33.920094 39255 thread.cpp:99] Thread 1048576 construct Actor kNormalForward 2199023255615
I20220210 13:01:33.920140 39255 runtime_context.cpp:29] DecreaseCounter constructing_actor_cnt, current val is 1643
I20220210 13:01:33.921083 39255 naive_actor.cpp:25] actor 2199023255561 switch to &NaiveActor::HandlerNormal
I20220210 13:01:33.921109 39255 thread.cpp:99] Thread 1048576 construct Actor kNormalForward 2199023255561
I20220210 13:01:33.921157 39255 runtime_context.cpp:29] DecreaseCounter constructing_actor_cnt, current val is 1642
I20220210 13:01:33.921353 39255 naive_actor.cpp:25] actor 2199023255573 switch to &NaiveActor::HandlerNormal
I20220210 13:01:33.921377 39255 thread.cpp:99] Thread 1048576 construct Actor kNormalForward 2199023255573
I20220210 13:01:33.921413 39255 runtime_context.cpp:29] DecreaseCounter constructing_actor_cnt, current val is 1641
I20220210 13:01:33.921612 39255 naive_actor.cpp:25] actor 2199023255617 switch to &NaiveActor::HandlerNormal
I20220210 13:01:33.921633 39255 thread.cpp:99] Thread 1048576 construct Actor kNormalForward 2199023255617
I20220210 13:01:33.921669 39255 runtime_context.cpp:29] DecreaseCounter constructing_actor_cnt, current val is 1640
I20220210 13:01:33.922488 39255 naive_actor.cpp:25] actor 2199023255651 switch to &NaiveActor::HandlerNormal
I20220210 13:01:33.922513 39255 thread.cpp:99] Thread 1048576 construct Actor kNormalForward 2199023255651
I20220210 13:01:33.922554 39255 runtime_context.cpp:29] DecreaseCounter constructing_actor_cnt, current val is 1639
I20220210 13:01:33.923575 39255 naive_actor.cpp:25] actor 2199023255629 switch to &NaiveActor::HandlerNormal
I20220210 13:01:33.923607 39255 thread.cpp:99] Thread 1048576 construct Actor kNormalForward 2199023255629
I20220210 13:01:33.923677 39255 runtime_context.cpp:29] DecreaseCounter constructing_actor_cnt, current val is 1638
I20220210 13:01:33.923930 39255 naive_actor.cpp:25] actor 2199023255557 switch to &NaiveActor::HandlerNormal
I20220210 13:01:33.923969 39255 thread.cpp:99] Thread 1048576 construct Actor kNormalForward 2199023255557
I20220210 13:01:33.924014 39255 runtime_context.cpp:29] DecreaseCounter constructing_actor_cnt, current val is 1637
I20220210 13:01:33.924276 39255 naive_actor.cpp:25] actor 2199023255654 switch to &NaiveActor::HandlerNormal
I20220210 13:01:33.924305 39255 thread.cpp:99] Thread 1048576 construct Actor kNormalForward 2199023255654
I20220210 13:01:33.924350 39255 runtime_context.cpp:29] DecreaseCounter constructing_actor_cnt, current val is 1636
I20220210 13:01:33.924597 39255 naive_actor.cpp:25] actor 2199023255684 switch to &NaiveActor::HandlerNormal
I20220210 13:01:33.924625 39255 thread.cpp:99] Thread 1048576 construct Actor kNormalForward 2199023255684
I20220210 13:01:33.924671 39255 runtime_context.cpp:29] DecreaseCounter constructing_actor_cnt, current val is 1635
I20220210 13:01:33.924911 39255 naive_actor.cpp:25] actor 2199023255611 switch to &NaiveActor::HandlerNormal
I20220210 13:01:33.924947 39255 thread.cpp:99] Thread 1048576 construct Actor kNormalForward 2199023255611
I20220210 13:01:33.924995 39255 runtime_context.cpp:29] DecreaseCounter constructing_actor_cnt, current val is 1634
I20220210 13:01:33.925241 39255 naive_actor.cpp:25] actor 2199023255618 switch to &NaiveActor::HandlerNormal
I20220210 13:01:33.925271 39255 thread.cpp:99] Thread 1048576 construct Actor kNormalForward 2199023255618
I20220210 13:01:33.925315 39255 runtime_context.cpp:29] DecreaseCounter constructing_actor_cnt, current val is 1633
I20220210 13:01:33.925570 39255 naive_actor.cpp:25] actor 2199023255652 switch to &NaiveActor::HandlerNormal
I20220210 13:01:33.925599 39255 thread.cpp:99] Thread 1048576 construct Actor kNormalForward 2199023255652
I20220210 13:01:33.925644 39255 runtime_context.cpp:29] DecreaseCounter constructing_actor_cnt, current val is 1632
I20220210 13:01:33.925868 39255 naive_actor.cpp:25] actor 2199023255658 switch to &NaiveActor::HandlerNormal
I20220210 13:01:33.925891 39255 thread.cpp:99] Thread 1048576 construct Actor kNormalForward 2199023255658
I20220210 13:01:33.925926 39255 runtime_context.cpp:29] DecreaseCounter constructing_actor_cnt, current val is 1631
I20220210 13:01:33.926759 39255 naive_actor.cpp:25] actor 2199023255614 switch to &NaiveActor::HandlerNormal
I20220210 13:01:33.926784 39255 thread.cpp:99] Thread 1048576 construct Actor kNormalForward 2199023255614
I20220210 13:01:33.926833 39255 runtime_context.cpp:29] DecreaseCounter constructing_actor_cnt, current val is 1630
I20220210 13:01:33.927269 39255 naive_actor.cpp:25] actor 2199023255622 switch to &NaiveActor::HandlerNormal
I20220210 13:01:33.927294 39255 thread.cpp:99] Thread 1048576 construct Actor kNormalForward 2199023255622
I20220210 13:01:33.927330 39255 runtime_context.cpp:29] DecreaseCounter constructing_actor_cnt, current val is 1629
