Log file created at: 2022/02/10 12:51:50
Running on machine: 3b2ab1d574b6
Running duration (h:mm:ss): 0:00:00
Log line format: [IWEF]yyyymmdd hh:mm:ss.uuuuuu threadid file:line] msg
I20220210 12:51:50.207605 33822 global.h:36] NewGlobal N7oneflow7EnvDescE
I20220210 12:51:50.207834 33822 global.h:36] NewGlobal N7oneflow10ProcessCtxE
I20220210 12:51:50.207854 33822 env_global_objects_scope.cpp:163] using rpc backend: local
I20220210 12:51:50.256834 33822 global.h:36] NewGlobal N7oneflow12ResourceDescE
I20220210 12:51:50.256861 33822 global.h:36] NewGlobal N7oneflow12ResourceDescE
I20220210 12:51:50.347398 33822 global.h:36] NewGlobal N7oneflow2ep21DeviceManagerRegistryE
I20220210 12:51:50.347483 33822 global.h:36] NewGlobal N7oneflow10ThreadPoolE
I20220210 12:51:50.350344 33822 global.h:36] NewGlobal N7oneflow16EagerNcclCommMgrE
I20220210 12:51:50.350373 33822 global.h:36] NewGlobal N7oneflow18CudnnConvAlgoCacheE
I20220210 12:51:50.350391 33822 global.h:36] NewGlobal N7oneflow2vm19VirtualMachineScopeE
I20220210 12:51:50.350414 33822 global.h:36] NewGlobal N7oneflow14VirtualMachineE
I20220210 12:51:50.351083 33822 virtual_machine.cpp:95] transport stream type: N7oneflow2vm13CpuStreamTypeE
I20220210 12:51:50.351115 33822 virtual_machine.cpp:95] transport stream type: N7oneflow2vm14CudaStreamTypeE
I20220210 12:51:50.351133 33822 virtual_machine.cpp:95] transport stream type: N7oneflow2vm19AsyncCudaStreamTypeE
I20220210 12:51:50.351522 33822 global.h:36] NewGlobal N7oneflow27EagerJobBuildAndInferCtxMgrE
I20220210 12:51:50.351553 33822 global.h:36] NewGlobal N7oneflow12EpollCommNetE
I20220210 12:51:50.351862 33822 epoll_comm_network.cpp:63] CommNet:Epoll listening on 0.0.0.0:37037
I20220210 12:51:50.351917 33822 epoll_comm_network.cpp:197] machine 0 sockfd -1
I20220210 12:51:50.352154 33822 global.h:36] NewGlobal N7oneflow9TransportE
I20220210 12:51:50.352277 33822 global.h:43] DeleteGlobal N7oneflow17ForeignLockHelperE
I20220210 12:51:50.352437 33822 global.h:36] NewGlobal N7oneflow25MultiClientSessionContextE
I20220210 12:51:56.914840 33822 version.cpp:22] OneFlow git version: cf2ce57
I20220210 12:51:56.914891 33822 cuda_device_manager_factory.cpp:63] CUDA runtime version: 10.2
I20220210 12:51:56.914912 33822 cuda_device_manager_factory.cpp:72] cuDNN version: 7.6.5
I20220210 12:51:56.914924 33822 cuda_device_manager_factory.cpp:85] NCCL version: 2.11.4
I20220210 12:51:56.914978 33822 global.h:43] DeleteGlobal N7oneflow12ResourceDescE
I20220210 12:51:56.914994 33822 global.h:36] NewGlobal N7oneflow12ResourceDescE
I20220210 12:51:56.915005 33822 global.h:36] NewGlobal N7oneflow5IDMgrE
I20220210 12:51:56.915019 33822 global.h:36] NewGlobal N7oneflow22TaskStreamIndexManagerE
I20220210 12:51:56.915030 33822 global.h:36] NewGlobal N7oneflow26LazyJobBuildAndInferCtxMgrE
I20220210 12:51:56.915041 33822 global.h:36] NewGlobal N7oneflow9BufferMgrISt10shared_ptrINS_11JobInstanceEEEE
I20220210 12:51:56.915050 33822 global.h:36] NewGlobal N7oneflow9BufferMgrISt10shared_ptrINS_23CriticalSectionInstanceEEEE
I20220210 12:51:56.915061 33822 global.h:36] NewGlobal N7oneflow10RuntimeCtxE
I20220210 12:51:56.915071 33822 global.h:36] NewGlobal N7oneflow15MemoryAllocatorE
I20220210 12:51:56.915081 33822 global.h:36] NewGlobal N7oneflow8ChunkMgrE
I20220210 12:51:56.915091 33822 global.h:36] NewGlobal N7oneflow8RegstMgrE
I20220210 12:51:56.915099 33822 global.h:36] NewGlobal N7oneflow11ActorMsgBusE
I20220210 12:51:56.915108 33822 global.h:36] NewGlobal N7oneflow9ThreadMgrE
I20220210 12:51:56.915118 33822 global.h:36] NewGlobal N7oneflow15RuntimeJobDescsE
I20220210 12:51:56.915127 33822 global.h:36] NewGlobal N7oneflow7summary12EventsWriterE
I20220210 12:51:56.915138 33822 global.h:36] NewGlobal N7oneflow6boxing10collective9SchedulerE
I20220210 12:51:57.000237 33822 global.h:36] NewGlobal N7oneflow7JobDescE
I20220210 12:51:57.528774 33822 global.h:43] DeleteGlobal N7oneflow7JobDescE
I20220210 12:51:57.528862 33822 global.h:36] NewGlobal N7oneflow7JobDescE
I20220210 12:51:57.542533 33822 global.h:36] NewGlobal N7oneflow7OpGraphE
I20220210 12:51:57.574152 33822 global.h:43] DeleteGlobal N7oneflow7OpGraphE
I20220210 12:51:57.697139 33822 auto_mixed_precision.cpp:146] Insert CastOp: model.backbone.layer3.4.conv2.weight-out-cast_f2h between model.backbone.layer3.4.conv2.weight/out
I20220210 12:51:57.697297 33822 auto_mixed_precision.cpp:146] Insert CastOp: model.backbone.layer3.12.conv2.weight-out-cast_f2h between model.backbone.layer3.12.conv2.weight/out
I20220210 12:51:57.697499 33822 auto_mixed_precision.cpp:146] Insert CastOp: model.backbone.layer3.0.conv1.weight-out-cast_f2h between model.backbone.layer3.0.conv1.weight/out
I20220210 12:51:57.697587 33822 auto_mixed_precision.cpp:146] Insert CastOp: model.backbone.layer3.13.conv2.weight-out-cast_f2h between model.backbone.layer3.13.conv2.weight/out
I20220210 12:51:57.697762 33822 auto_mixed_precision.cpp:146] Insert CastOp: model.backbone.layer3.1.conv1.weight-out-cast_f2h between model.backbone.layer3.1.conv1.weight/out
I20220210 12:51:57.697909 33822 auto_mixed_precision.cpp:146] Insert CastOp: model.backbone.layer1.2.conv2.weight-out-cast_f2h between model.backbone.layer1.2.conv2.weight/out
I20220210 12:51:57.698065 33822 auto_mixed_precision.cpp:146] Insert CastOp: model.backbone.layer3.0.conv2.weight-out-cast_f2h between model.backbone.layer3.0.conv2.weight/out
I20220210 12:51:57.698431 33822 auto_mixed_precision.cpp:146] Insert CastOp: model.backbone.layer2.1.conv2.weight-out-cast_f2h between model.backbone.layer2.1.conv2.weight/out
I20220210 12:51:57.698520 33822 auto_mixed_precision.cpp:146] Insert CastOp: model.backbone.layer2.3.conv2.weight-out-cast_f2h between model.backbone.layer2.3.conv2.weight/out
I20220210 12:51:57.698613 33822 auto_mixed_precision.cpp:146] Insert CastOp: model.backbone.layer3.9.conv1.weight-out-cast_f2h between model.backbone.layer3.9.conv1.weight/out
I20220210 12:51:57.698755 33822 auto_mixed_precision.cpp:146] Insert CastOp: model.backbone.layer1.0.downsample.0.weight-out-cast_f2h between model.backbone.layer1.0.downsample.0.weight/out
I20220210 12:51:57.698906 33822 auto_mixed_precision.cpp:146] Insert CastOp: model.backbone.layer3.8.conv2.weight-out-cast_f2h between model.backbone.layer3.8.conv2.weight/out
I20220210 12:51:57.699178 33822 auto_mixed_precision.cpp:146] Insert CastOp: model.backbone.layer2.0.conv2.weight-out-cast_f2h between model.backbone.layer2.0.conv2.weight/out
I20220210 12:51:57.699285 33822 auto_mixed_precision.cpp:146] Insert CastOp: model.fc-l2_normalize-185-y_0-cast_f2h between model.fc-l2_normalize-185/y_0
I20220210 12:51:57.700207 33822 auto_mixed_precision.cpp:146] Insert CastOp: model.backbone.fc.weight-out-cast_f2h between model.backbone.fc.weight/out
I20220210 12:51:57.700296 33822 auto_mixed_precision.cpp:146] Insert CastOp: model.backbone.layer3.12.conv1.weight-out-cast_f2h between model.backbone.layer3.12.conv1.weight/out
I20220210 12:51:57.700455 33822 auto_mixed_precision.cpp:146] Insert CastOp: model.backbone.layer2.1.conv1.weight-out-cast_f2h between model.backbone.layer2.1.conv1.weight/out
I20220210 12:51:57.700719 33822 auto_mixed_precision.cpp:146] Insert CastOp: model.backbone.layer4.0.downsample.0.weight-out-cast_f2h between model.backbone.layer4.0.downsample.0.weight/out
I20220210 12:51:57.701045 33822 auto_mixed_precision.cpp:146] Insert CastOp: model.backbone.layer4.2.conv1.weight-out-cast_f2h between model.backbone.layer4.2.conv1.weight/out
I20220210 12:51:57.701220 33822 auto_mixed_precision.cpp:146] Insert CastOp: model.backbone.conv1.weight-out-cast_f2h between model.backbone.conv1.weight/out
I20220210 12:51:57.701328 33822 auto_mixed_precision.cpp:146] Insert CastOp: model.backbone.layer3.10.conv1.weight-out-cast_f2h between model.backbone.layer3.10.conv1.weight/out
I20220210 12:51:57.701537 33822 auto_mixed_precision.cpp:146] Insert CastOp: model.backbone.layer2.2.conv1.weight-out-cast_f2h between model.backbone.layer2.2.conv1.weight/out
I20220210 12:51:57.701663 33822 auto_mixed_precision.cpp:146] Insert CastOp: model.backbone.layer3.5.conv2.weight-out-cast_f2h between model.backbone.layer3.5.conv2.weight/out
I20220210 12:51:57.701874 33822 auto_mixed_precision.cpp:146] Insert CastOp: model.backbone.layer1.1.conv2.weight-out-cast_f2h between model.backbone.layer1.1.conv2.weight/out
I20220210 12:51:57.701975 33822 auto_mixed_precision.cpp:146] Insert CastOp: model.backbone.layer3.11.conv2.weight-out-cast_f2h between model.backbone.layer3.11.conv2.weight/out
I20220210 12:51:57.702185 33822 auto_mixed_precision.cpp:146] Insert CastOp: model.backbone.layer3.7.conv2.weight-out-cast_f2h between model.backbone.layer3.7.conv2.weight/out
I20220210 12:51:57.702374 33822 auto_mixed_precision.cpp:146] Insert CastOp: model.fc-l2_normalize-184-y_0-cast_f2h between model.fc-l2_normalize-184/y_0
I20220210 12:51:57.702807 33822 auto_mixed_precision.cpp:146] Insert CastOp: model.backbone.layer4.0.conv1.weight-out-cast_f2h between model.backbone.layer4.0.conv1.weight/out
I20220210 12:51:57.703011 33822 auto_mixed_precision.cpp:146] Insert CastOp: model.backbone.layer3.7.conv1.weight-out-cast_f2h between model.backbone.layer3.7.conv1.weight/out
I20220210 12:51:57.703186 33822 auto_mixed_precision.cpp:146] Insert CastOp: model.backbone.layer3.3.conv1.weight-out-cast_f2h between model.backbone.layer3.3.conv1.weight/out
I20220210 12:51:57.703445 33822 auto_mixed_precision.cpp:146] Insert CastOp: model.backbone.layer3.11.conv1.weight-out-cast_f2h between model.backbone.layer3.11.conv1.weight/out
I20220210 12:51:57.703572 33822 auto_mixed_precision.cpp:146] Insert CastOp: model.backbone.layer2.0.downsample.0.weight-out-cast_f2h between model.backbone.layer2.0.downsample.0.weight/out
I20220210 12:51:57.703697 33822 auto_mixed_precision.cpp:146] Insert CastOp: model.backbone.layer4.0.conv2.weight-out-cast_f2h between model.backbone.layer4.0.conv2.weight/out
I20220210 12:51:57.703966 33822 auto_mixed_precision.cpp:146] Insert CastOp: model.backbone.layer1.1.conv1.weight-out-cast_f2h between model.backbone.layer1.1.conv1.weight/out
I20220210 12:51:57.704056 33822 auto_mixed_precision.cpp:146] Insert CastOp: model.backbone.layer2.2.conv2.weight-out-cast_f2h between model.backbone.layer2.2.conv2.weight/out
I20220210 12:51:57.704167 33822 auto_mixed_precision.cpp:146] Insert CastOp: model.backbone.layer4.1.conv1.weight-out-cast_f2h between model.backbone.layer4.1.conv1.weight/out
I20220210 12:51:57.704463 33822 auto_mixed_precision.cpp:146] Insert CastOp: model.backbone.layer4.2.conv2.weight-out-cast_f2h between model.backbone.layer4.2.conv2.weight/out
I20220210 12:51:57.704586 33822 auto_mixed_precision.cpp:146] Insert CastOp: model.backbone.layer3.6.conv1.weight-out-cast_f2h between model.backbone.layer3.6.conv1.weight/out
I20220210 12:51:57.704733 33822 auto_mixed_precision.cpp:146] Insert CastOp: model.backbone.layer3.3.conv2.weight-out-cast_f2h between model.backbone.layer3.3.conv2.weight/out
I20220210 12:51:57.704896 33822 auto_mixed_precision.cpp:146] Insert CastOp: model.backbone.layer3.10.conv2.weight-out-cast_f2h between model.backbone.layer3.10.conv2.weight/out
I20220210 12:51:57.705150 33822 auto_mixed_precision.cpp:146] Insert CastOp: model.backbone.layer1.0.conv2.weight-out-cast_f2h between model.backbone.layer1.0.conv2.weight/out
I20220210 12:51:57.705274 33822 auto_mixed_precision.cpp:146] Insert CastOp: model.backbone.layer3.1.conv2.weight-out-cast_f2h between model.backbone.layer3.1.conv2.weight/out
I20220210 12:51:57.705451 33822 auto_mixed_precision.cpp:146] Insert CastOp: model.backbone.layer3.0.downsample.0.weight-out-cast_f2h between model.backbone.layer3.0.downsample.0.weight/out
I20220210 12:51:57.705780 33822 auto_mixed_precision.cpp:146] Insert CastOp: model.backbone.layer4.1.conv2.weight-out-cast_f2h between model.backbone.layer4.1.conv2.weight/out
I20220210 12:51:57.706023 33822 auto_mixed_precision.cpp:146] Insert CastOp: model.backbone.layer3.9.conv2.weight-out-cast_f2h between model.backbone.layer3.9.conv2.weight/out
I20220210 12:51:57.706168 33822 auto_mixed_precision.cpp:146] Insert CastOp: model.backbone.layer3.13.conv1.weight-out-cast_f2h between model.backbone.layer3.13.conv1.weight/out
I20220210 12:51:57.706297 33822 auto_mixed_precision.cpp:146] Insert CastOp: model.backbone.layer3.6.conv2.weight-out-cast_f2h between model.backbone.layer3.6.conv2.weight/out
I20220210 12:51:57.706457 33822 auto_mixed_precision.cpp:146] Insert CastOp: data_loader.image-out-cast_f2h between data_loader.image/out
I20220210 12:51:57.706602 33822 auto_mixed_precision.cpp:146] Insert CastOp: model.backbone.layer3.8.conv1.weight-out-cast_f2h between model.backbone.layer3.8.conv1.weight/out
I20220210 12:51:57.706807 33822 auto_mixed_precision.cpp:146] Insert CastOp: model.backbone.layer2.3.conv1.weight-out-cast_f2h between model.backbone.layer2.3.conv1.weight/out
I20220210 12:51:57.706918 33822 auto_mixed_precision.cpp:146] Insert CastOp: model.backbone.layer1.0.conv1.weight-out-cast_f2h between model.backbone.layer1.0.conv1.weight/out
I20220210 12:51:57.707072 33822 auto_mixed_precision.cpp:146] Insert CastOp: model.backbone.layer3.2.conv2.weight-out-cast_f2h between model.backbone.layer3.2.conv2.weight/out
I20220210 12:51:57.707217 33822 auto_mixed_precision.cpp:146] Insert CastOp: model.backbone.layer1.2.conv1.weight-out-cast_f2h between model.backbone.layer1.2.conv1.weight/out
I20220210 12:51:57.707367 33822 auto_mixed_precision.cpp:146] Insert CastOp: model.backbone.layer3.2.conv1.weight-out-cast_f2h between model.backbone.layer3.2.conv1.weight/out
I20220210 12:51:57.707494 33822 auto_mixed_precision.cpp:146] Insert CastOp: model.backbone.layer2.0.conv1.weight-out-cast_f2h between model.backbone.layer2.0.conv1.weight/out
I20220210 12:51:57.707604 33822 auto_mixed_precision.cpp:146] Insert CastOp: model.backbone.layer3.4.conv1.weight-out-cast_f2h between model.backbone.layer3.4.conv1.weight/out
I20220210 12:51:57.707769 33822 auto_mixed_precision.cpp:146] Insert CastOp: model.backbone.layer3.5.conv1.weight-out-cast_f2h between model.backbone.layer3.5.conv1.weight/out
I20220210 12:51:57.708678 33822 auto_mixed_precision.cpp:146] Insert CastOp: model.backbone.fc-matmul-181-out_0-cast_h2f between model.backbone.fc-matmul-181/out_0
I20220210 12:51:57.708772 33822 auto_mixed_precision.cpp:146] Insert CastOp: model.fc-matmul-186-out_0-cast_h2f between model.fc-matmul-186/out_0
I20220210 12:51:59.966038 33822 global.h:43] DeleteGlobal N7oneflow7JobDescE
I20220210 12:52:00.185552 33822 global.h:36] NewGlobal N7oneflow7JobDescE
I20220210 12:52:02.861192 33822 global.h:36] NewGlobal N7oneflow7OpGraphE
I20220210 12:52:03.996707 33822 global.h:43] DeleteGlobal N7oneflow7OpGraphE
I20220210 12:52:04.132411 33822 nn_graph.cpp:225] 
job_id: 0 , job_name: TrainGraph_0 , compile time: 3.94661 seconds.
I20220210 12:52:04.753646 33822 plan_util.cpp:928]  Plan: TrainGraph_0 needs to allocate [ 1867.94 MiB ] device memory in Rank: 0 , Device: 0
I20220210 12:52:04.865562 33822 runtime_context.cpp:21] NewCounter constructing_actor_cnt 1742
I20220210 12:52:04.866729 34703 naive_actor.cpp:25] actor 1099536793600 switch to &NaiveActor::HandlerNormal
I20220210 12:52:04.866802 34703 thread.cpp:99] Thread 524300 construct Actor kDeviceTick 1099536793600
I20220210 12:52:04.866880 34710 wait_and_send_ids_actor.cpp:53] actor 1099631165440 switch to &WaitAndSendIdsActor::HandlerWaitToStart
I20220210 12:52:04.866909 34703 runtime_context.cpp:29] DecreaseCounter constructing_actor_cnt, current val is 1741
I20220210 12:52:04.866979 34710 thread.cpp:99] Thread 524345 construct Actor kWaitAndSendIds 1099631165440
I20220210 12:52:04.867166 34710 runtime_context.cpp:29] DecreaseCounter constructing_actor_cnt, current val is 1740
I20220210 12:52:04.876982 34690 naive_actor.cpp:25] actor 2199023257258 switch to &NaiveActor::HandlerNormal
I20220210 12:52:04.877027 34690 thread.cpp:99] Thread 1048576 construct Actor kDeviceTick 2199023257258
I20220210 12:52:04.877126 34690 runtime_context.cpp:29] DecreaseCounter constructing_actor_cnt, current val is 1739
I20220210 12:52:04.877389 34690 naive_actor.cpp:25] actor 2199023257260 switch to &NaiveActor::HandlerNormal
I20220210 12:52:04.877425 34690 thread.cpp:99] Thread 1048576 construct Actor kDeviceTick 2199023257260
I20220210 12:52:04.877488 34690 runtime_context.cpp:29] DecreaseCounter constructing_actor_cnt, current val is 1738
I20220210 12:52:04.948877 34690 naive_actor.cpp:25] actor 2199023255599 switch to &NaiveActor::HandlerNormal
I20220210 12:52:04.948915 34690 thread.cpp:99] Thread 1048576 construct Actor kNormalForward 2199023255599
I20220210 12:52:04.949033 34690 runtime_context.cpp:29] DecreaseCounter constructing_actor_cnt, current val is 1737
I20220210 12:52:04.949580 34706 naive_actor.cpp:25] actor 2199027449856 switch to &NaiveActor::HandlerNormal
I20220210 12:52:04.949625 34706 thread.cpp:99] Thread 1048578 construct Actor kCopyHd 2199027449856
I20220210 12:52:04.949690 34706 runtime_context.cpp:29] DecreaseCounter constructing_actor_cnt, current val is 1736
I20220210 12:52:04.949821 34714 naive_actor.cpp:25] actor 2199025352704 switch to &NaiveActor::HandlerNormal
I20220210 12:52:04.949893 34714 thread.cpp:99] Thread 1048577 construct Actor kCopyHd 2199025352704
I20220210 12:52:04.949982 34714 runtime_context.cpp:29] DecreaseCounter constructing_actor_cnt, current val is 1735
I20220210 12:52:04.950623 34711 naive_actor.cpp:25] actor 1099534696448 switch to &NaiveActor::HandlerNormal
I20220210 12:52:04.950646 34690 naive_actor.cpp:25] actor 2199023255565 switch to &NaiveActor::HandlerNormal
I20220210 12:52:04.950649 34714 naive_actor.cpp:25] actor 2199025352706 switch to &NaiveActor::HandlerNormal
I20220210 12:52:04.950685 34711 thread.cpp:99] Thread 524299 construct Actor kDeviceTick 1099534696448
I20220210 12:52:04.950733 34690 thread.cpp:99] Thread 1048576 construct Actor kNormalForward 2199023255565
I20220210 12:52:04.950737 34701 naive_actor.cpp:25] actor 1099629068289 switch to &NaiveActor::HandlerNormal
I20220210 12:52:04.950778 34714 thread.cpp:99] Thread 1048577 construct Actor kCopyHd 2199025352706
I20220210 12:52:04.950898 34690 runtime_context.cpp:29] DecreaseCounter constructing_actor_cnt, current val is 1733
I20220210 12:52:04.950769 34692 naive_actor.cpp:25] actor 1099511627776 switch to &NaiveActor::HandlerNormal
I20220210 12:52:04.950893 34701 thread.cpp:99] Thread 524344 construct Actor kTick 1099629068289
I20220210 12:52:04.951004 34692 thread.cpp:99] Thread 524288 construct Actor kNormalForward 1099511627776
I20220210 12:52:04.950860 34711 runtime_context.cpp:29] DecreaseCounter constructing_actor_cnt, current val is 1734
I20220210 12:52:04.950955 34704 naive_actor.cpp:25] actor 1099532599296 switch to &NaiveActor::HandlerNormal
I20220210 12:52:04.951102 34699 naive_actor.cpp:25] actor 1099515822080 switch to &NaiveActor::HandlerNormal
I20220210 12:52:04.950961 34714 runtime_context.cpp:29] DecreaseCounter constructing_actor_cnt, current val is 1732
I20220210 12:52:04.951072 34701 runtime_context.cpp:29] DecreaseCounter constructing_actor_cnt, current val is 1731
I20220210 12:52:04.951020 34709 sink_actor.cpp:21] actor 1099633262592 switch to &SinkActor::HandlerNormal
I20220210 12:52:04.951081 34693 naive_actor.cpp:25] actor 1099513724928 switch to &NaiveActor::HandlerNormal
I20220210 12:52:04.951001 34697 naive_actor.cpp:25] actor 1099520016384 switch to &NaiveActor::HandlerNormal
I20220210 12:52:04.951103 34692 runtime_context.cpp:29] DecreaseCounter constructing_actor_cnt, current val is 1730
I20220210 12:52:04.951129 34704 thread.cpp:99] Thread 524298 construct Actor kNormalForward 1099532599296
I20220210 12:52:04.951166 34699 thread.cpp:99] Thread 524290 construct Actor kNormalForward 1099515822080
I20220210 12:52:04.951236 34696 naive_actor.cpp:25] actor 1099528404992 switch to &NaiveActor::HandlerNormal
I20220210 12:52:04.951284 34709 thread.cpp:99] Thread 524346 construct Actor kCallbackNotify 1099633262592
I20220210 12:52:04.951546 34699 runtime_context.cpp:29] DecreaseCounter constructing_actor_cnt, current val is 1728
I20220210 12:52:04.951294 34698 naive_actor.cpp:25] actor 1099522113536 switch to &NaiveActor::HandlerNormal
I20220210 12:52:04.951391 34697 thread.cpp:99] Thread 524292 construct Actor kNormalForward 1099520016384
I20220210 12:52:04.951632 34709 runtime_context.cpp:29] DecreaseCounter constructing_actor_cnt, current val is 1727
I20220210 12:52:04.951663 34714 naive_actor.cpp:25] actor 2199025352705 switch to &NaiveActor::HandlerNormal
I20220210 12:52:04.951705 34697 runtime_context.cpp:29] DecreaseCounter constructing_actor_cnt, current val is 1726
I20220210 12:52:04.951718 34714 thread.cpp:99] Thread 1048577 construct Actor kCopyHd 2199025352705
I20220210 12:52:04.951632 34698 thread.cpp:99] Thread 524293 construct Actor kNormalForward 1099522113536
I20220210 12:52:04.951539 34696 thread.cpp:99] Thread 524296 construct Actor kNormalForward 1099528404992
I20220210 12:52:04.951347 34693 thread.cpp:99] Thread 524289 construct Actor kNormalForward 1099513724928
I20220210 12:52:04.951866 34696 runtime_context.cpp:29] DecreaseCounter constructing_actor_cnt, current val is 1723
I20220210 12:52:04.951792 34714 runtime_context.cpp:29] DecreaseCounter constructing_actor_cnt, current val is 1725
I20220210 12:52:04.951506 34704 runtime_context.cpp:29] DecreaseCounter constructing_actor_cnt, current val is 1729
I20220210 12:52:04.951864 34698 runtime_context.cpp:29] DecreaseCounter constructing_actor_cnt, current val is 1724
I20220210 12:52:04.951931 34693 runtime_context.cpp:29] DecreaseCounter constructing_actor_cnt, current val is 1722
I20220210 12:52:04.952023 34691 naive_actor.cpp:25] actor 1099517919232 switch to &NaiveActor::HandlerNormal
I20220210 12:52:04.952100 34691 thread.cpp:99] Thread 524291 construct Actor kNormalForward 1099517919232
I20220210 12:52:04.952104 34694 naive_actor.cpp:25] actor 1099524210688 switch to &NaiveActor::HandlerNormal
I20220210 12:52:04.952144 34712 naive_actor.cpp:25] actor 1099637456896 switch to &NaiveActor::HandlerNormal
I20220210 12:52:04.952179 34700 naive_actor.cpp:25] actor 1099530502144 switch to &NaiveActor::HandlerNormal
I20220210 12:52:04.952186 34695 naive_actor.cpp:25] actor 1099526307840 switch to &NaiveActor::HandlerNormal
I20220210 12:52:04.952191 34694 thread.cpp:99] Thread 524294 construct Actor kNormalForward 1099524210688
I20220210 12:52:04.952330 34707 naive_actor.cpp:25] actor 1099635359744 switch to &NaiveActor::HandlerNormal
I20220210 12:52:04.952240 34712 thread.cpp:99] Thread 524348 construct Actor kCriticalSectionWaitTick 1099637456896
I20220210 12:52:04.952407 34694 runtime_context.cpp:29] DecreaseCounter constructing_actor_cnt, current val is 1720
I20220210 12:52:04.952422 34701 naive_actor.cpp:25] actor 1099629068290 switch to &NaiveActor::HandlerNormal
I20220210 12:52:04.952332 34695 thread.cpp:99] Thread 524295 construct Actor kNormalForward 1099526307840
I20220210 12:52:04.952473 34701 thread.cpp:99] Thread 524344 construct Actor kDstSubsetTick 1099629068290
I20220210 12:52:04.952204 34691 runtime_context.cpp:29] DecreaseCounter constructing_actor_cnt, current val is 1721
I20220210 12:52:04.952412 34702 naive_actor.cpp:25] actor 1099540987904 switch to &NaiveActor::HandlerNormal
I20220210 12:52:04.952560 34695 runtime_context.cpp:29] DecreaseCounter constructing_actor_cnt, current val is 1718
I20220210 12:52:04.952577 34702 thread.cpp:99] Thread 524302 construct Actor kNormalForward 1099540987904
I20220210 12:52:04.952323 34708 naive_actor.cpp:25] actor 1099538890752 switch to &NaiveActor::HandlerNormal
I20220210 12:52:04.952399 34707 thread.cpp:99] Thread 524347 construct Actor kCriticalSectionWaitTick 1099635359744
I20220210 12:52:04.952643 34708 thread.cpp:99] Thread 524301 construct Actor kNormalForward 1099538890752
I20220210 12:52:04.952291 34700 thread.cpp:99] Thread 524297 construct Actor kNormalForward 1099530502144
I20220210 12:52:04.952476 34712 runtime_context.cpp:29] DecreaseCounter constructing_actor_cnt, current val is 1719
I20220210 12:52:04.952728 34707 runtime_context.cpp:29] DecreaseCounter constructing_actor_cnt, current val is 1715
I20220210 12:52:04.952742 34708 runtime_context.cpp:29] DecreaseCounter constructing_actor_cnt, current val is 1714
I20220210 12:52:04.952766 34700 runtime_context.cpp:29] DecreaseCounter constructing_actor_cnt, current val is 1713
I20220210 12:52:04.952654 34702 runtime_context.cpp:29] DecreaseCounter constructing_actor_cnt, current val is 1716
I20220210 12:52:04.952569 34701 runtime_context.cpp:29] DecreaseCounter constructing_actor_cnt, current val is 1717
I20220210 12:52:04.953168 34701 naive_actor.cpp:25] actor 1099629068288 switch to &NaiveActor::HandlerNormal
I20220210 12:52:04.953207 34701 thread.cpp:99] Thread 524344 construct Actor kSrcSubsetTick 1099629068288
I20220210 12:52:04.953269 34701 runtime_context.cpp:29] DecreaseCounter constructing_actor_cnt, current val is 1712
I20220210 12:52:04.953606 34690 naive_actor.cpp:25] actor 2199023255593 switch to &NaiveActor::HandlerNormal
I20220210 12:52:04.953613 34701 naive_actor.cpp:25] actor 1099629068294 switch to &NaiveActor::HandlerNormal
I20220210 12:52:04.953670 34690 thread.cpp:99] Thread 1048576 construct Actor kNormalForward 2199023255593
I20220210 12:52:04.953707 34701 thread.cpp:99] Thread 524344 construct Actor kSrcSubsetTick 1099629068294
I20220210 12:52:04.953801 34701 runtime_context.cpp:29] DecreaseCounter constructing_actor_cnt, current val is 1711
I20220210 12:52:04.953819 34690 runtime_context.cpp:29] DecreaseCounter constructing_actor_cnt, current val is 1710
I20220210 12:52:04.954150 34701 naive_actor.cpp:25] actor 1099629068295 switch to &NaiveActor::HandlerNormal
I20220210 12:52:04.954188 34701 thread.cpp:99] Thread 524344 construct Actor kDstSubsetTick 1099629068295
I20220210 12:52:04.954216 34690 naive_actor.cpp:25] actor 2199023255605 switch to &NaiveActor::HandlerNormal
I20220210 12:52:04.954246 34701 runtime_context.cpp:29] DecreaseCounter constructing_actor_cnt, current val is 1709
I20220210 12:52:04.954269 34690 thread.cpp:99] Thread 1048576 construct Actor kNormalForward 2199023255605
I20220210 12:52:04.954339 34690 runtime_context.cpp:29] DecreaseCounter constructing_actor_cnt, current val is 1708
I20220210 12:52:04.954589 34701 naive_actor.cpp:25] actor 1099629068292 switch to &NaiveActor::HandlerNormal
I20220210 12:52:04.954627 34701 thread.cpp:99] Thread 524344 construct Actor kTick 1099629068292
I20220210 12:52:04.954686 34701 runtime_context.cpp:29] DecreaseCounter constructing_actor_cnt, current val is 1707
I20220210 12:52:04.954699 34690 naive_actor.cpp:25] actor 2199023255582 switch to &NaiveActor::HandlerNormal
I20220210 12:52:04.954741 34690 thread.cpp:99] Thread 1048576 construct Actor kNormalForward 2199023255582
I20220210 12:52:04.954807 34690 runtime_context.cpp:29] DecreaseCounter constructing_actor_cnt, current val is 1706
I20220210 12:52:04.955060 34701 naive_actor.cpp:25] actor 1099629068297 switch to &NaiveActor::HandlerNormal
I20220210 12:52:04.955097 34701 thread.cpp:99] Thread 524344 construct Actor kDstSubsetTick 1099629068297
I20220210 12:52:04.955157 34701 runtime_context.cpp:29] DecreaseCounter constructing_actor_cnt, current val is 1705
I20220210 12:52:04.955193 34690 naive_actor.cpp:25] actor 2199023255587 switch to &NaiveActor::HandlerNormal
I20220210 12:52:04.955235 34690 thread.cpp:99] Thread 1048576 construct Actor kNormalForward 2199023255587
I20220210 12:52:04.955299 34690 runtime_context.cpp:29] DecreaseCounter constructing_actor_cnt, current val is 1704
I20220210 12:52:04.955489 34701 naive_actor.cpp:25] actor 1099629068293 switch to &NaiveActor::HandlerNormal
I20220210 12:52:04.955528 34701 thread.cpp:99] Thread 524344 construct Actor kTick 1099629068293
I20220210 12:52:04.955585 34701 runtime_context.cpp:29] DecreaseCounter constructing_actor_cnt, current val is 1703
I20220210 12:52:04.955650 34690 naive_actor.cpp:25] actor 2199023255589 switch to &NaiveActor::HandlerNormal
I20220210 12:52:04.955693 34690 thread.cpp:99] Thread 1048576 construct Actor kNormalForward 2199023255589
I20220210 12:52:04.955757 34690 runtime_context.cpp:29] DecreaseCounter constructing_actor_cnt, current val is 1702
I20220210 12:52:04.955905 34701 naive_actor.cpp:25] actor 1099629068296 switch to &NaiveActor::HandlerNormal
I20220210 12:52:04.955953 34701 thread.cpp:99] Thread 524344 construct Actor kSrcSubsetTick 1099629068296
I20220210 12:52:04.956012 34701 runtime_context.cpp:29] DecreaseCounter constructing_actor_cnt, current val is 1701
I20220210 12:52:04.956123 34690 naive_actor.cpp:25] actor 2199023255597 switch to &NaiveActor::HandlerNormal
I20220210 12:52:04.956174 34690 thread.cpp:99] Thread 1048576 construct Actor kNormalForward 2199023255597
I20220210 12:52:04.956241 34690 runtime_context.cpp:29] DecreaseCounter constructing_actor_cnt, current val is 1700
I20220210 12:52:04.956338 34701 naive_actor.cpp:25] actor 1099629068291 switch to &NaiveActor::HandlerNormal
I20220210 12:52:04.956377 34701 thread.cpp:99] Thread 524344 construct Actor kTick 1099629068291
I20220210 12:52:04.956434 34701 runtime_context.cpp:29] DecreaseCounter constructing_actor_cnt, current val is 1699
I20220210 12:52:04.956574 34690 naive_actor.cpp:25] actor 2199023255553 switch to &NaiveActor::HandlerNormal
I20220210 12:52:04.956616 34690 thread.cpp:99] Thread 1048576 construct Actor kNormalForward 2199023255553
I20220210 12:52:04.956681 34690 runtime_context.cpp:29] DecreaseCounter constructing_actor_cnt, current val is 1698
I20220210 12:52:04.957020 34690 naive_actor.cpp:25] actor 2199023255556 switch to &NaiveActor::HandlerNormal
I20220210 12:52:04.957062 34690 thread.cpp:99] Thread 1048576 construct Actor kNormalForward 2199023255556
I20220210 12:52:04.957141 34690 runtime_context.cpp:29] DecreaseCounter constructing_actor_cnt, current val is 1697
I20220210 12:52:04.957479 34690 naive_actor.cpp:25] actor 2199023255571 switch to &NaiveActor::HandlerNormal
I20220210 12:52:04.957520 34690 thread.cpp:99] Thread 1048576 construct Actor kNormalForward 2199023255571
I20220210 12:52:04.957585 34690 runtime_context.cpp:29] DecreaseCounter constructing_actor_cnt, current val is 1696
I20220210 12:52:04.957918 34690 naive_actor.cpp:25] actor 2199023255612 switch to &NaiveActor::HandlerNormal
I20220210 12:52:04.957970 34690 thread.cpp:99] Thread 1048576 construct Actor kNormalForward 2199023255612
I20220210 12:52:04.958034 34690 runtime_context.cpp:29] DecreaseCounter constructing_actor_cnt, current val is 1695
I20220210 12:52:04.958390 34690 naive_actor.cpp:25] actor 2199023255580 switch to &NaiveActor::HandlerNormal
I20220210 12:52:04.958431 34690 thread.cpp:99] Thread 1048576 construct Actor kNormalForward 2199023255580
I20220210 12:52:04.958495 34690 runtime_context.cpp:29] DecreaseCounter constructing_actor_cnt, current val is 1694
I20220210 12:52:04.958827 34690 naive_actor.cpp:25] actor 2199023255572 switch to &NaiveActor::HandlerNormal
I20220210 12:52:04.958868 34690 thread.cpp:99] Thread 1048576 construct Actor kNormalForward 2199023255572
I20220210 12:52:04.958932 34690 runtime_context.cpp:29] DecreaseCounter constructing_actor_cnt, current val is 1693
I20220210 12:52:04.959743 34690 naive_actor.cpp:25] actor 2199023255601 switch to &NaiveActor::HandlerNormal
I20220210 12:52:04.959784 34690 thread.cpp:99] Thread 1048576 construct Actor kNormalForward 2199023255601
I20220210 12:52:04.959847 34690 runtime_context.cpp:29] DecreaseCounter constructing_actor_cnt, current val is 1692
I20220210 12:52:04.960177 34690 naive_actor.cpp:25] actor 2199023255557 switch to &NaiveActor::HandlerNormal
I20220210 12:52:04.960216 34690 thread.cpp:99] Thread 1048576 construct Actor kNormalForward 2199023255557
I20220210 12:52:04.960276 34690 runtime_context.cpp:29] DecreaseCounter constructing_actor_cnt, current val is 1691
I20220210 12:52:04.960611 34690 naive_actor.cpp:25] actor 2199023255602 switch to &NaiveActor::HandlerNormal
I20220210 12:52:04.960649 34690 thread.cpp:99] Thread 1048576 construct Actor kNormalForward 2199023255602
I20220210 12:52:04.960709 34690 runtime_context.cpp:29] DecreaseCounter constructing_actor_cnt, current val is 1690
I20220210 12:52:04.961040 34690 naive_actor.cpp:25] actor 2199023255567 switch to &NaiveActor::HandlerNormal
I20220210 12:52:04.961078 34690 thread.cpp:99] Thread 1048576 construct Actor kNormalForward 2199023255567
I20220210 12:52:04.961138 34690 runtime_context.cpp:29] DecreaseCounter constructing_actor_cnt, current val is 1689
I20220210 12:52:04.961452 34690 naive_actor.cpp:25] actor 2199023255577 switch to &NaiveActor::HandlerNormal
I20220210 12:52:04.961489 34690 thread.cpp:99] Thread 1048576 construct Actor kNormalForward 2199023255577
I20220210 12:52:04.961555 34690 runtime_context.cpp:29] DecreaseCounter constructing_actor_cnt, current val is 1688
I20220210 12:52:04.961865 34690 naive_actor.cpp:25] actor 2199023255604 switch to &NaiveActor::HandlerNormal
I20220210 12:52:04.961903 34690 thread.cpp:99] Thread 1048576 construct Actor kNormalForward 2199023255604
I20220210 12:52:04.961978 34690 runtime_context.cpp:29] DecreaseCounter constructing_actor_cnt, current val is 1687
I20220210 12:52:04.962764 34690 naive_actor.cpp:25] actor 2199023255561 switch to &NaiveActor::HandlerNormal
I20220210 12:52:04.962805 34690 thread.cpp:99] Thread 1048576 construct Actor kNormalForward 2199023255561
I20220210 12:52:04.962869 34690 runtime_context.cpp:29] DecreaseCounter constructing_actor_cnt, current val is 1686
I20220210 12:52:04.963212 34690 naive_actor.cpp:25] actor 2199023255579 switch to &NaiveActor::HandlerNormal
I20220210 12:52:04.963251 34690 thread.cpp:99] Thread 1048576 construct Actor kNormalForward 2199023255579
I20220210 12:52:04.963317 34690 runtime_context.cpp:29] DecreaseCounter constructing_actor_cnt, current val is 1685
I20220210 12:52:04.963639 34690 naive_actor.cpp:25] actor 2199023255584 switch to &NaiveActor::HandlerNormal
I20220210 12:52:04.963677 34690 thread.cpp:99] Thread 1048576 construct Actor kNormalForward 2199023255584
I20220210 12:52:04.963737 34690 runtime_context.cpp:29] DecreaseCounter constructing_actor_cnt, current val is 1684
I20220210 12:52:04.964761 34690 naive_actor.cpp:25] actor 2199023255583 switch to &NaiveActor::HandlerNormal
I20220210 12:52:04.964803 34690 thread.cpp:99] Thread 1048576 construct Actor kNormalForward 2199023255583
I20220210 12:52:04.964876 34690 runtime_context.cpp:29] DecreaseCounter constructing_actor_cnt, current val is 1683
I20220210 12:52:04.965667 34690 naive_actor.cpp:25] actor 2199023255574 switch to &NaiveActor::HandlerNormal
I20220210 12:52:04.965708 34690 thread.cpp:99] Thread 1048576 construct Actor kNormalForward 2199023255574
I20220210 12:52:04.965771 34690 runtime_context.cpp:29] DecreaseCounter constructing_actor_cnt, current val is 1682
I20220210 12:52:04.966105 34690 naive_actor.cpp:25] actor 2199023255570 switch to &NaiveActor::HandlerNormal
I20220210 12:52:04.966143 34690 thread.cpp:99] Thread 1048576 construct Actor kNormalForward 2199023255570
I20220210 12:52:04.966212 34690 runtime_context.cpp:29] DecreaseCounter constructing_actor_cnt, current val is 1681
I20220210 12:52:04.966547 34690 naive_actor.cpp:25] actor 2199023255569 switch to &NaiveActor::HandlerNormal
I20220210 12:52:04.966585 34690 thread.cpp:99] Thread 1048576 construct Actor kNormalForward 2199023255569
I20220210 12:52:04.966645 34690 runtime_context.cpp:29] DecreaseCounter constructing_actor_cnt, current val is 1680
I20220210 12:52:04.966964 34690 naive_actor.cpp:25] actor 2199023255585 switch to &NaiveActor::HandlerNormal
I20220210 12:52:04.967003 34690 thread.cpp:99] Thread 1048576 construct Actor kNormalForward 2199023255585
I20220210 12:52:04.967062 34690 runtime_context.cpp:29] DecreaseCounter constructing_actor_cnt, current val is 1679
I20220210 12:52:04.967458 34690 naive_actor.cpp:25] actor 2199023255594 switch to &NaiveActor::HandlerNormal
I20220210 12:52:04.967496 34690 thread.cpp:99] Thread 1048576 construct Actor kNormalForward 2199023255594
I20220210 12:52:04.967556 34690 runtime_context.cpp:29] DecreaseCounter constructing_actor_cnt, current val is 1678
I20220210 12:52:04.967880 34690 naive_actor.cpp:25] actor 2199023255558 switch to &NaiveActor::HandlerNormal
I20220210 12:52:04.967917 34690 thread.cpp:99] Thread 1048576 construct Actor kNormalForward 2199023255558
I20220210 12:52:04.967988 34690 runtime_context.cpp:29] DecreaseCounter constructing_actor_cnt, current val is 1677
I20220210 12:52:04.968317 34690 naive_actor.cpp:25] actor 2199023255552 switch to &NaiveActor::HandlerNormal
I20220210 12:52:04.968356 34690 thread.cpp:99] Thread 1048576 construct Actor kNormalForward 2199023255552
I20220210 12:52:04.968416 34690 runtime_context.cpp:29] DecreaseCounter constructing_actor_cnt, current val is 1676
I20220210 12:52:04.968752 34690 naive_actor.cpp:25] actor 2199023255559 switch to &NaiveActor::HandlerNormal
I20220210 12:52:04.968791 34690 thread.cpp:99] Thread 1048576 construct Actor kNormalForward 2199023255559
I20220210 12:52:04.968850 34690 runtime_context.cpp:29] DecreaseCounter constructing_actor_cnt, current val is 1675
I20220210 12:52:04.970386 34690 naive_actor.cpp:25] actor 2199023255608 switch to &NaiveActor::HandlerNormal
I20220210 12:52:04.970428 34690 thread.cpp:99] Thread 1048576 construct Actor kNormalForward 2199023255608
I20220210 12:52:04.970515 34690 runtime_context.cpp:29] DecreaseCounter constructing_actor_cnt, current val is 1674
I20220210 12:52:04.970824 34690 naive_actor.cpp:25] actor 2199023255578 switch to &NaiveActor::HandlerNormal
I20220210 12:52:04.970860 34690 thread.cpp:99] Thread 1048576 construct Actor kNormalForward 2199023255578
I20220210 12:52:04.970917 34690 runtime_context.cpp:29] DecreaseCounter constructing_actor_cnt, current val is 1673
I20220210 12:52:04.971882 34690 naive_actor.cpp:25] actor 2199023255615 switch to &NaiveActor::HandlerNormal
I20220210 12:52:04.971922 34690 thread.cpp:99] Thread 1048576 construct Actor kNormalForward 2199023255615
I20220210 12:52:04.972000 34690 runtime_context.cpp:29] DecreaseCounter constructing_actor_cnt, current val is 1672
I20220210 12:52:04.972321 34690 naive_actor.cpp:25] actor 2199023255564 switch to &NaiveActor::HandlerNormal
I20220210 12:52:04.972358 34690 thread.cpp:99] Thread 1048576 construct Actor kNormalForward 2199023255564
I20220210 12:52:04.972416 34690 runtime_context.cpp:29] DecreaseCounter constructing_actor_cnt, current val is 1671
I20220210 12:52:04.972719 34690 naive_actor.cpp:25] actor 2199023255575 switch to &NaiveActor::HandlerNormal
I20220210 12:52:04.972756 34690 thread.cpp:99] Thread 1048576 construct Actor kNormalForward 2199023255575
I20220210 12:52:04.972812 34690 runtime_context.cpp:29] DecreaseCounter constructing_actor_cnt, current val is 1670
I20220210 12:52:04.973125 34690 naive_actor.cpp:25] actor 2199023255563 switch to &NaiveActor::HandlerNormal
I20220210 12:52:04.973161 34690 thread.cpp:99] Thread 1048576 construct Actor kNormalForward 2199023255563
I20220210 12:52:04.973217 34690 runtime_context.cpp:29] DecreaseCounter constructing_actor_cnt, current val is 1669
I20220210 12:52:04.974594 34690 naive_actor.cpp:25] actor 2199023255620 switch to &NaiveActor::HandlerNormal
I20220210 12:52:04.974637 34690 thread.cpp:99] Thread 1048576 construct Actor kNormalForward 2199023255620
I20220210 12:52:04.974720 34690 runtime_context.cpp:29] DecreaseCounter constructing_actor_cnt, current val is 1668
I20220210 12:52:04.975064 34690 naive_actor.cpp:25] actor 2199023255592 switch to &NaiveActor::HandlerNormal
I20220210 12:52:04.975100 34690 thread.cpp:99] Thread 1048576 construct Actor kNormalForward 2199023255592
I20220210 12:52:04.975157 34690 runtime_context.cpp:29] DecreaseCounter constructing_actor_cnt, current val is 1667
I20220210 12:52:04.975461 34690 naive_actor.cpp:25] actor 2199023255562 switch to &NaiveActor::HandlerNormal
I20220210 12:52:04.975495 34690 thread.cpp:99] Thread 1048576 construct Actor kNormalForward 2199023255562
I20220210 12:52:04.975551 34690 runtime_context.cpp:29] DecreaseCounter constructing_actor_cnt, current val is 1666
I20220210 12:52:04.975867 34690 naive_actor.cpp:25] actor 2199023255598 switch to &NaiveActor::HandlerNormal
I20220210 12:52:04.975903 34690 thread.cpp:99] Thread 1048576 construct Actor kNormalForward 2199023255598
I20220210 12:52:04.975968 34690 runtime_context.cpp:29] DecreaseCounter constructing_actor_cnt, current val is 1665
I20220210 12:52:04.976266 34690 naive_actor.cpp:25] actor 2199023255586 switch to &NaiveActor::HandlerNormal
I20220210 12:52:04.976302 34690 thread.cpp:99] Thread 1048576 construct Actor kNormalForward 2199023255586
I20220210 12:52:04.976358 34690 runtime_context.cpp:29] DecreaseCounter constructing_actor_cnt, current val is 1664
I20220210 12:52:04.977725 34690 naive_actor.cpp:25] actor 2199023255600 switch to &NaiveActor::HandlerNormal
I20220210 12:52:04.977773 34690 thread.cpp:99] Thread 1048576 construct Actor kNormalForward 2199023255600
I20220210 12:52:04.977856 34690 runtime_context.cpp:29] DecreaseCounter constructing_actor_cnt, current val is 1663
I20220210 12:52:04.978191 34690 naive_actor.cpp:25] actor 2199023255596 switch to &NaiveActor::HandlerNormal
I20220210 12:52:04.978228 34690 thread.cpp:99] Thread 1048576 construct Actor kNormalForward 2199023255596
I20220210 12:52:04.978286 34690 runtime_context.cpp:29] DecreaseCounter constructing_actor_cnt, current val is 1662
I20220210 12:52:04.979254 34690 naive_actor.cpp:25] actor 2199023255555 switch to &NaiveActor::HandlerNormal
I20220210 12:52:04.979290 34690 thread.cpp:99] Thread 1048576 construct Actor kNormalForward 2199023255555
I20220210 12:52:04.979362 34690 runtime_context.cpp:29] DecreaseCounter constructing_actor_cnt, current val is 1661
I20220210 12:52:04.980255 34690 naive_actor.cpp:25] actor 2199023255603 switch to &NaiveActor::HandlerNormal
I20220210 12:52:04.980293 34690 thread.cpp:99] Thread 1048576 construct Actor kNormalForward 2199023255603
I20220210 12:52:04.980355 34690 runtime_context.cpp:29] DecreaseCounter constructing_actor_cnt, current val is 1660
I20220210 12:52:04.981671 34690 naive_actor.cpp:25] actor 2199023255566 switch to &NaiveActor::HandlerNormal
I20220210 12:52:04.981710 34690 thread.cpp:99] Thread 1048576 construct Actor kNormalForward 2199023255566
I20220210 12:52:04.981786 34690 runtime_context.cpp:29] DecreaseCounter constructing_actor_cnt, current val is 1659
I20220210 12:52:04.983115 34690 naive_actor.cpp:25] actor 2199023255573 switch to &NaiveActor::HandlerNormal
I20220210 12:52:04.983153 34690 thread.cpp:99] Thread 1048576 construct Actor kNormalForward 2199023255573
I20220210 12:52:04.983229 34690 runtime_context.cpp:29] DecreaseCounter constructing_actor_cnt, current val is 1658
I20220210 12:52:04.983538 34690 naive_actor.cpp:25] actor 2199023255591 switch to &NaiveActor::HandlerNormal
I20220210 12:52:04.983572 34690 thread.cpp:99] Thread 1048576 construct Actor kNormalForward 2199023255591
I20220210 12:52:04.983626 34690 runtime_context.cpp:29] DecreaseCounter constructing_actor_cnt, current val is 1657
I20220210 12:52:04.983916 34690 naive_actor.cpp:25] actor 2199023255607 switch to &NaiveActor::HandlerNormal
I20220210 12:52:04.983959 34690 thread.cpp:99] Thread 1048576 construct Actor kNormalForward 2199023255607
I20220210 12:52:04.984016 34690 runtime_context.cpp:29] DecreaseCounter constructing_actor_cnt, current val is 1656
I20220210 12:52:04.984302 34690 naive_actor.cpp:25] actor 2199023255647 switch to &NaiveActor::HandlerNormal
I20220210 12:52:04.984335 34690 thread.cpp:99] Thread 1048576 construct Actor kNormalForward 2199023255647
I20220210 12:52:04.984386 34690 runtime_context.cpp:29] DecreaseCounter constructing_actor_cnt, current val is 1655
I20220210 12:52:04.985776 34690 naive_actor.cpp:25] actor 2199023255581 switch to &NaiveActor::HandlerNormal
I20220210 12:52:04.985814 34690 thread.cpp:99] Thread 1048576 construct Actor kNormalForward 2199023255581
I20220210 12:52:04.985893 34690 runtime_context.cpp:29] DecreaseCounter constructing_actor_cnt, current val is 1654
I20220210 12:52:04.987216 34690 naive_actor.cpp:25] actor 2199023255560 switch to &NaiveActor::HandlerNormal
I20220210 12:52:04.987254 34690 thread.cpp:99] Thread 1048576 construct Actor kNormalForward 2199023255560
I20220210 12:52:04.987331 34690 runtime_context.cpp:29] DecreaseCounter constructing_actor_cnt, current val is 1653
I20220210 12:52:04.987634 34690 naive_actor.cpp:25] actor 2199023255590 switch to &NaiveActor::HandlerNormal
I20220210 12:52:04.987668 34690 thread.cpp:99] Thread 1048576 construct Actor kNormalForward 2199023255590
I20220210 12:52:04.987722 34690 runtime_context.cpp:29] DecreaseCounter constructing_actor_cnt, current val is 1652
I20220210 12:52:04.989035 34690 naive_actor.cpp:25] actor 2199023255588 switch to &NaiveActor::HandlerNormal
I20220210 12:52:04.989085 34690 thread.cpp:99] Thread 1048576 construct Actor kNormalForward 2199023255588
I20220210 12:52:04.989164 34690 runtime_context.cpp:29] DecreaseCounter constructing_actor_cnt, current val is 1651
I20220210 12:52:04.990411 34690 naive_actor.cpp:25] actor 2199023255655 switch to &NaiveActor::HandlerNormal
I20220210 12:52:04.990448 34690 thread.cpp:99] Thread 1048576 construct Actor kNormalForward 2199023255655
I20220210 12:52:04.990520 34690 runtime_context.cpp:29] DecreaseCounter constructing_actor_cnt, current val is 1650
I20220210 12:52:04.991183 34690 naive_actor.cpp:25] actor 2199023255621 switch to &NaiveActor::HandlerNormal
I20220210 12:52:04.991219 34690 thread.cpp:99] Thread 1048576 construct Actor kNormalForward 2199023255621
I20220210 12:52:04.991271 34690 runtime_context.cpp:29] DecreaseCounter constructing_actor_cnt, current val is 1649
I20220210 12:52:04.991566 34690 naive_actor.cpp:25] actor 2199023255649 switch to &NaiveActor::HandlerNormal
I20220210 12:52:04.991600 34690 thread.cpp:99] Thread 1048576 construct Actor kNormalForward 2199023255649
I20220210 12:52:04.991650 34690 runtime_context.cpp:29] DecreaseCounter constructing_actor_cnt, current val is 1648
I20220210 12:52:04.991917 34690 naive_actor.cpp:25] actor 2199023255661 switch to &NaiveActor::HandlerNormal
I20220210 12:52:04.991958 34690 thread.cpp:99] Thread 1048576 construct Actor kNormalForward 2199023255661
I20220210 12:52:04.992008 34690 runtime_context.cpp:29] DecreaseCounter constructing_actor_cnt, current val is 1647
I20220210 12:52:04.992283 34690 naive_actor.cpp:25] actor 2199023255638 switch to &NaiveActor::HandlerNormal
I20220210 12:52:04.992316 34690 thread.cpp:99] Thread 1048576 construct Actor kNormalForward 2199023255638
I20220210 12:52:04.992364 34690 runtime_context.cpp:29] DecreaseCounter constructing_actor_cnt, current val is 1646
I20220210 12:52:04.993227 34690 naive_actor.cpp:25] actor 2199023255643 switch to &NaiveActor::HandlerNormal
I20220210 12:52:04.993263 34690 thread.cpp:99] Thread 1048576 construct Actor kNormalForward 2199023255643
I20220210 12:52:04.993321 34690 runtime_context.cpp:29] DecreaseCounter constructing_actor_cnt, current val is 1645
I20220210 12:52:04.993602 34690 naive_actor.cpp:25] actor 2199023255645 switch to &NaiveActor::HandlerNormal
I20220210 12:52:04.993633 34690 thread.cpp:99] Thread 1048576 construct Actor kNormalForward 2199023255645
I20220210 12:52:04.993683 34690 runtime_context.cpp:29] DecreaseCounter constructing_actor_cnt, current val is 1644
I20220210 12:52:04.993960 34690 naive_actor.cpp:25] actor 2199023255653 switch to &NaiveActor::HandlerNormal
I20220210 12:52:04.993993 34690 thread.cpp:99] Thread 1048576 construct Actor kNormalForward 2199023255653
I20220210 12:52:04.994043 34690 runtime_context.cpp:29] DecreaseCounter constructing_actor_cnt, current val is 1643
I20220210 12:52:04.994319 34690 naive_actor.cpp:25] actor 2199023255609 switch to &NaiveActor::HandlerNormal
I20220210 12:52:04.994352 34690 thread.cpp:99] Thread 1048576 construct Actor kNormalForward 2199023255609
I20220210 12:52:04.994400 34690 runtime_context.cpp:29] DecreaseCounter constructing_actor_cnt, current val is 1642
I20220210 12:52:04.994666 34690 naive_actor.cpp:25] actor 2199023255627 switch to &NaiveActor::HandlerNormal
I20220210 12:52:04.994699 34690 thread.cpp:99] Thread 1048576 construct Actor kNormalForward 2199023255627
I20220210 12:52:04.994747 34690 runtime_context.cpp:29] DecreaseCounter constructing_actor_cnt, current val is 1641
I20220210 12:52:04.995026 34690 naive_actor.cpp:25] actor 2199023255665 switch to &NaiveActor::HandlerNormal
I20220210 12:52:04.995059 34690 thread.cpp:99] Thread 1048576 construct Actor kNormalForward 2199023255665
I20220210 12:52:04.995106 34690 runtime_context.cpp:29] DecreaseCounter constructing_actor_cnt, current val is 1640
I20220210 12:52:04.995748 34690 naive_actor.cpp:25] actor 2199023255668 switch to &NaiveActor::HandlerNormal
I20220210 12:52:04.995781 34690 thread.cpp:99] Thread 1048576 construct Actor kNormalForward 2199023255668
I20220210 12:52:04.995833 34690 runtime_context.cpp:29] DecreaseCounter constructing_actor_cnt, current val is 1639
I20220210 12:52:04.996127 34690 naive_actor.cpp:25] actor 2199023255636 switch to &NaiveActor::HandlerNormal
I20220210 12:52:04.996160 34690 thread.cpp:99] Thread 1048576 construct Actor kNormalForward 2199023255636
I20220210 12:52:04.996210 34690 runtime_context.cpp:29] DecreaseCounter constructing_actor_cnt, current val is 1638
I20220210 12:52:04.996479 34690 naive_actor.cpp:25] actor 2199023255657 switch to &NaiveActor::HandlerNormal
I20220210 12:52:04.996511 34690 thread.cpp:99] Thread 1048576 construct Actor kNormalForward 2199023255657
I20220210 12:52:04.996559 34690 runtime_context.cpp:29] DecreaseCounter constructing_actor_cnt, current val is 1637
