Log file created at: 2022/02/10 12:57:03
Running on machine: 3b2ab1d574b6
Running duration (h:mm:ss): 0:00:00
Log line format: [IWEF]yyyymmdd hh:mm:ss.uuuuuu threadid file:line] msg
I20220210 12:57:03.390952 36770 global.h:36] NewGlobal N7oneflow7EnvDescE
I20220210 12:57:03.391247 36770 global.h:36] NewGlobal N7oneflow10ProcessCtxE
I20220210 12:57:03.391264 36770 env_global_objects_scope.cpp:163] using rpc backend: local
I20220210 12:57:03.510788 36770 global.h:36] NewGlobal N7oneflow12ResourceDescE
I20220210 12:57:03.510880 36770 global.h:36] NewGlobal N7oneflow12ResourceDescE
I20220210 12:57:03.620482 36770 global.h:36] NewGlobal N7oneflow2ep21DeviceManagerRegistryE
I20220210 12:57:03.620513 36770 global.h:36] NewGlobal N7oneflow10ThreadPoolE
I20220210 12:57:03.622076 36770 global.h:36] NewGlobal N7oneflow16EagerNcclCommMgrE
I20220210 12:57:03.622099 36770 global.h:36] NewGlobal N7oneflow18CudnnConvAlgoCacheE
I20220210 12:57:03.622112 36770 global.h:36] NewGlobal N7oneflow2vm19VirtualMachineScopeE
I20220210 12:57:03.622125 36770 global.h:36] NewGlobal N7oneflow14VirtualMachineE
I20220210 12:57:03.622470 36770 virtual_machine.cpp:95] transport stream type: N7oneflow2vm13CpuStreamTypeE
I20220210 12:57:03.622488 36770 virtual_machine.cpp:95] transport stream type: N7oneflow2vm14CudaStreamTypeE
I20220210 12:57:03.622498 36770 virtual_machine.cpp:95] transport stream type: N7oneflow2vm19AsyncCudaStreamTypeE
I20220210 12:57:03.622777 36770 global.h:36] NewGlobal N7oneflow27EagerJobBuildAndInferCtxMgrE
I20220210 12:57:03.622797 36770 global.h:36] NewGlobal N7oneflow12EpollCommNetE
I20220210 12:57:03.623020 36770 epoll_comm_network.cpp:63] CommNet:Epoll listening on 0.0.0.0:33071
I20220210 12:57:03.623054 36770 epoll_comm_network.cpp:197] machine 0 sockfd -1
I20220210 12:57:03.623173 36770 global.h:36] NewGlobal N7oneflow9TransportE
I20220210 12:57:03.623267 36770 global.h:43] DeleteGlobal N7oneflow17ForeignLockHelperE
I20220210 12:57:03.623355 36770 global.h:36] NewGlobal N7oneflow25MultiClientSessionContextE
I20220210 12:57:10.942160 36770 version.cpp:22] OneFlow git version: cf2ce57
I20220210 12:57:10.942214 36770 cuda_device_manager_factory.cpp:63] CUDA runtime version: 10.2
I20220210 12:57:10.942234 36770 cuda_device_manager_factory.cpp:72] cuDNN version: 7.6.5
I20220210 12:57:10.942246 36770 cuda_device_manager_factory.cpp:85] NCCL version: 2.11.4
I20220210 12:57:10.942298 36770 global.h:43] DeleteGlobal N7oneflow12ResourceDescE
I20220210 12:57:10.942313 36770 global.h:36] NewGlobal N7oneflow12ResourceDescE
I20220210 12:57:10.942324 36770 global.h:36] NewGlobal N7oneflow5IDMgrE
I20220210 12:57:10.942339 36770 global.h:36] NewGlobal N7oneflow22TaskStreamIndexManagerE
I20220210 12:57:10.942351 36770 global.h:36] NewGlobal N7oneflow26LazyJobBuildAndInferCtxMgrE
I20220210 12:57:10.942363 36770 global.h:36] NewGlobal N7oneflow9BufferMgrISt10shared_ptrINS_11JobInstanceEEEE
I20220210 12:57:10.942373 36770 global.h:36] NewGlobal N7oneflow9BufferMgrISt10shared_ptrINS_23CriticalSectionInstanceEEEE
I20220210 12:57:10.942384 36770 global.h:36] NewGlobal N7oneflow10RuntimeCtxE
I20220210 12:57:10.942392 36770 global.h:36] NewGlobal N7oneflow15MemoryAllocatorE
I20220210 12:57:10.942402 36770 global.h:36] NewGlobal N7oneflow8ChunkMgrE
I20220210 12:57:10.942412 36770 global.h:36] NewGlobal N7oneflow8RegstMgrE
I20220210 12:57:10.942422 36770 global.h:36] NewGlobal N7oneflow11ActorMsgBusE
I20220210 12:57:10.942432 36770 global.h:36] NewGlobal N7oneflow9ThreadMgrE
I20220210 12:57:10.942441 36770 global.h:36] NewGlobal N7oneflow15RuntimeJobDescsE
I20220210 12:57:10.942451 36770 global.h:36] NewGlobal N7oneflow7summary12EventsWriterE
I20220210 12:57:10.942462 36770 global.h:36] NewGlobal N7oneflow6boxing10collective9SchedulerE
I20220210 12:57:11.011440 36770 global.h:36] NewGlobal N7oneflow7JobDescE
I20220210 12:57:11.538026 36770 global.h:43] DeleteGlobal N7oneflow7JobDescE
I20220210 12:57:11.538158 36770 global.h:36] NewGlobal N7oneflow7JobDescE
I20220210 12:57:11.551515 36770 global.h:36] NewGlobal N7oneflow7OpGraphE
I20220210 12:57:11.578332 36770 global.h:43] DeleteGlobal N7oneflow7OpGraphE
I20220210 12:57:11.692790 36770 auto_mixed_precision.cpp:146] Insert CastOp: model.backbone.layer3.5.conv2.weight-out-cast_f2h between model.backbone.layer3.5.conv2.weight/out
I20220210 12:57:11.692919 36770 auto_mixed_precision.cpp:146] Insert CastOp: model.backbone.layer3.0.conv1.weight-out-cast_f2h between model.backbone.layer3.0.conv1.weight/out
I20220210 12:57:11.693071 36770 auto_mixed_precision.cpp:146] Insert CastOp: model.backbone.layer3.4.conv2.weight-out-cast_f2h between model.backbone.layer3.4.conv2.weight/out
I20220210 12:57:11.693166 36770 auto_mixed_precision.cpp:146] Insert CastOp: model.backbone.layer3.1.conv1.weight-out-cast_f2h between model.backbone.layer3.1.conv1.weight/out
I20220210 12:57:11.693281 36770 auto_mixed_precision.cpp:146] Insert CastOp: model.backbone.layer2.0.conv2.weight-out-cast_f2h between model.backbone.layer2.0.conv2.weight/out
I20220210 12:57:11.693454 36770 auto_mixed_precision.cpp:146] Insert CastOp: model.backbone.layer3.13.conv2.weight-out-cast_f2h between model.backbone.layer3.13.conv2.weight/out
I20220210 12:57:11.693567 36770 auto_mixed_precision.cpp:146] Insert CastOp: model.backbone.layer3.1.conv2.weight-out-cast_f2h between model.backbone.layer3.1.conv2.weight/out
I20220210 12:57:11.693706 36770 auto_mixed_precision.cpp:146] Insert CastOp: model.backbone.layer1.2.conv2.weight-out-cast_f2h between model.backbone.layer1.2.conv2.weight/out
I20220210 12:57:11.693794 36770 auto_mixed_precision.cpp:146] Insert CastOp: model.backbone.layer1.1.conv2.weight-out-cast_f2h between model.backbone.layer1.1.conv2.weight/out
I20220210 12:57:11.693866 36770 auto_mixed_precision.cpp:146] Insert CastOp: model.backbone.layer3.11.conv2.weight-out-cast_f2h between model.backbone.layer3.11.conv2.weight/out
I20220210 12:57:11.693936 36770 auto_mixed_precision.cpp:146] Insert CastOp: model.backbone.layer3.0.conv2.weight-out-cast_f2h between model.backbone.layer3.0.conv2.weight/out
I20220210 12:57:11.694109 36770 auto_mixed_precision.cpp:146] Insert CastOp: model.backbone.layer3.4.conv1.weight-out-cast_f2h between model.backbone.layer3.4.conv1.weight/out
I20220210 12:57:11.694223 36770 auto_mixed_precision.cpp:146] Insert CastOp: model.fc-l2_normalize-185-y_0-cast_f2h between model.fc-l2_normalize-185/y_0
I20220210 12:57:11.694375 36770 auto_mixed_precision.cpp:146] Insert CastOp: model.backbone.layer3.9.conv2.weight-out-cast_f2h between model.backbone.layer3.9.conv2.weight/out
I20220210 12:57:11.694500 36770 auto_mixed_precision.cpp:146] Insert CastOp: model.backbone.layer3.8.conv1.weight-out-cast_f2h between model.backbone.layer3.8.conv1.weight/out
I20220210 12:57:11.694613 36770 auto_mixed_precision.cpp:146] Insert CastOp: model.backbone.layer2.3.conv1.weight-out-cast_f2h between model.backbone.layer2.3.conv1.weight/out
I20220210 12:57:11.694746 36770 auto_mixed_precision.cpp:146] Insert CastOp: model.backbone.layer2.1.conv2.weight-out-cast_f2h between model.backbone.layer2.1.conv2.weight/out
I20220210 12:57:11.694818 36770 auto_mixed_precision.cpp:146] Insert CastOp: model.backbone.layer2.3.conv2.weight-out-cast_f2h between model.backbone.layer2.3.conv2.weight/out
I20220210 12:57:11.695044 36770 auto_mixed_precision.cpp:146] Insert CastOp: model.backbone.layer3.9.conv1.weight-out-cast_f2h between model.backbone.layer3.9.conv1.weight/out
I20220210 12:57:11.695116 36770 auto_mixed_precision.cpp:146] Insert CastOp: model.backbone.layer3.0.downsample.0.weight-out-cast_f2h between model.backbone.layer3.0.downsample.0.weight/out
I20220210 12:57:11.695217 36770 auto_mixed_precision.cpp:146] Insert CastOp: model.backbone.layer3.5.conv1.weight-out-cast_f2h between model.backbone.layer3.5.conv1.weight/out
I20220210 12:57:11.695329 36770 auto_mixed_precision.cpp:146] Insert CastOp: model.backbone.layer3.6.conv1.weight-out-cast_f2h between model.backbone.layer3.6.conv1.weight/out
I20220210 12:57:11.695415 36770 auto_mixed_precision.cpp:146] Insert CastOp: model.backbone.layer2.2.conv2.weight-out-cast_f2h between model.backbone.layer2.2.conv2.weight/out
I20220210 12:57:11.695621 36770 auto_mixed_precision.cpp:146] Insert CastOp: model.backbone.conv1.weight-out-cast_f2h between model.backbone.conv1.weight/out
I20220210 12:57:11.695801 36770 auto_mixed_precision.cpp:146] Insert CastOp: model.backbone.layer2.1.conv1.weight-out-cast_f2h between model.backbone.layer2.1.conv1.weight/out
I20220210 12:57:11.696075 36770 auto_mixed_precision.cpp:146] Insert CastOp: model.backbone.layer2.0.conv1.weight-out-cast_f2h between model.backbone.layer2.0.conv1.weight/out
I20220210 12:57:11.696396 36770 auto_mixed_precision.cpp:146] Insert CastOp: model.backbone.layer1.1.conv1.weight-out-cast_f2h between model.backbone.layer1.1.conv1.weight/out
I20220210 12:57:11.696605 36770 auto_mixed_precision.cpp:146] Insert CastOp: model.backbone.layer3.8.conv2.weight-out-cast_f2h between model.backbone.layer3.8.conv2.weight/out
I20220210 12:57:11.696676 36770 auto_mixed_precision.cpp:146] Insert CastOp: model.backbone.layer4.0.conv2.weight-out-cast_f2h between model.backbone.layer4.0.conv2.weight/out
I20220210 12:57:11.696818 36770 auto_mixed_precision.cpp:146] Insert CastOp: model.backbone.layer2.0.downsample.0.weight-out-cast_f2h between model.backbone.layer2.0.downsample.0.weight/out
I20220210 12:57:11.696939 36770 auto_mixed_precision.cpp:146] Insert CastOp: model.fc-l2_normalize-184-y_0-cast_f2h between model.fc-l2_normalize-184/y_0
I20220210 12:57:11.697058 36770 auto_mixed_precision.cpp:146] Insert CastOp: model.backbone.layer4.0.downsample.0.weight-out-cast_f2h between model.backbone.layer4.0.downsample.0.weight/out
I20220210 12:57:11.697221 36770 auto_mixed_precision.cpp:146] Insert CastOp: model.backbone.layer3.10.conv1.weight-out-cast_f2h between model.backbone.layer3.10.conv1.weight/out
I20220210 12:57:11.697371 36770 auto_mixed_precision.cpp:146] Insert CastOp: model.backbone.layer3.3.conv2.weight-out-cast_f2h between model.backbone.layer3.3.conv2.weight/out
I20220210 12:57:11.697599 36770 auto_mixed_precision.cpp:146] Insert CastOp: model.backbone.layer4.2.conv1.weight-out-cast_f2h between model.backbone.layer4.2.conv1.weight/out
I20220210 12:57:11.697710 36770 auto_mixed_precision.cpp:146] Insert CastOp: model.backbone.fc.weight-out-cast_f2h between model.backbone.fc.weight/out
I20220210 12:57:11.697821 36770 auto_mixed_precision.cpp:146] Insert CastOp: model.backbone.layer3.12.conv1.weight-out-cast_f2h between model.backbone.layer3.12.conv1.weight/out
I20220210 12:57:11.698056 36770 auto_mixed_precision.cpp:146] Insert CastOp: model.backbone.layer3.7.conv2.weight-out-cast_f2h between model.backbone.layer3.7.conv2.weight/out
I20220210 12:57:11.698172 36770 auto_mixed_precision.cpp:146] Insert CastOp: model.backbone.layer4.1.conv1.weight-out-cast_f2h between model.backbone.layer4.1.conv1.weight/out
I20220210 12:57:11.698244 36770 auto_mixed_precision.cpp:146] Insert CastOp: model.backbone.layer4.0.conv1.weight-out-cast_f2h between model.backbone.layer4.0.conv1.weight/out
I20220210 12:57:11.698572 36770 auto_mixed_precision.cpp:146] Insert CastOp: model.backbone.layer3.2.conv2.weight-out-cast_f2h between model.backbone.layer3.2.conv2.weight/out
I20220210 12:57:11.698765 36770 auto_mixed_precision.cpp:146] Insert CastOp: model.backbone.layer3.7.conv1.weight-out-cast_f2h between model.backbone.layer3.7.conv1.weight/out
I20220210 12:57:11.698853 36770 auto_mixed_precision.cpp:146] Insert CastOp: model.backbone.layer4.2.conv2.weight-out-cast_f2h between model.backbone.layer4.2.conv2.weight/out
I20220210 12:57:11.698956 36770 auto_mixed_precision.cpp:146] Insert CastOp: model.backbone.layer3.12.conv2.weight-out-cast_f2h between model.backbone.layer3.12.conv2.weight/out
I20220210 12:57:11.699095 36770 auto_mixed_precision.cpp:146] Insert CastOp: model.backbone.layer3.3.conv1.weight-out-cast_f2h between model.backbone.layer3.3.conv1.weight/out
I20220210 12:57:11.699234 36770 auto_mixed_precision.cpp:146] Insert CastOp: model.backbone.layer3.11.conv1.weight-out-cast_f2h between model.backbone.layer3.11.conv1.weight/out
I20220210 12:57:11.699564 36770 auto_mixed_precision.cpp:146] Insert CastOp: model.backbone.layer1.2.conv1.weight-out-cast_f2h between model.backbone.layer1.2.conv1.weight/out
I20220210 12:57:11.699771 36770 auto_mixed_precision.cpp:146] Insert CastOp: model.backbone.layer3.13.conv1.weight-out-cast_f2h between model.backbone.layer3.13.conv1.weight/out
I20220210 12:57:11.699936 36770 auto_mixed_precision.cpp:146] Insert CastOp: model.backbone.layer4.1.conv2.weight-out-cast_f2h between model.backbone.layer4.1.conv2.weight/out
I20220210 12:57:11.700255 36770 auto_mixed_precision.cpp:146] Insert CastOp: model.backbone.layer1.0.conv1.weight-out-cast_f2h between model.backbone.layer1.0.conv1.weight/out
I20220210 12:57:11.700341 36770 auto_mixed_precision.cpp:146] Insert CastOp: model.backbone.layer3.10.conv2.weight-out-cast_f2h between model.backbone.layer3.10.conv2.weight/out
I20220210 12:57:11.700465 36770 auto_mixed_precision.cpp:146] Insert CastOp: model.backbone.layer3.6.conv2.weight-out-cast_f2h between model.backbone.layer3.6.conv2.weight/out
I20220210 12:57:11.700585 36770 auto_mixed_precision.cpp:146] Insert CastOp: data_loader.image-out-cast_f2h between data_loader.image/out
I20220210 12:57:11.700722 36770 auto_mixed_precision.cpp:146] Insert CastOp: model.backbone.layer1.0.conv2.weight-out-cast_f2h between model.backbone.layer1.0.conv2.weight/out
I20220210 12:57:11.700834 36770 auto_mixed_precision.cpp:146] Insert CastOp: model.backbone.layer1.0.downsample.0.weight-out-cast_f2h between model.backbone.layer1.0.downsample.0.weight/out
I20220210 12:57:11.700965 36770 auto_mixed_precision.cpp:146] Insert CastOp: model.backbone.layer2.2.conv1.weight-out-cast_f2h between model.backbone.layer2.2.conv1.weight/out
I20220210 12:57:11.701109 36770 auto_mixed_precision.cpp:146] Insert CastOp: model.backbone.layer3.2.conv1.weight-out-cast_f2h between model.backbone.layer3.2.conv1.weight/out
I20220210 12:57:11.702102 36770 auto_mixed_precision.cpp:146] Insert CastOp: model.backbone.fc-matmul-181-out_0-cast_h2f between model.backbone.fc-matmul-181/out_0
I20220210 12:57:11.702178 36770 auto_mixed_precision.cpp:146] Insert CastOp: model.fc-matmul-186-out_0-cast_h2f between model.fc-matmul-186/out_0
I20220210 12:57:14.588364 36770 global.h:43] DeleteGlobal N7oneflow7JobDescE
I20220210 12:57:14.857707 36770 global.h:36] NewGlobal N7oneflow7JobDescE
I20220210 12:57:18.209744 36770 global.h:36] NewGlobal N7oneflow7OpGraphE
I20220210 12:57:19.437513 36770 global.h:43] DeleteGlobal N7oneflow7OpGraphE
I20220210 12:57:19.558029 36770 nn_graph.cpp:225] 
job_id: 0 , job_name: TrainGraph_0 , compile time: 4.70006 seconds.
I20220210 12:57:20.192023 36770 plan_util.cpp:928]  Plan: TrainGraph_0 needs to allocate [ 3642.25 MiB ] device memory in Rank: 0 , Device: 0
I20220210 12:57:20.315196 36770 runtime_context.cpp:21] NewCounter constructing_actor_cnt 1744
I20220210 12:57:20.316052 37081 naive_actor.cpp:25] actor 1099536793600 switch to &NaiveActor::HandlerNormal
I20220210 12:57:20.316087 37081 thread.cpp:99] Thread 524300 construct Actor kDeviceTick 1099536793600
I20220210 12:57:20.316155 37081 runtime_context.cpp:29] DecreaseCounter constructing_actor_cnt, current val is 1743
I20220210 12:57:20.316411 37086 wait_and_send_ids_actor.cpp:53] actor 1099631165440 switch to &WaitAndSendIdsActor::HandlerWaitToStart
I20220210 12:57:20.316486 37086 thread.cpp:99] Thread 524345 construct Actor kWaitAndSendIds 1099631165440
I20220210 12:57:20.316619 37086 runtime_context.cpp:29] DecreaseCounter constructing_actor_cnt, current val is 1742
I20220210 12:57:20.340641 37064 naive_actor.cpp:25] actor 2199023257260 switch to &NaiveActor::HandlerNormal
I20220210 12:57:20.340699 37064 thread.cpp:99] Thread 1048576 construct Actor kDeviceTick 2199023257260
I20220210 12:57:20.340804 37064 runtime_context.cpp:29] DecreaseCounter constructing_actor_cnt, current val is 1741
I20220210 12:57:20.341032 37064 naive_actor.cpp:25] actor 2199023257262 switch to &NaiveActor::HandlerNormal
I20220210 12:57:20.341068 37064 thread.cpp:99] Thread 1048576 construct Actor kDeviceTick 2199023257262
I20220210 12:57:20.341114 37064 runtime_context.cpp:29] DecreaseCounter constructing_actor_cnt, current val is 1740
I20220210 12:57:20.388253 37064 naive_actor.cpp:25] actor 2199023255578 switch to &NaiveActor::HandlerNormal
I20220210 12:57:20.388330 37064 thread.cpp:99] Thread 1048576 construct Actor kNormalForward 2199023255578
I20220210 12:57:20.388435 37064 runtime_context.cpp:29] DecreaseCounter constructing_actor_cnt, current val is 1739
I20220210 12:57:20.388605 37076 naive_actor.cpp:25] actor 2199027449856 switch to &NaiveActor::HandlerNormal
I20220210 12:57:20.388650 37083 naive_actor.cpp:25] actor 2199025352705 switch to &NaiveActor::HandlerNormal
I20220210 12:57:20.388661 37076 thread.cpp:99] Thread 1048578 construct Actor kCopyHd 2199027449856
I20220210 12:57:20.388707 37083 thread.cpp:99] Thread 1048577 construct Actor kCopyHd 2199025352705
I20220210 12:57:20.388787 37076 runtime_context.cpp:29] DecreaseCounter constructing_actor_cnt, current val is 1738
I20220210 12:57:20.388809 37083 runtime_context.cpp:29] DecreaseCounter constructing_actor_cnt, current val is 1737
I20220210 12:57:20.389366 37085 sink_actor.cpp:21] actor 1099633262592 switch to &SinkActor::HandlerNormal
I20220210 12:57:20.389451 37085 thread.cpp:99] Thread 524346 construct Actor kCallbackNotify 1099633262592
I20220210 12:57:20.389474 37083 naive_actor.cpp:25] actor 2199025352706 switch to &NaiveActor::HandlerNormal
I20220210 12:57:20.389508 37071 naive_actor.cpp:25] actor 1099520016384 switch to &NaiveActor::HandlerNormal
I20220210 12:57:20.389523 37083 thread.cpp:99] Thread 1048577 construct Actor kCopyHd 2199025352706
I20220210 12:57:20.389489 37085 runtime_context.cpp:29] DecreaseCounter constructing_actor_cnt, current val is 1736
I20220210 12:57:20.389508 37066 naive_actor.cpp:25] actor 1099522113536 switch to &NaiveActor::HandlerNormal
I20220210 12:57:20.389604 37068 naive_actor.cpp:25] actor 1099511627776 switch to &NaiveActor::HandlerNormal
I20220210 12:57:20.389537 37071 thread.cpp:99] Thread 524292 construct Actor kNormalForward 1099520016384
I20220210 12:57:20.389647 37069 naive_actor.cpp:25] actor 1099515822080 switch to &NaiveActor::HandlerNormal
I20220210 12:57:20.389695 37071 runtime_context.cpp:29] DecreaseCounter constructing_actor_cnt, current val is 1734
I20220210 12:57:20.389494 37073 naive_actor.cpp:25] actor 1099513724928 switch to &NaiveActor::HandlerNormal
I20220210 12:57:20.389622 37066 thread.cpp:99] Thread 524293 construct Actor kNormalForward 1099522113536
I20220210 12:57:20.389745 37065 naive_actor.cpp:25] actor 1099528404992 switch to &NaiveActor::HandlerNormal
I20220210 12:57:20.389780 37078 naive_actor.cpp:25] actor 1099534696448 switch to &NaiveActor::HandlerNormal
I20220210 12:57:20.389813 37066 runtime_context.cpp:29] DecreaseCounter constructing_actor_cnt, current val is 1733
I20220210 12:57:20.389849 37079 naive_actor.cpp:25] actor 1099532599296 switch to &NaiveActor::HandlerNormal
I20220210 12:57:20.389732 37073 thread.cpp:99] Thread 524289 construct Actor kNormalForward 1099513724928
I20220210 12:57:20.389905 37079 thread.cpp:99] Thread 524298 construct Actor kNormalForward 1099532599296
I20220210 12:57:20.389937 37073 runtime_context.cpp:29] DecreaseCounter constructing_actor_cnt, current val is 1732
I20220210 12:57:20.389794 37065 thread.cpp:99] Thread 524296 construct Actor kNormalForward 1099528404992
I20220210 12:57:20.389989 37079 runtime_context.cpp:29] DecreaseCounter constructing_actor_cnt, current val is 1731
I20220210 12:57:20.389829 37078 thread.cpp:99] Thread 524299 construct Actor kDeviceTick 1099534696448
I20220210 12:57:20.390039 37065 runtime_context.cpp:29] DecreaseCounter constructing_actor_cnt, current val is 1730
I20220210 12:57:20.389657 37068 thread.cpp:99] Thread 524288 construct Actor kNormalForward 1099511627776
I20220210 12:57:20.390085 37078 runtime_context.cpp:29] DecreaseCounter constructing_actor_cnt, current val is 1729
I20220210 12:57:20.389580 37083 runtime_context.cpp:29] DecreaseCounter constructing_actor_cnt, current val is 1735
I20220210 12:57:20.389709 37069 thread.cpp:99] Thread 524290 construct Actor kNormalForward 1099515822080
I20220210 12:57:20.389664 37080 naive_actor.cpp:25] actor 1099629068295 switch to &NaiveActor::HandlerNormal
I20220210 12:57:20.390146 37068 runtime_context.cpp:29] DecreaseCounter constructing_actor_cnt, current val is 1728
I20220210 12:57:20.390221 37080 thread.cpp:99] Thread 524344 construct Actor kDstSubsetTick 1099629068295
I20220210 12:57:20.390223 37069 runtime_context.cpp:29] DecreaseCounter constructing_actor_cnt, current val is 1727
I20220210 12:57:20.390307 37080 runtime_context.cpp:29] DecreaseCounter constructing_actor_cnt, current val is 1726
I20220210 12:57:20.390460 37064 naive_actor.cpp:25] actor 2199023255568 switch to &NaiveActor::HandlerNormal
I20220210 12:57:20.390501 37070 naive_actor.cpp:25] actor 1099526307840 switch to &NaiveActor::HandlerNormal
I20220210 12:57:20.390460 37083 naive_actor.cpp:25] actor 2199025352704 switch to &NaiveActor::HandlerNormal
I20220210 12:57:20.390556 37072 naive_actor.cpp:25] actor 1099517919232 switch to &NaiveActor::HandlerNormal
I20220210 12:57:20.390570 37083 thread.cpp:99] Thread 1048577 construct Actor kCopyHd 2199025352704
I20220210 12:57:20.390542 37070 thread.cpp:99] Thread 524295 construct Actor kNormalForward 1099526307840
I20220210 12:57:20.390540 37084 naive_actor.cpp:25] actor 1099538890752 switch to &NaiveActor::HandlerNormal
I20220210 12:57:20.390630 37083 runtime_context.cpp:29] DecreaseCounter constructing_actor_cnt, current val is 1725
I20220210 12:57:20.390645 37084 thread.cpp:99] Thread 524301 construct Actor kNormalForward 1099538890752
I20220210 12:57:20.390645 37077 naive_actor.cpp:25] actor 1099635359744 switch to &NaiveActor::HandlerNormal
I20220210 12:57:20.390560 37087 naive_actor.cpp:25] actor 1099540987904 switch to &NaiveActor::HandlerNormal
I20220210 12:57:20.390596 37072 thread.cpp:99] Thread 524291 construct Actor kNormalForward 1099517919232
I20220210 12:57:20.390734 37087 thread.cpp:99] Thread 524302 construct Actor kNormalForward 1099540987904
I20220210 12:57:20.390655 37088 naive_actor.cpp:25] actor 1099637456896 switch to &NaiveActor::HandlerNormal
I20220210 12:57:20.390774 37067 naive_actor.cpp:25] actor 1099524210688 switch to &NaiveActor::HandlerNormal
I20220210 12:57:20.390700 37084 runtime_context.cpp:29] DecreaseCounter constructing_actor_cnt, current val is 1723
I20220210 12:57:20.390841 37067 thread.cpp:99] Thread 524294 construct Actor kNormalForward 1099524210688
I20220210 12:57:20.390708 37080 naive_actor.cpp:25] actor 1099629068291 switch to &NaiveActor::HandlerNormal
I20220210 12:57:20.390655 37070 runtime_context.cpp:29] DecreaseCounter constructing_actor_cnt, current val is 1724
I20220210 12:57:20.390919 37080 thread.cpp:99] Thread 524344 construct Actor kTick 1099629068291
I20220210 12:57:20.390931 37067 runtime_context.cpp:29] DecreaseCounter constructing_actor_cnt, current val is 1720
I20220210 12:57:20.390511 37064 thread.cpp:99] Thread 1048576 construct Actor kNormalForward 2199023255568
I20220210 12:57:20.390995 37080 runtime_context.cpp:29] DecreaseCounter constructing_actor_cnt, current val is 1719
I20220210 12:57:20.390805 37088 thread.cpp:99] Thread 524348 construct Actor kCriticalSectionWaitTick 1099637456896
I20220210 12:57:20.390700 37077 thread.cpp:99] Thread 524347 construct Actor kCriticalSectionWaitTick 1099635359744
I20220210 12:57:20.390785 37072 runtime_context.cpp:29] DecreaseCounter constructing_actor_cnt, current val is 1722
I20220210 12:57:20.391083 37088 runtime_context.cpp:29] DecreaseCounter constructing_actor_cnt, current val is 1717
I20220210 12:57:20.390784 37074 naive_actor.cpp:25] actor 1099530502144 switch to &NaiveActor::HandlerNormal
I20220210 12:57:20.391057 37064 runtime_context.cpp:29] DecreaseCounter constructing_actor_cnt, current val is 1718
I20220210 12:57:20.391149 37074 thread.cpp:99] Thread 524297 construct Actor kNormalForward 1099530502144
I20220210 12:57:20.391115 37077 runtime_context.cpp:29] DecreaseCounter constructing_actor_cnt, current val is 1716
I20220210 12:57:20.390805 37087 runtime_context.cpp:29] DecreaseCounter constructing_actor_cnt, current val is 1721
I20220210 12:57:20.391232 37074 runtime_context.cpp:29] DecreaseCounter constructing_actor_cnt, current val is 1715
I20220210 12:57:20.391403 37080 naive_actor.cpp:25] actor 1099629068290 switch to &NaiveActor::HandlerNormal
I20220210 12:57:20.391422 37064 naive_actor.cpp:25] actor 2199023255571 switch to &NaiveActor::HandlerNormal
I20220210 12:57:20.391440 37080 thread.cpp:99] Thread 524344 construct Actor kDstSubsetTick 1099629068290
I20220210 12:57:20.391465 37064 thread.cpp:99] Thread 1048576 construct Actor kNormalForward 2199023255571
I20220210 12:57:20.391526 37080 runtime_context.cpp:29] DecreaseCounter constructing_actor_cnt, current val is 1714
I20220210 12:57:20.391546 37064 runtime_context.cpp:29] DecreaseCounter constructing_actor_cnt, current val is 1713
I20220210 12:57:20.391824 37064 naive_actor.cpp:25] actor 2199023255624 switch to &NaiveActor::HandlerNormal
I20220210 12:57:20.391829 37080 naive_actor.cpp:25] actor 1099629068296 switch to &NaiveActor::HandlerNormal
I20220210 12:57:20.391861 37064 thread.cpp:99] Thread 1048576 construct Actor kNormalForward 2199023255624
I20220210 12:57:20.391898 37080 thread.cpp:99] Thread 524344 construct Actor kSrcSubsetTick 1099629068296
I20220210 12:57:20.391981 37064 runtime_context.cpp:29] DecreaseCounter constructing_actor_cnt, current val is 1712
I20220210 12:57:20.391996 37080 runtime_context.cpp:29] DecreaseCounter constructing_actor_cnt, current val is 1711
I20220210 12:57:20.392344 37080 naive_actor.cpp:25] actor 1099629068292 switch to &NaiveActor::HandlerNormal
I20220210 12:57:20.392375 37080 thread.cpp:99] Thread 524344 construct Actor kTick 1099629068292
I20220210 12:57:20.392421 37080 runtime_context.cpp:29] DecreaseCounter constructing_actor_cnt, current val is 1710
I20220210 12:57:20.392706 37080 naive_actor.cpp:25] actor 1099629068297 switch to &NaiveActor::HandlerNormal
I20220210 12:57:20.392736 37080 thread.cpp:99] Thread 524344 construct Actor kDstSubsetTick 1099629068297
I20220210 12:57:20.392784 37080 runtime_context.cpp:29] DecreaseCounter constructing_actor_cnt, current val is 1709
I20220210 12:57:20.393064 37080 naive_actor.cpp:25] actor 1099629068294 switch to &NaiveActor::HandlerNormal
I20220210 12:57:20.393095 37080 thread.cpp:99] Thread 524344 construct Actor kSrcSubsetTick 1099629068294
I20220210 12:57:20.393141 37080 runtime_context.cpp:29] DecreaseCounter constructing_actor_cnt, current val is 1708
I20220210 12:57:20.393296 37064 naive_actor.cpp:25] actor 2199023255600 switch to &NaiveActor::HandlerNormal
I20220210 12:57:20.393329 37064 thread.cpp:99] Thread 1048576 construct Actor kNormalForward 2199023255600
I20220210 12:57:20.393399 37064 runtime_context.cpp:29] DecreaseCounter constructing_actor_cnt, current val is 1707
I20220210 12:57:20.393410 37080 naive_actor.cpp:25] actor 1099629068289 switch to &NaiveActor::HandlerNormal
I20220210 12:57:20.393441 37080 thread.cpp:99] Thread 524344 construct Actor kTick 1099629068289
I20220210 12:57:20.393486 37080 runtime_context.cpp:29] DecreaseCounter constructing_actor_cnt, current val is 1706
I20220210 12:57:20.393657 37064 naive_actor.cpp:25] actor 2199023255563 switch to &NaiveActor::HandlerNormal
I20220210 12:57:20.393687 37064 thread.cpp:99] Thread 1048576 construct Actor kNormalForward 2199023255563
I20220210 12:57:20.393734 37064 runtime_context.cpp:29] DecreaseCounter constructing_actor_cnt, current val is 1705
I20220210 12:57:20.393757 37080 naive_actor.cpp:25] actor 1099629068288 switch to &NaiveActor::HandlerNormal
I20220210 12:57:20.393787 37080 thread.cpp:99] Thread 524344 construct Actor kSrcSubsetTick 1099629068288
I20220210 12:57:20.393833 37080 runtime_context.cpp:29] DecreaseCounter constructing_actor_cnt, current val is 1704
I20220210 12:57:20.394018 37064 naive_actor.cpp:25] actor 2199023255567 switch to &NaiveActor::HandlerNormal
I20220210 12:57:20.394047 37064 thread.cpp:99] Thread 1048576 construct Actor kNormalForward 2199023255567
I20220210 12:57:20.394094 37064 runtime_context.cpp:29] DecreaseCounter constructing_actor_cnt, current val is 1703
I20220210 12:57:20.394120 37080 naive_actor.cpp:25] actor 1099629068293 switch to &NaiveActor::HandlerNormal
I20220210 12:57:20.394160 37080 thread.cpp:99] Thread 524344 construct Actor kTick 1099629068293
I20220210 12:57:20.394207 37080 runtime_context.cpp:29] DecreaseCounter constructing_actor_cnt, current val is 1702
I20220210 12:57:20.394340 37064 naive_actor.cpp:25] actor 2199023255572 switch to &NaiveActor::HandlerNormal
I20220210 12:57:20.394368 37064 thread.cpp:99] Thread 1048576 construct Actor kNormalForward 2199023255572
I20220210 12:57:20.394415 37064 runtime_context.cpp:29] DecreaseCounter constructing_actor_cnt, current val is 1701
I20220210 12:57:20.394659 37064 naive_actor.cpp:25] actor 2199023255589 switch to &NaiveActor::HandlerNormal
I20220210 12:57:20.394687 37064 thread.cpp:99] Thread 1048576 construct Actor kNormalForward 2199023255589
I20220210 12:57:20.394732 37064 runtime_context.cpp:29] DecreaseCounter constructing_actor_cnt, current val is 1700
I20220210 12:57:20.394977 37064 naive_actor.cpp:25] actor 2199023255557 switch to &NaiveActor::HandlerNormal
I20220210 12:57:20.395006 37064 thread.cpp:99] Thread 1048576 construct Actor kNormalForward 2199023255557
I20220210 12:57:20.395054 37064 runtime_context.cpp:29] DecreaseCounter constructing_actor_cnt, current val is 1699
I20220210 12:57:20.395293 37064 naive_actor.cpp:25] actor 2199023255570 switch to &NaiveActor::HandlerNormal
I20220210 12:57:20.395323 37064 thread.cpp:99] Thread 1048576 construct Actor kNormalForward 2199023255570
I20220210 12:57:20.395367 37064 runtime_context.cpp:29] DecreaseCounter constructing_actor_cnt, current val is 1698
I20220210 12:57:20.395617 37064 naive_actor.cpp:25] actor 2199023255587 switch to &NaiveActor::HandlerNormal
I20220210 12:57:20.395646 37064 thread.cpp:99] Thread 1048576 construct Actor kNormalForward 2199023255587
I20220210 12:57:20.395691 37064 runtime_context.cpp:29] DecreaseCounter constructing_actor_cnt, current val is 1697
I20220210 12:57:20.396791 37064 naive_actor.cpp:25] actor 2199023255613 switch to &NaiveActor::HandlerNormal
I20220210 12:57:20.396823 37064 thread.cpp:99] Thread 1048576 construct Actor kNormalForward 2199023255613
I20220210 12:57:20.396889 37064 runtime_context.cpp:29] DecreaseCounter constructing_actor_cnt, current val is 1696
I20220210 12:57:20.397145 37064 naive_actor.cpp:25] actor 2199023255577 switch to &NaiveActor::HandlerNormal
I20220210 12:57:20.397173 37064 thread.cpp:99] Thread 1048576 construct Actor kNormalForward 2199023255577
I20220210 12:57:20.397222 37064 runtime_context.cpp:29] DecreaseCounter constructing_actor_cnt, current val is 1695
I20220210 12:57:20.397477 37064 naive_actor.cpp:25] actor 2199023255564 switch to &NaiveActor::HandlerNormal
I20220210 12:57:20.397506 37064 thread.cpp:99] Thread 1048576 construct Actor kNormalForward 2199023255564
I20220210 12:57:20.397553 37064 runtime_context.cpp:29] DecreaseCounter constructing_actor_cnt, current val is 1694
I20220210 12:57:20.398155 37064 naive_actor.cpp:25] actor 2199023255574 switch to &NaiveActor::HandlerNormal
I20220210 12:57:20.398182 37064 thread.cpp:99] Thread 1048576 construct Actor kNormalForward 2199023255574
I20220210 12:57:20.398221 37064 runtime_context.cpp:29] DecreaseCounter constructing_actor_cnt, current val is 1693
I20220210 12:57:20.398433 37064 naive_actor.cpp:25] actor 2199023255552 switch to &NaiveActor::HandlerNormal
I20220210 12:57:20.398458 37064 thread.cpp:99] Thread 1048576 construct Actor kNormalForward 2199023255552
I20220210 12:57:20.398499 37064 runtime_context.cpp:29] DecreaseCounter constructing_actor_cnt, current val is 1692
I20220210 12:57:20.398707 37064 naive_actor.cpp:25] actor 2199023255554 switch to &NaiveActor::HandlerNormal
I20220210 12:57:20.398731 37064 thread.cpp:99] Thread 1048576 construct Actor kNormalForward 2199023255554
I20220210 12:57:20.398770 37064 runtime_context.cpp:29] DecreaseCounter constructing_actor_cnt, current val is 1691
I20220210 12:57:20.399672 37064 naive_actor.cpp:25] actor 2199023255560 switch to &NaiveActor::HandlerNormal
I20220210 12:57:20.399698 37064 thread.cpp:99] Thread 1048576 construct Actor kNormalForward 2199023255560
I20220210 12:57:20.399756 37064 runtime_context.cpp:29] DecreaseCounter constructing_actor_cnt, current val is 1690
I20220210 12:57:20.399978 37064 naive_actor.cpp:25] actor 2199023255598 switch to &NaiveActor::HandlerNormal
I20220210 12:57:20.400003 37064 thread.cpp:99] Thread 1048576 construct Actor kNormalForward 2199023255598
I20220210 12:57:20.400043 37064 runtime_context.cpp:29] DecreaseCounter constructing_actor_cnt, current val is 1689
I20220210 12:57:20.400255 37064 naive_actor.cpp:25] actor 2199023255597 switch to &NaiveActor::HandlerNormal
I20220210 12:57:20.400278 37064 thread.cpp:99] Thread 1048576 construct Actor kNormalForward 2199023255597
I20220210 12:57:20.400315 37064 runtime_context.cpp:29] DecreaseCounter constructing_actor_cnt, current val is 1688
I20220210 12:57:20.400514 37064 naive_actor.cpp:25] actor 2199023255565 switch to &NaiveActor::HandlerNormal
I20220210 12:57:20.400538 37064 thread.cpp:99] Thread 1048576 construct Actor kNormalForward 2199023255565
I20220210 12:57:20.400579 37064 runtime_context.cpp:29] DecreaseCounter constructing_actor_cnt, current val is 1687
I20220210 12:57:20.400774 37064 naive_actor.cpp:25] actor 2199023255585 switch to &NaiveActor::HandlerNormal
I20220210 12:57:20.400797 37064 thread.cpp:99] Thread 1048576 construct Actor kNormalForward 2199023255585
I20220210 12:57:20.400835 37064 runtime_context.cpp:29] DecreaseCounter constructing_actor_cnt, current val is 1686
I20220210 12:57:20.401047 37064 naive_actor.cpp:25] actor 2199023255605 switch to &NaiveActor::HandlerNormal
I20220210 12:57:20.401072 37064 thread.cpp:99] Thread 1048576 construct Actor kNormalForward 2199023255605
I20220210 12:57:20.401106 37064 runtime_context.cpp:29] DecreaseCounter constructing_actor_cnt, current val is 1685
I20220210 12:57:20.401587 37064 naive_actor.cpp:25] actor 2199023255641 switch to &NaiveActor::HandlerNormal
I20220210 12:57:20.401612 37064 thread.cpp:99] Thread 1048576 construct Actor kNormalForward 2199023255641
I20220210 12:57:20.401650 37064 runtime_context.cpp:29] DecreaseCounter constructing_actor_cnt, current val is 1684
I20220210 12:57:20.401849 37064 naive_actor.cpp:25] actor 2199023255559 switch to &NaiveActor::HandlerNormal
I20220210 12:57:20.401875 37064 thread.cpp:99] Thread 1048576 construct Actor kNormalForward 2199023255559
I20220210 12:57:20.401912 37064 runtime_context.cpp:29] DecreaseCounter constructing_actor_cnt, current val is 1683
I20220210 12:57:20.402127 37064 naive_actor.cpp:25] actor 2199023255579 switch to &NaiveActor::HandlerNormal
I20220210 12:57:20.402151 37064 thread.cpp:99] Thread 1048576 construct Actor kNormalForward 2199023255579
I20220210 12:57:20.402189 37064 runtime_context.cpp:29] DecreaseCounter constructing_actor_cnt, current val is 1682
I20220210 12:57:20.403090 37064 naive_actor.cpp:25] actor 2199023255566 switch to &NaiveActor::HandlerNormal
I20220210 12:57:20.403115 37064 thread.cpp:99] Thread 1048576 construct Actor kNormalForward 2199023255566
I20220210 12:57:20.403170 37064 runtime_context.cpp:29] DecreaseCounter constructing_actor_cnt, current val is 1681
I20220210 12:57:20.403384 37064 naive_actor.cpp:25] actor 2199023255606 switch to &NaiveActor::HandlerNormal
I20220210 12:57:20.403409 37064 thread.cpp:99] Thread 1048576 construct Actor kNormalForward 2199023255606
I20220210 12:57:20.403445 37064 runtime_context.cpp:29] DecreaseCounter constructing_actor_cnt, current val is 1680
I20220210 12:57:20.403646 37064 naive_actor.cpp:25] actor 2199023255622 switch to &NaiveActor::HandlerNormal
I20220210 12:57:20.403671 37064 thread.cpp:99] Thread 1048576 construct Actor kNormalForward 2199023255622
I20220210 12:57:20.403708 37064 runtime_context.cpp:29] DecreaseCounter constructing_actor_cnt, current val is 1679
I20220210 12:57:20.404394 37064 naive_actor.cpp:25] actor 2199023255662 switch to &NaiveActor::HandlerNormal
I20220210 12:57:20.404422 37064 thread.cpp:99] Thread 1048576 construct Actor kNormalForward 2199023255662
I20220210 12:57:20.404464 37064 runtime_context.cpp:29] DecreaseCounter constructing_actor_cnt, current val is 1678
I20220210 12:57:20.404680 37064 naive_actor.cpp:25] actor 2199023255584 switch to &NaiveActor::HandlerNormal
I20220210 12:57:20.404703 37064 thread.cpp:99] Thread 1048576 construct Actor kNormalForward 2199023255584
I20220210 12:57:20.404740 37064 runtime_context.cpp:29] DecreaseCounter constructing_actor_cnt, current val is 1677
I20220210 12:57:20.405650 37064 naive_actor.cpp:25] actor 2199023255588 switch to &NaiveActor::HandlerNormal
I20220210 12:57:20.405678 37064 thread.cpp:99] Thread 1048576 construct Actor kNormalForward 2199023255588
I20220210 12:57:20.405730 37064 runtime_context.cpp:29] DecreaseCounter constructing_actor_cnt, current val is 1676
I20220210 12:57:20.406611 37064 naive_actor.cpp:25] actor 2199023255640 switch to &NaiveActor::HandlerNormal
I20220210 12:57:20.406637 37064 thread.cpp:99] Thread 1048576 construct Actor kNormalForward 2199023255640
I20220210 12:57:20.406690 37064 runtime_context.cpp:29] DecreaseCounter constructing_actor_cnt, current val is 1675
I20220210 12:57:20.406894 37064 naive_actor.cpp:25] actor 2199023255591 switch to &NaiveActor::HandlerNormal
I20220210 12:57:20.406919 37064 thread.cpp:99] Thread 1048576 construct Actor kNormalForward 2199023255591
I20220210 12:57:20.406965 37064 runtime_context.cpp:29] DecreaseCounter constructing_actor_cnt, current val is 1674
I20220210 12:57:20.407181 37064 naive_actor.cpp:25] actor 2199023255582 switch to &NaiveActor::HandlerNormal
I20220210 12:57:20.407204 37064 thread.cpp:99] Thread 1048576 construct Actor kNormalForward 2199023255582
I20220210 12:57:20.407240 37064 runtime_context.cpp:29] DecreaseCounter constructing_actor_cnt, current val is 1673
I20220210 12:57:20.407438 37064 naive_actor.cpp:25] actor 2199023255592 switch to &NaiveActor::HandlerNormal
I20220210 12:57:20.407462 37064 thread.cpp:99] Thread 1048576 construct Actor kNormalForward 2199023255592
I20220210 12:57:20.407500 37064 runtime_context.cpp:29] DecreaseCounter constructing_actor_cnt, current val is 1672
I20220210 12:57:20.407703 37064 naive_actor.cpp:25] actor 2199023255638 switch to &NaiveActor::HandlerNormal
I20220210 12:57:20.407727 37064 thread.cpp:99] Thread 1048576 construct Actor kNormalForward 2199023255638
I20220210 12:57:20.407765 37064 runtime_context.cpp:29] DecreaseCounter constructing_actor_cnt, current val is 1671
I20220210 12:57:20.408720 37064 naive_actor.cpp:25] actor 2199023255581 switch to &NaiveActor::HandlerNormal
I20220210 12:57:20.408747 37064 thread.cpp:99] Thread 1048576 construct Actor kNormalForward 2199023255581
I20220210 12:57:20.408802 37064 runtime_context.cpp:29] DecreaseCounter constructing_actor_cnt, current val is 1670
I20220210 12:57:20.409302 37064 naive_actor.cpp:25] actor 2199023255601 switch to &NaiveActor::HandlerNormal
I20220210 12:57:20.409327 37064 thread.cpp:99] Thread 1048576 construct Actor kNormalForward 2199023255601
I20220210 12:57:20.409365 37064 runtime_context.cpp:29] DecreaseCounter constructing_actor_cnt, current val is 1669
I20220210 12:57:20.409623 37064 naive_actor.cpp:25] actor 2199023255594 switch to &NaiveActor::HandlerNormal
I20220210 12:57:20.409646 37064 thread.cpp:99] Thread 1048576 construct Actor kNormalForward 2199023255594
I20220210 12:57:20.409682 37064 runtime_context.cpp:29] DecreaseCounter constructing_actor_cnt, current val is 1668
I20220210 12:57:20.409873 37064 naive_actor.cpp:25] actor 2199023255604 switch to &NaiveActor::HandlerNormal
I20220210 12:57:20.409895 37064 thread.cpp:99] Thread 1048576 construct Actor kNormalForward 2199023255604
I20220210 12:57:20.409932 37064 runtime_context.cpp:29] DecreaseCounter constructing_actor_cnt, current val is 1667
I20220210 12:57:20.410140 37064 naive_actor.cpp:25] actor 2199023255596 switch to &NaiveActor::HandlerNormal
I20220210 12:57:20.410163 37064 thread.cpp:99] Thread 1048576 construct Actor kNormalForward 2199023255596
I20220210 12:57:20.410199 37064 runtime_context.cpp:29] DecreaseCounter constructing_actor_cnt, current val is 1666
I20220210 12:57:20.410651 37064 naive_actor.cpp:25] actor 2199023255561 switch to &NaiveActor::HandlerNormal
I20220210 12:57:20.410683 37064 thread.cpp:99] Thread 1048576 construct Actor kNormalForward 2199023255561
I20220210 12:57:20.410722 37064 runtime_context.cpp:29] DecreaseCounter constructing_actor_cnt, current val is 1665
I20220210 12:57:20.410920 37064 naive_actor.cpp:25] actor 2199023255562 switch to &NaiveActor::HandlerNormal
I20220210 12:57:20.410951 37064 thread.cpp:99] Thread 1048576 construct Actor kNormalForward 2199023255562
I20220210 12:57:20.410988 37064 runtime_context.cpp:29] DecreaseCounter constructing_actor_cnt, current val is 1664
I20220210 12:57:20.411185 37064 naive_actor.cpp:25] actor 2199023255602 switch to &NaiveActor::HandlerNormal
I20220210 12:57:20.411207 37064 thread.cpp:99] Thread 1048576 construct Actor kNormalForward 2199023255602
I20220210 12:57:20.411248 37064 runtime_context.cpp:29] DecreaseCounter constructing_actor_cnt, current val is 1663
I20220210 12:57:20.411458 37064 naive_actor.cpp:25] actor 2199023255618 switch to &NaiveActor::HandlerNormal
I20220210 12:57:20.411481 37064 thread.cpp:99] Thread 1048576 construct Actor kNormalForward 2199023255618
I20220210 12:57:20.411517 37064 runtime_context.cpp:29] DecreaseCounter constructing_actor_cnt, current val is 1662
I20220210 12:57:20.412540 37064 naive_actor.cpp:25] actor 2199023255593 switch to &NaiveActor::HandlerNormal
I20220210 12:57:20.412567 37064 thread.cpp:99] Thread 1048576 construct Actor kNormalForward 2199023255593
I20220210 12:57:20.412617 37064 runtime_context.cpp:29] DecreaseCounter constructing_actor_cnt, current val is 1661
I20220210 12:57:20.412827 37064 naive_actor.cpp:25] actor 2199023255607 switch to &NaiveActor::HandlerNormal
I20220210 12:57:20.412851 37064 thread.cpp:99] Thread 1048576 construct Actor kNormalForward 2199023255607
I20220210 12:57:20.412889 37064 runtime_context.cpp:29] DecreaseCounter constructing_actor_cnt, current val is 1660
I20220210 12:57:20.413763 37064 naive_actor.cpp:25] actor 2199023255573 switch to &NaiveActor::HandlerNormal
I20220210 12:57:20.413789 37064 thread.cpp:99] Thread 1048576 construct Actor kNormalForward 2199023255573
I20220210 12:57:20.413842 37064 runtime_context.cpp:29] DecreaseCounter constructing_actor_cnt, current val is 1659
I20220210 12:57:20.414057 37064 naive_actor.cpp:25] actor 2199023255569 switch to &NaiveActor::HandlerNormal
I20220210 12:57:20.414083 37064 thread.cpp:99] Thread 1048576 construct Actor kNormalForward 2199023255569
I20220210 12:57:20.414119 37064 runtime_context.cpp:29] DecreaseCounter constructing_actor_cnt, current val is 1658
I20220210 12:57:20.414314 37064 naive_actor.cpp:25] actor 2199023255629 switch to &NaiveActor::HandlerNormal
I20220210 12:57:20.414336 37064 thread.cpp:99] Thread 1048576 construct Actor kNormalForward 2199023255629
I20220210 12:57:20.414372 37064 runtime_context.cpp:29] DecreaseCounter constructing_actor_cnt, current val is 1657
I20220210 12:57:20.414577 37064 naive_actor.cpp:25] actor 2199023255634 switch to &NaiveActor::HandlerNormal
I20220210 12:57:20.414602 37064 thread.cpp:99] Thread 1048576 construct Actor kNormalForward 2199023255634
I20220210 12:57:20.414638 37064 runtime_context.cpp:29] DecreaseCounter constructing_actor_cnt, current val is 1656
I20220210 12:57:20.414835 37064 naive_actor.cpp:25] actor 2199023255685 switch to &NaiveActor::HandlerNormal
I20220210 12:57:20.414858 37064 thread.cpp:99] Thread 1048576 construct Actor kNormalForward 2199023255685
I20220210 12:57:20.414896 37064 runtime_context.cpp:29] DecreaseCounter constructing_actor_cnt, current val is 1655
I20220210 12:57:20.415107 37064 naive_actor.cpp:25] actor 2199023255599 switch to &NaiveActor::HandlerNormal
I20220210 12:57:20.415130 37064 thread.cpp:99] Thread 1048576 construct Actor kNormalForward 2199023255599
I20220210 12:57:20.415167 37064 runtime_context.cpp:29] DecreaseCounter constructing_actor_cnt, current val is 1654
I20220210 12:57:20.415776 37064 naive_actor.cpp:25] actor 2199023255603 switch to &NaiveActor::HandlerNormal
I20220210 12:57:20.415802 37064 thread.cpp:99] Thread 1048576 construct Actor kNormalForward 2199023255603
I20220210 12:57:20.415850 37064 runtime_context.cpp:29] DecreaseCounter constructing_actor_cnt, current val is 1653
I20220210 12:57:20.416060 37064 naive_actor.cpp:25] actor 2199023255580 switch to &NaiveActor::HandlerNormal
I20220210 12:57:20.416085 37064 thread.cpp:99] Thread 1048576 construct Actor kNormalForward 2199023255580
I20220210 12:57:20.416121 37064 runtime_context.cpp:29] DecreaseCounter constructing_actor_cnt, current val is 1652
I20220210 12:57:20.416323 37064 naive_actor.cpp:25] actor 2199023255627 switch to &NaiveActor::HandlerNormal
I20220210 12:57:20.416347 37064 thread.cpp:99] Thread 1048576 construct Actor kNormalForward 2199023255627
I20220210 12:57:20.416383 37064 runtime_context.cpp:29] DecreaseCounter constructing_actor_cnt, current val is 1651
I20220210 12:57:20.416575 37064 naive_actor.cpp:25] actor 2199023255636 switch to &NaiveActor::HandlerNormal
I20220210 12:57:20.416599 37064 thread.cpp:99] Thread 1048576 construct Actor kNormalForward 2199023255636
I20220210 12:57:20.416635 37064 runtime_context.cpp:29] DecreaseCounter constructing_actor_cnt, current val is 1650
I20220210 12:57:20.417517 37064 naive_actor.cpp:25] actor 2199023255680 switch to &NaiveActor::HandlerNormal
I20220210 12:57:20.417544 37064 thread.cpp:99] Thread 1048576 construct Actor kNormalForward 2199023255680
I20220210 12:57:20.417598 37064 runtime_context.cpp:29] DecreaseCounter constructing_actor_cnt, current val is 1649
I20220210 12:57:20.417809 37064 naive_actor.cpp:25] actor 2199023255656 switch to &NaiveActor::HandlerNormal
I20220210 12:57:20.417834 37064 thread.cpp:99] Thread 1048576 construct Actor kNormalForward 2199023255656
I20220210 12:57:20.417870 37064 runtime_context.cpp:29] DecreaseCounter constructing_actor_cnt, current val is 1648
I20220210 12:57:20.418093 37064 naive_actor.cpp:25] actor 2199023255619 switch to &NaiveActor::HandlerNormal
I20220210 12:57:20.418118 37064 thread.cpp:99] Thread 1048576 construct Actor kNormalForward 2199023255619
I20220210 12:57:20.418152 37064 runtime_context.cpp:29] DecreaseCounter constructing_actor_cnt, current val is 1647
I20220210 12:57:20.418812 37064 naive_actor.cpp:25] actor 2199023255623 switch to &NaiveActor::HandlerNormal
I20220210 12:57:20.418838 37064 thread.cpp:99] Thread 1048576 construct Actor kNormalForward 2199023255623
I20220210 12:57:20.418879 37064 runtime_context.cpp:29] DecreaseCounter constructing_actor_cnt, current val is 1646
I20220210 12:57:20.419090 37064 naive_actor.cpp:25] actor 2199023255645 switch to &NaiveActor::HandlerNormal
I20220210 12:57:20.419116 37064 thread.cpp:99] Thread 1048576 construct Actor kNormalForward 2199023255645
I20220210 12:57:20.419150 37064 runtime_context.cpp:29] DecreaseCounter constructing_actor_cnt, current val is 1645
I20220210 12:57:20.420078 37064 naive_actor.cpp:25] actor 2199023255628 switch to &NaiveActor::HandlerNormal
I20220210 12:57:20.420105 37064 thread.cpp:99] Thread 1048576 construct Actor kNormalForward 2199023255628
I20220210 12:57:20.420157 37064 runtime_context.cpp:29] DecreaseCounter constructing_actor_cnt, current val is 1644
I20220210 12:57:20.420372 37064 naive_actor.cpp:25] actor 2199023255626 switch to &NaiveActor::HandlerNormal
I20220210 12:57:20.420394 37064 thread.cpp:99] Thread 1048576 construct Actor kNormalForward 2199023255626
I20220210 12:57:20.420429 37064 runtime_context.cpp:29] DecreaseCounter constructing_actor_cnt, current val is 1643
I20220210 12:57:20.420621 37064 naive_actor.cpp:25] actor 2199023255590 switch to &NaiveActor::HandlerNormal
I20220210 12:57:20.420644 37064 thread.cpp:99] Thread 1048576 construct Actor kNormalForward 2199023255590
I20220210 12:57:20.420678 37064 runtime_context.cpp:29] DecreaseCounter constructing_actor_cnt, current val is 1642
I20220210 12:57:20.421283 37064 naive_actor.cpp:25] actor 2199023255643 switch to &NaiveActor::HandlerNormal
I20220210 12:57:20.421306 37064 thread.cpp:99] Thread 1048576 construct Actor kNormalForward 2199023255643
I20220210 12:57:20.421346 37064 runtime_context.cpp:29] DecreaseCounter constructing_actor_cnt, current val is 1641
I20220210 12:57:20.421547 37064 naive_actor.cpp:25] actor 2199023255669 switch to &NaiveActor::HandlerNormal
I20220210 12:57:20.421571 37064 thread.cpp:99] Thread 1048576 construct Actor kNormalForward 2199023255669
I20220210 12:57:20.421605 37064 runtime_context.cpp:29] DecreaseCounter constructing_actor_cnt, current val is 1640
I20220210 12:57:20.421793 37064 naive_actor.cpp:25] actor 2199023255699 switch to &NaiveActor::HandlerNormal
I20220210 12:57:20.421816 37064 thread.cpp:99] Thread 1048576 construct Actor kNormalForward 2199023255699
I20220210 12:57:20.421850 37064 runtime_context.cpp:29] DecreaseCounter constructing_actor_cnt, current val is 1639
